<?xml version="1.0" encoding="ISO-8859-1" ?>
<link_info>
   <banner>TMS320C2000 Linker PC v20.2.5.LTS</banner>
   <copyright>Copyright (c) 1996-2018 Texas Instruments Incorporated</copyright>
   <link_time>0x61eaf2ff</link_time>
   <link_errors>0x0</link_errors>
   <output_file>generator.out</output_file>
   <entry_point>
      <name>_c_int00</name>
      <address>0x89641</address>
   </entry_point>
   <input_file_list>
      <input_file id="fl-2">
         <path>.\</path>
         <kind>object</kind>
         <file>F2837xS_CodeStartBranch.obj</file>
         <name>F2837xS_CodeStartBranch.obj</name>
      </input_file>
      <input_file id="fl-3">
         <path>.\</path>
         <kind>object</kind>
         <file>F2837xS_CpuTimers.obj</file>
         <name>F2837xS_CpuTimers.obj</name>
      </input_file>
      <input_file id="fl-4">
         <path>.\</path>
         <kind>object</kind>
         <file>F2837xS_GlobalVariableDefs.obj</file>
         <name>F2837xS_GlobalVariableDefs.obj</name>
      </input_file>
      <input_file id="fl-5">
         <path>.\</path>
         <kind>object</kind>
         <file>F2837xS_Gpio.obj</file>
         <name>F2837xS_Gpio.obj</name>
      </input_file>
      <input_file id="fl-6">
         <path>.\</path>
         <kind>object</kind>
         <file>F2837xS_SysCtrl.obj</file>
         <name>F2837xS_SysCtrl.obj</name>
      </input_file>
      <input_file id="fl-7">
         <path>.\</path>
         <kind>object</kind>
         <file>F2837xS_usDelay.obj</file>
         <name>F2837xS_usDelay.obj</name>
      </input_file>
      <input_file id="fl-8">
         <path>.\</path>
         <kind>object</kind>
         <file>gui.obj</file>
         <name>gui.obj</name>
      </input_file>
      <input_file id="fl-9">
         <path>.\</path>
         <kind>object</kind>
         <file>main.obj</file>
         <name>main.obj</name>
      </input_file>
      <input_file id="fl-d">
         <path>C:\Users\Fabbio\workspace_v10\generator\Debug\configPkg\package\cfg\</path>
         <kind>object</kind>
         <file>app_p28FP.o28FP</file>
         <name>app_p28FP.o28FP</name>
      </input_file>
      <input_file id="fl-14">
         <kind>object</kind>
         <file>&lt;internal&gt;</file>
         <name>&lt;internal&gt;</name>
      </input_file>
      <input_file id="fl-15">
         <path>C:\Users\Fabbio\workspace_v10\generator\src\sysbios\</path>
         <kind>archive</kind>
         <file>sysbios.a28FP</file>
         <name>BIOS.obj</name>
      </input_file>
      <input_file id="fl-16">
         <path>C:\Users\Fabbio\workspace_v10\generator\src\sysbios\</path>
         <kind>archive</kind>
         <file>sysbios.a28FP</file>
         <name>c28_Hwi_asm.obj</name>
      </input_file>
      <input_file id="fl-17">
         <path>C:\Users\Fabbio\workspace_v10\generator\src\sysbios\</path>
         <kind>archive</kind>
         <file>sysbios.a28FP</file>
         <name>c28_Hwi_disp_asm.obj</name>
      </input_file>
      <input_file id="fl-18">
         <path>C:\Users\Fabbio\workspace_v10\generator\src\sysbios\</path>
         <kind>archive</kind>
         <file>sysbios.a28FP</file>
         <name>c28_IntrinsicsSupport_asm.obj</name>
      </input_file>
      <input_file id="fl-19">
         <path>C:\Users\Fabbio\workspace_v10\generator\src\sysbios\</path>
         <kind>archive</kind>
         <file>sysbios.a28FP</file>
         <name>c28_TaskSupport_asm.obj</name>
      </input_file>
      <input_file id="fl-1a">
         <path>C:\ti\bios_6_83_00_18\packages\ti\targets\rts2800\lib\</path>
         <kind>archive</kind>
         <file>ti.targets.rts2800.a28FP</file>
         <name>Assert.o28FP</name>
      </input_file>
      <input_file id="fl-1b">
         <path>C:\ti\bios_6_83_00_18\packages\ti\targets\rts2800\lib\</path>
         <kind>archive</kind>
         <file>ti.targets.rts2800.a28FP</file>
         <name>Core-mem.o28FP</name>
      </input_file>
      <input_file id="fl-1c">
         <path>C:\ti\bios_6_83_00_18\packages\ti\targets\rts2800\lib\</path>
         <kind>archive</kind>
         <file>ti.targets.rts2800.a28FP</file>
         <name>Core-smem.o28FP</name>
      </input_file>
      <input_file id="fl-1d">
         <path>C:\ti\bios_6_83_00_18\packages\ti\targets\rts2800\lib\</path>
         <kind>archive</kind>
         <file>ti.targets.rts2800.a28FP</file>
         <name>Core-params.o28FP</name>
      </input_file>
      <input_file id="fl-1e">
         <path>C:\ti\bios_6_83_00_18\packages\ti\targets\rts2800\lib\</path>
         <kind>archive</kind>
         <file>ti.targets.rts2800.a28FP</file>
         <name>Error.o28FP</name>
      </input_file>
      <input_file id="fl-1f">
         <path>C:\ti\bios_6_83_00_18\packages\ti\targets\rts2800\lib\</path>
         <kind>archive</kind>
         <file>ti.targets.rts2800.a28FP</file>
         <name>Gate.o28FP</name>
      </input_file>
      <input_file id="fl-20">
         <path>C:\ti\bios_6_83_00_18\packages\ti\targets\rts2800\lib\</path>
         <kind>archive</kind>
         <file>ti.targets.rts2800.a28FP</file>
         <name>HeapStd.o28FP</name>
      </input_file>
      <input_file id="fl-21">
         <path>C:\ti\bios_6_83_00_18\packages\ti\targets\rts2800\lib\</path>
         <kind>archive</kind>
         <file>ti.targets.rts2800.a28FP</file>
         <name>LoggerBuf.o28FP</name>
      </input_file>
      <input_file id="fl-22">
         <path>C:\ti\bios_6_83_00_18\packages\ti\targets\rts2800\lib\</path>
         <kind>archive</kind>
         <file>ti.targets.rts2800.a28FP</file>
         <name>Memory.o28FP</name>
      </input_file>
      <input_file id="fl-23">
         <path>C:\ti\bios_6_83_00_18\packages\ti\targets\rts2800\lib\</path>
         <kind>archive</kind>
         <file>ti.targets.rts2800.a28FP</file>
         <name>Startup.o28FP</name>
      </input_file>
      <input_file id="fl-24">
         <path>C:\ti\bios_6_83_00_18\packages\ti\targets\rts2800\lib\</path>
         <kind>archive</kind>
         <file>ti.targets.rts2800.a28FP</file>
         <name>System.o28FP</name>
      </input_file>
      <input_file id="fl-25">
         <path>C:\ti\bios_6_83_00_18\packages\ti\targets\rts2800\lib\</path>
         <kind>archive</kind>
         <file>ti.targets.rts2800.a28FP</file>
         <name>SysMin.o28FP</name>
      </input_file>
      <input_file id="fl-26">
         <path>C:\ti\bios_6_83_00_18\packages\ti\targets\rts2800\lib\</path>
         <kind>archive</kind>
         <file>ti.targets.rts2800.a28FP</file>
         <name>Text.o28FP</name>
      </input_file>
      <input_file id="fl-27">
         <path>C:\ti\bios_6_83_00_18\packages\ti\targets\rts2800\lib\</path>
         <kind>archive</kind>
         <file>ti.targets.rts2800.a28FP</file>
         <name>xdc_noinit.o28FP</name>
      </input_file>
      <input_file id="fl-28">
         <path>C:\ti\bios_6_83_00_18\packages\ti\targets\rts2800\lib\</path>
         <kind>archive</kind>
         <file>ti.targets.rts2800.a28FP</file>
         <name>Log.o28FP</name>
      </input_file>
      <input_file id="fl-29">
         <path>C:\ti\bios_6_83_00_18\packages\ti\targets\rts2800\lib\</path>
         <kind>archive</kind>
         <file>ti.targets.rts2800.a28FP</file>
         <name>Registry.o28FP</name>
      </input_file>
      <input_file id="fl-2a">
         <path>C:\ti\bios_6_83_00_18\packages\ti\targets\rts2800\lib\</path>
         <kind>archive</kind>
         <file>boot.a28FP</file>
         <name>boot_cg.o28FP</name>
      </input_file>
      <input_file id="fl-2b">
         <path>C:\ti\bios_6_83_00_18\packages\ti\catalog\c2800\initF2837x\lib\</path>
         <kind>archive</kind>
         <file>Boot.a28FP</file>
         <name>Boot.o28FP</name>
      </input_file>
      <input_file id="fl-2c">
         <path>C:\ti\bios_6_83_00_18\packages\ti\catalog\c2800\initF2837x\lib\</path>
         <kind>archive</kind>
         <file>Boot.a28FP</file>
         <name>Boot_asm.o28FP</name>
      </input_file>
      <input_file id="fl-38">
         <path>C:\ti\ccs1040\ccs\tools\compiler\ti-cgt-c2000_20.2.5.LTS\lib\</path>
         <kind>archive</kind>
         <file>rts2800_fpu32.lib</file>
         <name>e_powf.c.obj</name>
      </input_file>
      <input_file id="fl-39">
         <path>C:\ti\ccs1040\ccs\tools\compiler\ti-cgt-c2000_20.2.5.LTS\lib\</path>
         <kind>archive</kind>
         <file>rts2800_fpu32.lib</file>
         <name>e_sqrtf.c.obj</name>
      </input_file>
      <input_file id="fl-3a">
         <path>C:\ti\ccs1040\ccs\tools\compiler\ti-cgt-c2000_20.2.5.LTS\lib\</path>
         <kind>archive</kind>
         <file>rts2800_fpu32.lib</file>
         <name>s_floorf.c.obj</name>
      </input_file>
      <input_file id="fl-3b">
         <path>C:\ti\ccs1040\ccs\tools\compiler\ti-cgt-c2000_20.2.5.LTS\lib\</path>
         <kind>archive</kind>
         <file>rts2800_fpu32.lib</file>
         <name>s_scalbnf.c.obj</name>
      </input_file>
      <input_file id="fl-3c">
         <path>C:\ti\ccs1040\ccs\tools\compiler\ti-cgt-c2000_20.2.5.LTS\lib\</path>
         <kind>archive</kind>
         <file>rts2800_fpu32.lib</file>
         <name>fd_add28.asm.obj</name>
      </input_file>
      <input_file id="fl-3d">
         <path>C:\ti\ccs1040\ccs\tools\compiler\ti-cgt-c2000_20.2.5.LTS\lib\</path>
         <kind>archive</kind>
         <file>rts2800_fpu32.lib</file>
         <name>fs_div28.asm.obj</name>
      </input_file>
      <input_file id="fl-3e">
         <path>C:\ti\ccs1040\ccs\tools\compiler\ti-cgt-c2000_20.2.5.LTS\lib\</path>
         <kind>archive</kind>
         <file>rts2800_fpu32.lib</file>
         <name>ll_div28.asm.obj</name>
      </input_file>
      <input_file id="fl-3f">
         <path>C:\ti\ccs1040\ccs\tools\compiler\ti-cgt-c2000_20.2.5.LTS\lib\</path>
         <kind>archive</kind>
         <file>rts2800_fpu32.lib</file>
         <name>fs_tofdfpu32.asm.obj</name>
      </input_file>
      <input_file id="fl-40">
         <path>C:\ti\ccs1040\ccs\tools\compiler\ti-cgt-c2000_20.2.5.LTS\lib\</path>
         <kind>archive</kind>
         <file>rts2800_fpu32.lib</file>
         <name>fd_tofsfpu32.asm.obj</name>
      </input_file>
      <input_file id="fl-41">
         <path>C:\ti\ccs1040\ccs\tools\compiler\ti-cgt-c2000_20.2.5.LTS\lib\</path>
         <kind>archive</kind>
         <file>rts2800_fpu32.lib</file>
         <name>fd_div28.asm.obj</name>
      </input_file>
      <input_file id="fl-42">
         <path>C:\ti\ccs1040\ccs\tools\compiler\ti-cgt-c2000_20.2.5.LTS\lib\</path>
         <kind>archive</kind>
         <file>rts2800_fpu32.lib</file>
         <name>cpy_tbl.c.obj</name>
      </input_file>
      <input_file id="fl-43">
         <path>C:\ti\ccs1040\ccs\tools\compiler\ti-cgt-c2000_20.2.5.LTS\lib\</path>
         <kind>archive</kind>
         <file>rts2800_fpu32.lib</file>
         <name>memcpy.c.obj</name>
      </input_file>
      <input_file id="fl-44">
         <path>C:\ti\ccs1040\ccs\tools\compiler\ti-cgt-c2000_20.2.5.LTS\lib\</path>
         <kind>archive</kind>
         <file>rts2800_fpu32.lib</file>
         <name>pre_init.c.obj</name>
      </input_file>
      <input_file id="fl-45">
         <path>C:\ti\ccs1040\ccs\tools\compiler\ti-cgt-c2000_20.2.5.LTS\lib\</path>
         <kind>archive</kind>
         <file>rts2800_fpu32.lib</file>
         <name>startup.c.obj</name>
      </input_file>
      <input_file id="fl-46">
         <path>C:\ti\ccs1040\ccs\tools\compiler\ti-cgt-c2000_20.2.5.LTS\lib\</path>
         <kind>archive</kind>
         <file>rts2800_fpu32.lib</file>
         <name>exit.c.obj</name>
      </input_file>
      <input_file id="fl-47">
         <path>C:\ti\ccs1040\ccs\tools\compiler\ti-cgt-c2000_20.2.5.LTS\lib\</path>
         <kind>archive</kind>
         <file>rts2800_fpu32.lib</file>
         <name>_lock.c.obj</name>
      </input_file>
      <input_file id="fl-48">
         <path>C:\ti\ccs1040\ccs\tools\compiler\ti-cgt-c2000_20.2.5.LTS\lib\</path>
         <kind>archive</kind>
         <file>rts2800_fpu32.lib</file>
         <name>args_main.c.obj</name>
      </input_file>
      <input_file id="fl-49">
         <path>C:\ti\ccs1040\ccs\tools\compiler\ti-cgt-c2000_20.2.5.LTS\lib\</path>
         <kind>archive</kind>
         <file>rts2800_fpu32.lib</file>
         <name>memset.c.obj</name>
      </input_file>
      <input_file id="fl-4a">
         <path>C:\ti\ccs1040\ccs\tools\compiler\ti-cgt-c2000_20.2.5.LTS\lib\</path>
         <kind>archive</kind>
         <file>rts2800_fpu32.lib</file>
         <name>strcmp.c.obj</name>
      </input_file>
      <input_file id="fl-4b">
         <path>C:\ti\ccs1040\ccs\tools\compiler\ti-cgt-c2000_20.2.5.LTS\lib\</path>
         <kind>archive</kind>
         <file>rts2800_fpu32.lib</file>
         <name>strlen.c.obj</name>
      </input_file>
      <input_file id="fl-4c">
         <path>C:\ti\ccs1040\ccs\tools\compiler\ti-cgt-c2000_20.2.5.LTS\lib\</path>
         <kind>archive</kind>
         <file>rts2800_fpu32.lib</file>
         <name>errno.c.obj</name>
      </input_file>
      <input_file id="fl-4d">
         <path>C:\ti\ccs1040\ccs\tools\compiler\ti-cgt-c2000_20.2.5.LTS\lib\</path>
         <kind>archive</kind>
         <file>rts2800_fpu32.lib</file>
         <name>hostwrite.c.obj</name>
      </input_file>
      <input_file id="fl-4e">
         <path>C:\ti\ccs1040\ccs\tools\compiler\ti-cgt-c2000_20.2.5.LTS\lib\</path>
         <kind>archive</kind>
         <file>rts2800_fpu32.lib</file>
         <name>trgmsg.c.obj</name>
      </input_file>
      <input_file id="fl-4f">
         <path>C:\ti\ccs1040\ccs\tools\compiler\ti-cgt-c2000_20.2.5.LTS\lib\</path>
         <kind>archive</kind>
         <file>rts2800_fpu32.lib</file>
         <name>s_copysignf.c.obj</name>
      </input_file>
      <input_file id="fl-50">
         <path>C:\ti\ccs1040\ccs\tools\compiler\ti-cgt-c2000_20.2.5.LTS\lib\</path>
         <kind>archive</kind>
         <file>rts2800_fpu32.lib</file>
         <name>hostopen.c.obj</name>
      </input_file>
   </input_file_list>
   <object_component_list>
      <object_component id="oc-f3">
         <name>PieVectTableFile</name>
         <uninitialized>true</uninitialized>
         <run_address>0xd00</run_address>
         <size>0x1c0</size>
         <input_file_ref idref="fl-4"/>
      </object_component>
      <object_component id="oc-90">
         <name>EmuKeyVar</name>
         <uninitialized>true</uninitialized>
         <run_address>0xd00</run_address>
         <size>0x1</size>
         <input_file_ref idref="fl-4"/>
      </object_component>
      <object_component id="oc-91">
         <name>EmuBModeVar</name>
         <uninitialized>true</uninitialized>
         <run_address>0xd01</run_address>
         <size>0x1</size>
         <input_file_ref idref="fl-4"/>
      </object_component>
      <object_component id="oc-a7">
         <name>AdcaResultFile</name>
         <uninitialized>true</uninitialized>
         <run_address>0xb00</run_address>
         <size>0x18</size>
         <input_file_ref idref="fl-4"/>
      </object_component>
      <object_component id="oc-a8">
         <name>AdcbResultFile</name>
         <uninitialized>true</uninitialized>
         <run_address>0xb20</run_address>
         <size>0x18</size>
         <input_file_ref idref="fl-4"/>
      </object_component>
      <object_component id="oc-a9">
         <name>AdccResultFile</name>
         <uninitialized>true</uninitialized>
         <run_address>0xb40</run_address>
         <size>0x18</size>
         <input_file_ref idref="fl-4"/>
      </object_component>
      <object_component id="oc-aa">
         <name>AdcdResultFile</name>
         <uninitialized>true</uninitialized>
         <run_address>0xb60</run_address>
         <size>0x18</size>
         <input_file_ref idref="fl-4"/>
      </object_component>
      <object_component id="oc-d8">
         <name>AdcaRegsFile</name>
         <uninitialized>true</uninitialized>
         <run_address>0x7400</run_address>
         <size>0x80</size>
         <input_file_ref idref="fl-4"/>
      </object_component>
      <object_component id="oc-d9">
         <name>AdcbRegsFile</name>
         <uninitialized>true</uninitialized>
         <run_address>0x7480</run_address>
         <size>0x80</size>
         <input_file_ref idref="fl-4"/>
      </object_component>
      <object_component id="oc-da">
         <name>AdccRegsFile</name>
         <uninitialized>true</uninitialized>
         <run_address>0x7500</run_address>
         <size>0x80</size>
         <input_file_ref idref="fl-4"/>
      </object_component>
      <object_component id="oc-db">
         <name>AdcdRegsFile</name>
         <uninitialized>true</uninitialized>
         <run_address>0x7580</run_address>
         <size>0x80</size>
         <input_file_ref idref="fl-4"/>
      </object_component>
      <object_component id="oc-d4">
         <name>AnalogSubsysRegsFile</name>
         <uninitialized>true</uninitialized>
         <run_address>0x5d180</run_address>
         <size>0x48</size>
         <input_file_ref idref="fl-4"/>
      </object_component>
      <object_component id="oc-ee">
         <name>CanaRegsFile</name>
         <uninitialized>true</uninitialized>
         <run_address>0x48000</run_address>
         <size>0x164</size>
         <input_file_ref idref="fl-4"/>
      </object_component>
      <object_component id="oc-ef">
         <name>CanbRegsFile</name>
         <uninitialized>true</uninitialized>
         <run_address>0x4a000</run_address>
         <size>0x164</size>
         <input_file_ref idref="fl-4"/>
      </object_component>
      <object_component id="oc-cf">
         <name>Cla1RegsFile</name>
         <uninitialized>true</uninitialized>
         <run_address>0x1400</run_address>
         <size>0x3e</size>
         <input_file_ref idref="fl-4"/>
      </object_component>
      <object_component id="oc-95">
         <name>Cla1SoftIntRegsFile</name>
         <uninitialized>true</uninitialized>
         <run_address>0xce0</run_address>
         <size>0x4</size>
         <input_file_ref idref="fl-4"/>
      </object_component>
      <object_component id="oc-ad">
         <name>Cmpss1RegsFile</name>
         <uninitialized>true</uninitialized>
         <run_address>0x5c80</run_address>
         <size>0x20</size>
         <input_file_ref idref="fl-4"/>
      </object_component>
      <object_component id="oc-ae">
         <name>Cmpss2RegsFile</name>
         <uninitialized>true</uninitialized>
         <run_address>0x5ca0</run_address>
         <size>0x20</size>
         <input_file_ref idref="fl-4"/>
      </object_component>
      <object_component id="oc-af">
         <name>Cmpss3RegsFile</name>
         <uninitialized>true</uninitialized>
         <run_address>0x5cc0</run_address>
         <size>0x20</size>
         <input_file_ref idref="fl-4"/>
      </object_component>
      <object_component id="oc-b0">
         <name>Cmpss4RegsFile</name>
         <uninitialized>true</uninitialized>
         <run_address>0x5ce0</run_address>
         <size>0x20</size>
         <input_file_ref idref="fl-4"/>
      </object_component>
      <object_component id="oc-b1">
         <name>Cmpss5RegsFile</name>
         <uninitialized>true</uninitialized>
         <run_address>0x5d00</run_address>
         <size>0x20</size>
         <input_file_ref idref="fl-4"/>
      </object_component>
      <object_component id="oc-b2">
         <name>Cmpss6RegsFile</name>
         <uninitialized>true</uninitialized>
         <run_address>0x5d20</run_address>
         <size>0x20</size>
         <input_file_ref idref="fl-4"/>
      </object_component>
      <object_component id="oc-b3">
         <name>Cmpss7RegsFile</name>
         <uninitialized>true</uninitialized>
         <run_address>0x5d40</run_address>
         <size>0x20</size>
         <input_file_ref idref="fl-4"/>
      </object_component>
      <object_component id="oc-b4">
         <name>Cmpss8RegsFile</name>
         <uninitialized>true</uninitialized>
         <run_address>0x5d60</run_address>
         <size>0x20</size>
         <input_file_ref idref="fl-4"/>
      </object_component>
      <object_component id="oc-9b">
         <name>CpuTimer0RegsFile</name>
         <uninitialized>true</uninitialized>
         <run_address>0xc00</run_address>
         <size>0x8</size>
         <input_file_ref idref="fl-4"/>
      </object_component>
      <object_component id="oc-9c">
         <name>CpuTimer1RegsFile</name>
         <uninitialized>true</uninitialized>
         <run_address>0xc08</run_address>
         <size>0x8</size>
         <input_file_ref idref="fl-4"/>
      </object_component>
      <object_component id="oc-9d">
         <name>CpuTimer2RegsFile</name>
         <uninitialized>true</uninitialized>
         <run_address>0xc10</run_address>
         <size>0x8</size>
         <input_file_ref idref="fl-4"/>
      </object_component>
      <object_component id="oc-98">
         <name>DacaRegsFile</name>
         <uninitialized>true</uninitialized>
         <run_address>0x5c00</run_address>
         <size>0x8</size>
         <input_file_ref idref="fl-4"/>
      </object_component>
      <object_component id="oc-99">
         <name>DacbRegsFile</name>
         <uninitialized>true</uninitialized>
         <run_address>0x5c10</run_address>
         <size>0x8</size>
         <input_file_ref idref="fl-4"/>
      </object_component>
      <object_component id="oc-9a">
         <name>DaccRegsFile</name>
         <uninitialized>true</uninitialized>
         <run_address>0x5c20</run_address>
         <size>0x8</size>
         <input_file_ref idref="fl-4"/>
      </object_component>
      <object_component id="oc-c6">
         <name>DcsmZ1RegsFile</name>
         <uninitialized>true</uninitialized>
         <run_address>0x5f000</run_address>
         <size>0x24</size>
         <input_file_ref idref="fl-4"/>
      </object_component>
      <object_component id="oc-c7">
         <name>DcsmZ2RegsFile</name>
         <uninitialized>true</uninitialized>
         <run_address>0x5f040</run_address>
         <size>0x24</size>
         <input_file_ref idref="fl-4"/>
      </object_component>
      <object_component id="oc-9e">
         <name>DcsmCommonRegsFile</name>
         <uninitialized>true</uninitialized>
         <run_address>0x5f070</run_address>
         <size>0x8</size>
         <input_file_ref idref="fl-4"/>
      </object_component>
      <object_component id="oc-b5">
         <name>DcsmZ1OtpFile</name>
         <uninitialized>true</uninitialized>
         <run_address>0x78000</run_address>
         <size>0x20</size>
         <input_file_ref idref="fl-4"/>
      </object_component>
      <object_component id="oc-b6">
         <name>DcsmZ2OtpFile</name>
         <uninitialized>true</uninitialized>
         <run_address>0x78200</run_address>
         <size>0x20</size>
         <input_file_ref idref="fl-4"/>
      </object_component>
      <object_component id="oc-e0">
         <name>DmaRegsFile</name>
         <uninitialized>true</uninitialized>
         <run_address>0x1000</run_address>
         <size>0xe0</size>
         <input_file_ref idref="fl-4"/>
      </object_component>
      <object_component id="oc-ab">
         <name>DmaClaSrcSelRegsFile</name>
         <uninitialized>true</uninitialized>
         <run_address>0x7980</run_address>
         <size>0x1a</size>
         <input_file_ref idref="fl-4"/>
      </object_component>
      <object_component id="oc-b7">
         <name>ECap1RegsFile</name>
         <uninitialized>true</uninitialized>
         <run_address>0x5000</run_address>
         <size>0x20</size>
         <input_file_ref idref="fl-4"/>
      </object_component>
      <object_component id="oc-b8">
         <name>ECap2RegsFile</name>
         <uninitialized>true</uninitialized>
         <run_address>0x5020</run_address>
         <size>0x20</size>
         <input_file_ref idref="fl-4"/>
      </object_component>
      <object_component id="oc-b9">
         <name>ECap3RegsFile</name>
         <uninitialized>true</uninitialized>
         <run_address>0x5040</run_address>
         <size>0x20</size>
         <input_file_ref idref="fl-4"/>
      </object_component>
      <object_component id="oc-ba">
         <name>ECap4RegsFile</name>
         <uninitialized>true</uninitialized>
         <run_address>0x5060</run_address>
         <size>0x20</size>
         <input_file_ref idref="fl-4"/>
      </object_component>
      <object_component id="oc-bb">
         <name>ECap5RegsFile</name>
         <uninitialized>true</uninitialized>
         <run_address>0x5080</run_address>
         <size>0x20</size>
         <input_file_ref idref="fl-4"/>
      </object_component>
      <object_component id="oc-bc">
         <name>ECap6RegsFile</name>
         <uninitialized>true</uninitialized>
         <run_address>0x50a0</run_address>
         <size>0x20</size>
         <input_file_ref idref="fl-4"/>
      </object_component>
      <object_component id="oc-d6">
         <name>Emif1RegsFile</name>
         <uninitialized>true</uninitialized>
         <run_address>0x47000</run_address>
         <size>0x70</size>
         <input_file_ref idref="fl-4"/>
      </object_component>
      <object_component id="oc-d7">
         <name>Emif2RegsFile</name>
         <uninitialized>true</uninitialized>
         <run_address>0x47800</run_address>
         <size>0x70</size>
         <input_file_ref idref="fl-4"/>
      </object_component>
      <object_component id="oc-e1">
         <name>EPwm1RegsFile</name>
         <uninitialized>true</uninitialized>
         <run_address>0x4000</run_address>
         <size>0x100</size>
         <input_file_ref idref="fl-4"/>
      </object_component>
      <object_component id="oc-e2">
         <name>EPwm2RegsFile</name>
         <uninitialized>true</uninitialized>
         <run_address>0x4100</run_address>
         <size>0x100</size>
         <input_file_ref idref="fl-4"/>
      </object_component>
      <object_component id="oc-e3">
         <name>EPwm3RegsFile</name>
         <uninitialized>true</uninitialized>
         <run_address>0x4200</run_address>
         <size>0x100</size>
         <input_file_ref idref="fl-4"/>
      </object_component>
      <object_component id="oc-e4">
         <name>EPwm4RegsFile</name>
         <uninitialized>true</uninitialized>
         <run_address>0x4300</run_address>
         <size>0x100</size>
         <input_file_ref idref="fl-4"/>
      </object_component>
      <object_component id="oc-e5">
         <name>EPwm5RegsFile</name>
         <uninitialized>true</uninitialized>
         <run_address>0x4400</run_address>
         <size>0x100</size>
         <input_file_ref idref="fl-4"/>
      </object_component>
      <object_component id="oc-e6">
         <name>EPwm6RegsFile</name>
         <uninitialized>true</uninitialized>
         <run_address>0x4500</run_address>
         <size>0x100</size>
         <input_file_ref idref="fl-4"/>
      </object_component>
      <object_component id="oc-e7">
         <name>EPwm7RegsFile</name>
         <uninitialized>true</uninitialized>
         <run_address>0x4600</run_address>
         <size>0x100</size>
         <input_file_ref idref="fl-4"/>
      </object_component>
      <object_component id="oc-e8">
         <name>EPwm8RegsFile</name>
         <uninitialized>true</uninitialized>
         <run_address>0x4700</run_address>
         <size>0x100</size>
         <input_file_ref idref="fl-4"/>
      </object_component>
      <object_component id="oc-e9">
         <name>EPwm9RegsFile</name>
         <uninitialized>true</uninitialized>
         <run_address>0x4800</run_address>
         <size>0x100</size>
         <input_file_ref idref="fl-4"/>
      </object_component>
      <object_component id="oc-ea">
         <name>EPwm10RegsFile</name>
         <uninitialized>true</uninitialized>
         <run_address>0x4900</run_address>
         <size>0x100</size>
         <input_file_ref idref="fl-4"/>
      </object_component>
      <object_component id="oc-eb">
         <name>EPwm11RegsFile</name>
         <uninitialized>true</uninitialized>
         <run_address>0x4a00</run_address>
         <size>0x100</size>
         <input_file_ref idref="fl-4"/>
      </object_component>
      <object_component id="oc-ec">
         <name>EPwm12RegsFile</name>
         <uninitialized>true</uninitialized>
         <run_address>0x4b00</run_address>
         <size>0x100</size>
         <input_file_ref idref="fl-4"/>
      </object_component>
      <object_component id="oc-d0">
         <name>EPwmXbarRegsFile</name>
         <uninitialized>true</uninitialized>
         <run_address>0x7a00</run_address>
         <size>0x40</size>
         <input_file_ref idref="fl-4"/>
      </object_component>
      <object_component id="oc-c1">
         <name>EQep1RegsFile</name>
         <uninitialized>true</uninitialized>
         <run_address>0x5100</run_address>
         <size>0x22</size>
         <input_file_ref idref="fl-4"/>
      </object_component>
      <object_component id="oc-c2">
         <name>EQep2RegsFile</name>
         <uninitialized>true</uninitialized>
         <run_address>0x5140</run_address>
         <size>0x22</size>
         <input_file_ref idref="fl-4"/>
      </object_component>
      <object_component id="oc-c3">
         <name>EQep3RegsFile</name>
         <uninitialized>true</uninitialized>
         <run_address>0x5180</run_address>
         <size>0x22</size>
         <input_file_ref idref="fl-4"/>
      </object_component>
      <object_component id="oc-f1">
         <name>Flash0CtrlRegsFile</name>
         <uninitialized>true</uninitialized>
         <run_address>0x5f800</run_address>
         <size>0x182</size>
         <input_file_ref idref="fl-4"/>
      </object_component>
      <object_component id="oc-ca">
         <name>Flash0EccRegsFile</name>
         <uninitialized>true</uninitialized>
         <run_address>0x5fb00</run_address>
         <size>0x28</size>
         <input_file_ref idref="fl-4"/>
      </object_component>
      <object_component id="oc-f2">
         <name>Flash1CtrlRegsFile</name>
         <uninitialized>true</uninitialized>
         <run_address>0x5fc00</run_address>
         <size>0x182</size>
         <input_file_ref idref="fl-4"/>
      </object_component>
      <object_component id="oc-cb">
         <name>Flash1EccRegsFile</name>
         <uninitialized>true</uninitialized>
         <run_address>0x5ff00</run_address>
         <size>0x28</size>
         <input_file_ref idref="fl-4"/>
      </object_component>
      <object_component id="oc-f0">
         <name>GpioCtrlRegsFile</name>
         <uninitialized>true</uninitialized>
         <run_address>0x7c00</run_address>
         <size>0x180</size>
         <input_file_ref idref="fl-4"/>
      </object_component>
      <object_component id="oc-cd">
         <name>GpioDataRegsFile</name>
         <uninitialized>true</uninitialized>
         <run_address>0x7f00</run_address>
         <size>0x30</size>
         <input_file_ref idref="fl-4"/>
      </object_component>
      <object_component id="oc-d1">
         <name>OutputXbarRegsFile</name>
         <uninitialized>true</uninitialized>
         <run_address>0x7a80</run_address>
         <size>0x40</size>
         <input_file_ref idref="fl-4"/>
      </object_component>
      <object_component id="oc-c4">
         <name>I2caRegsFile</name>
         <uninitialized>true</uninitialized>
         <run_address>0x7300</run_address>
         <size>0x22</size>
         <input_file_ref idref="fl-4"/>
      </object_component>
      <object_component id="oc-c5">
         <name>I2cbRegsFile</name>
         <uninitialized>true</uninitialized>
         <run_address>0x7340</run_address>
         <size>0x22</size>
         <input_file_ref idref="fl-4"/>
      </object_component>
      <object_component id="oc-bd">
         <name>InputXbarRegsFile</name>
         <uninitialized>true</uninitialized>
         <run_address>0x7900</run_address>
         <size>0x20</size>
         <input_file_ref idref="fl-4"/>
      </object_component>
      <object_component id="oc-be">
         <name>XbarRegsFile</name>
         <uninitialized>true</uninitialized>
         <run_address>0x7920</run_address>
         <size>0x20</size>
         <input_file_ref idref="fl-4"/>
      </object_component>
      <object_component id="oc-92">
         <name>FlashPumpSemaphoreRegsFile</name>
         <uninitialized>true</uninitialized>
         <run_address>0x50024</run_address>
         <size>0x2</size>
         <input_file_ref idref="fl-4"/>
      </object_component>
      <object_component id="oc-93">
         <name>RomPrefetchRegsFile</name>
         <uninitialized>true</uninitialized>
         <run_address>0x5e608</run_address>
         <size>0x2</size>
         <input_file_ref idref="fl-4"/>
      </object_component>
      <object_component id="oc-dc">
         <name>MemCfgRegsFile</name>
         <uninitialized>true</uninitialized>
         <run_address>0x5f400</run_address>
         <size>0x80</size>
         <input_file_ref idref="fl-4"/>
      </object_component>
      <object_component id="oc-bf">
         <name>Emif1ConfigRegsFile</name>
         <uninitialized>true</uninitialized>
         <run_address>0x5f480</run_address>
         <size>0x20</size>
         <input_file_ref idref="fl-4"/>
      </object_component>
      <object_component id="oc-c0">
         <name>Emif2ConfigRegsFile</name>
         <uninitialized>true</uninitialized>
         <run_address>0x5f4a0</run_address>
         <size>0x20</size>
         <input_file_ref idref="fl-4"/>
      </object_component>
      <object_component id="oc-d2">
         <name>AccessProtectionRegsFile</name>
         <uninitialized>true</uninitialized>
         <run_address>0x5f4c0</run_address>
         <size>0x40</size>
         <input_file_ref idref="fl-4"/>
      </object_component>
      <object_component id="oc-d3">
         <name>MemoryErrorRegsFile</name>
         <uninitialized>true</uninitialized>
         <run_address>0x5f500</run_address>
         <size>0x40</size>
         <input_file_ref idref="fl-4"/>
      </object_component>
      <object_component id="oc-94">
         <name>RomWaitStateRegsFile</name>
         <uninitialized>true</uninitialized>
         <run_address>0x5f540</run_address>
         <size>0x2</size>
         <input_file_ref idref="fl-4"/>
      </object_component>
      <object_component id="oc-c8">
         <name>McbspaRegsFile</name>
         <uninitialized>true</uninitialized>
         <run_address>0x6000</run_address>
         <size>0x24</size>
         <input_file_ref idref="fl-4"/>
      </object_component>
      <object_component id="oc-c9">
         <name>McbspbRegsFile</name>
         <uninitialized>true</uninitialized>
         <run_address>0x6040</run_address>
         <size>0x24</size>
         <input_file_ref idref="fl-4"/>
      </object_component>
      <object_component id="oc-d5">
         <name>UppRegsFile</name>
         <uninitialized>true</uninitialized>
         <run_address>0x6200</run_address>
         <size>0x48</size>
         <input_file_ref idref="fl-4"/>
      </object_component>
      <object_component id="oc-97">
         <name>NmiIntruptRegsFile</name>
         <uninitialized>true</uninitialized>
         <run_address>0x7060</run_address>
         <size>0x7</size>
         <input_file_ref idref="fl-4"/>
      </object_component>
      <object_component id="oc-ac">
         <name>PieCtrlRegsFile</name>
         <uninitialized>true</uninitialized>
         <run_address>0xce0</run_address>
         <size>0x1a</size>
         <input_file_ref idref="fl-4"/>
      </object_component>
      <object_component id="oc-a0">
         <name>SciaRegsFile</name>
         <uninitialized>true</uninitialized>
         <run_address>0x7200</run_address>
         <size>0x10</size>
         <input_file_ref idref="fl-4"/>
      </object_component>
      <object_component id="oc-a1">
         <name>ScibRegsFile</name>
         <uninitialized>true</uninitialized>
         <run_address>0x7210</run_address>
         <size>0x10</size>
         <input_file_ref idref="fl-4"/>
      </object_component>
      <object_component id="oc-a2">
         <name>ScicRegsFile</name>
         <uninitialized>true</uninitialized>
         <run_address>0x7220</run_address>
         <size>0x10</size>
         <input_file_ref idref="fl-4"/>
      </object_component>
      <object_component id="oc-a3">
         <name>ScidRegsFile</name>
         <uninitialized>true</uninitialized>
         <run_address>0x7230</run_address>
         <size>0x10</size>
         <input_file_ref idref="fl-4"/>
      </object_component>
      <object_component id="oc-dd">
         <name>Sdfm1RegsFile</name>
         <uninitialized>true</uninitialized>
         <run_address>0x5e00</run_address>
         <size>0x80</size>
         <input_file_ref idref="fl-4"/>
      </object_component>
      <object_component id="oc-de">
         <name>Sdfm2RegsFile</name>
         <uninitialized>true</uninitialized>
         <run_address>0x5e80</run_address>
         <size>0x80</size>
         <input_file_ref idref="fl-4"/>
      </object_component>
      <object_component id="oc-a4">
         <name>SpiaRegsFile</name>
         <uninitialized>true</uninitialized>
         <run_address>0x6100</run_address>
         <size>0x10</size>
         <input_file_ref idref="fl-4"/>
      </object_component>
      <object_component id="oc-a5">
         <name>SpibRegsFile</name>
         <uninitialized>true</uninitialized>
         <run_address>0x6110</run_address>
         <size>0x10</size>
         <input_file_ref idref="fl-4"/>
      </object_component>
      <object_component id="oc-a6">
         <name>SpicRegsFile</name>
         <uninitialized>true</uninitialized>
         <run_address>0x6120</run_address>
         <size>0x10</size>
         <input_file_ref idref="fl-4"/>
      </object_component>
      <object_component id="oc-ed">
         <name>DevCfgRegsFile</name>
         <uninitialized>true</uninitialized>
         <run_address>0x5d000</run_address>
         <size>0x12e</size>
         <input_file_ref idref="fl-4"/>
      </object_component>
      <object_component id="oc-ce">
         <name>ClkCfgRegsFile</name>
         <uninitialized>true</uninitialized>
         <run_address>0x5d200</run_address>
         <size>0x32</size>
         <input_file_ref idref="fl-4"/>
      </object_component>
      <object_component id="oc-df">
         <name>CpuSysRegsFile</name>
         <uninitialized>true</uninitialized>
         <run_address>0x5d300</run_address>
         <size>0x82</size>
         <input_file_ref idref="fl-4"/>
      </object_component>
      <object_component id="oc-96">
         <name>SyncSocRegsFile</name>
         <uninitialized>true</uninitialized>
         <run_address>0x7940</run_address>
         <size>0x6</size>
         <input_file_ref idref="fl-4"/>
      </object_component>
      <object_component id="oc-cc">
         <name>WdRegsFile</name>
         <uninitialized>true</uninitialized>
         <run_address>0x7000</run_address>
         <size>0x2b</size>
         <input_file_ref idref="fl-4"/>
      </object_component>
      <object_component id="oc-9f">
         <name>XintRegsFile</name>
         <uninitialized>true</uninitialized>
         <run_address>0x7070</run_address>
         <size>0xb</size>
         <input_file_ref idref="fl-4"/>
      </object_component>
      <object_component id="oc-23d">
         <name>.cinit:_ti_sysbios_family_c28_Hwi_Module_State_0_dispatchTable__A</name>
         <load_address>0x805a7</load_address>
         <run_address>0x805a7</run_address>
         <size>0x1c3</size>
         <input_file_ref idref="fl-d"/>
      </object_component>
      <object_component id="oc-113">
         <name>.cinit</name>
         <load_address>0x8076a</load_address>
         <run_address>0x8076a</run_address>
         <size>0x125</size>
         <input_file_ref idref="fl-d"/>
      </object_component>
      <object_component id="oc-127">
         <name>.cinit:_ti_sysbios_knl_Task_Object__table__V</name>
         <load_address>0x8088f</load_address>
         <run_address>0x8088f</run_address>
         <size>0x57</size>
         <input_file_ref idref="fl-d"/>
      </object_component>
      <object_component id="oc-10b">
         <name>.cinit</name>
         <load_address>0x808e6</load_address>
         <run_address>0x808e6</run_address>
         <size>0x4c</size>
         <input_file_ref idref="fl-9"/>
      </object_component>
      <object_component id="oc-23a">
         <name>.cinit:_ti_sysbios_knl_Swi_Module_State_0_readyQ__A</name>
         <load_address>0x80932</load_address>
         <run_address>0x80932</run_address>
         <size>0x43</size>
         <input_file_ref idref="fl-d"/>
      </object_component>
      <object_component id="oc-244">
         <name>.cinit:_ti_sysbios_knl_Task_Module_State_0_readyQ__A</name>
         <load_address>0x80975</load_address>
         <run_address>0x80975</run_address>
         <size>0x43</size>
         <input_file_ref idref="fl-d"/>
      </object_component>
      <object_component id="oc-237">
         <name>.cinit:_ti_sysbios_family_c28_Timer_Object__table__V</name>
         <load_address>0x809b8</load_address>
         <run_address>0x809b8</run_address>
         <size>0x33</size>
         <input_file_ref idref="fl-d"/>
      </object_component>
      <object_component id="oc-23b">
         <name>.cinit:_ti_sysbios_knl_Swi_Object__table__V</name>
         <load_address>0x809eb</load_address>
         <run_address>0x809eb</run_address>
         <size>0x2b</size>
         <input_file_ref idref="fl-d"/>
      </object_component>
      <object_component id="oc-25a">
         <name>.cinit:_ti_sysbios_family_c28_Hwi_Object__table__V</name>
         <load_address>0x80a16</load_address>
         <run_address>0x80a16</run_address>
         <size>0x23</size>
         <input_file_ref idref="fl-d"/>
      </object_component>
      <object_component id="oc-314">
         <name>.cinit:_xdc_runtime_LoggerBuf_Object__table__V</name>
         <load_address>0x80a39</load_address>
         <run_address>0x80a39</run_address>
         <size>0x15</size>
         <input_file_ref idref="fl-d"/>
      </object_component>
      <object_component id="oc-23f">
         <name>.cinit:_ti_sysbios_gates_GateMutex_Object__table__V</name>
         <load_address>0x80a4e</load_address>
         <run_address>0x80a4e</run_address>
         <size>0x11</size>
         <input_file_ref idref="fl-d"/>
      </object_component>
      <object_component id="oc-1f1">
         <name>.cinit</name>
         <load_address>0x80a5f</load_address>
         <run_address>0x80a5f</run_address>
         <size>0xe</size>
         <input_file_ref idref="fl-46"/>
      </object_component>
      <object_component id="oc-249">
         <name>.cinit:_ti_sysbios_knl_Semaphore_Object__table__V</name>
         <load_address>0x80a6d</load_address>
         <run_address>0x80a6d</run_address>
         <size>0xd</size>
         <input_file_ref idref="fl-d"/>
      </object_component>
      <object_component id="oc-233">
         <name>.cinit:_xdc_runtime_System_Module_State_0_atexitHandlers__A</name>
         <load_address>0x80a7a</load_address>
         <run_address>0x80a7a</run_address>
         <size>0xb</size>
         <input_file_ref idref="fl-d"/>
      </object_component>
      <object_component id="oc-354">
         <name>.cinit:_xdc_runtime_HeapStd_Object__table__V</name>
         <load_address>0x80a85</load_address>
         <run_address>0x80a85</run_address>
         <size>0x9</size>
         <input_file_ref idref="fl-d"/>
      </object_component>
      <object_component id="oc-238">
         <name>.cinit:_ti_sysbios_hal_Timer_Object__table__V</name>
         <load_address>0x80a8e</load_address>
         <run_address>0x80a8e</run_address>
         <size>0x7</size>
         <input_file_ref idref="fl-d"/>
      </object_component>
      <object_component id="oc-28c">
         <name>.cinit:__lock</name>
         <load_address>0x80a95</load_address>
         <run_address>0x80a95</run_address>
         <size>0x5</size>
         <input_file_ref idref="fl-47"/>
      </object_component>
      <object_component id="oc-28b">
         <name>.cinit:__unlock</name>
         <load_address>0x80a9a</load_address>
         <run_address>0x80a9a</run_address>
         <size>0x5</size>
         <input_file_ref idref="fl-47"/>
      </object_component>
      <object_component id="oc-26d">
         <name>.cinit:_arr_table</name>
         <load_address>0x80a9f</load_address>
         <run_address>0x80a9f</run_address>
         <size>0x5</size>
         <input_file_ref idref="fl-9"/>
      </object_component>
      <object_component id="oc-2e3">
         <name>.cinit:_ti_sysbios_gates_GateHwi_Object__table__V</name>
         <load_address>0x80aa4</load_address>
         <run_address>0x80aa4</run_address>
         <size>0x5</size>
         <input_file_ref idref="fl-d"/>
      </object_component>
      <object_component id="oc-246">
         <name>.cinit:_ti_sysbios_knl_Task_Module_State_0_idleTask__A</name>
         <load_address>0x80aa9</load_address>
         <run_address>0x80aa9</run_address>
         <size>0x5</size>
         <input_file_ref idref="fl-d"/>
      </object_component>
      <object_component id="oc-211">
         <name>.cinit</name>
         <load_address>0x80aae</load_address>
         <run_address>0x80aae</run_address>
         <size>0x4</size>
         <input_file_ref idref="fl-4c"/>
      </object_component>
      <object_component id="oc-3c6">
         <name>.binit</name>
         <load_address>0x80ad0</load_address>
         <run_address>0x80ad0</run_address>
         <size>0x12</size>
      </object_component>
      <object_component id="oc-2b3">
         <name>.text</name>
         <load_address>0x88000</load_address>
         <run_address>0x88000</run_address>
         <size>0x369</size>
         <input_file_ref idref="fl-38"/>
      </object_component>
      <object_component id="oc-2e1">
         <name>.text:_xdc_runtime_System_doPrint__I</name>
         <load_address>0x88369</load_address>
         <run_address>0x88369</run_address>
         <size>0x23b</size>
         <input_file_ref idref="fl-24"/>
      </object_component>
      <object_component id="oc-26b">
         <name>.text:_ti_sysbios_knl_Semaphore_pend__E</name>
         <load_address>0x885a4</load_address>
         <run_address>0x885a4</run_address>
         <size>0x19c</size>
         <input_file_ref idref="fl-15"/>
      </object_component>
      <object_component id="oc-1c8">
         <name>.text</name>
         <load_address>0x88740</load_address>
         <run_address>0x88740</run_address>
         <size>0x107</size>
         <input_file_ref idref="fl-3e"/>
      </object_component>
      <object_component id="oc-39d">
         <name>.text:_xdc_runtime_HeapStd_alloc__E</name>
         <load_address>0x88847</load_address>
         <run_address>0x88847</run_address>
         <size>0xee</size>
         <input_file_ref idref="fl-20"/>
      </object_component>
      <object_component id="oc-2c7">
         <name>.text:_ti_sysbios_family_c28_Hwi_clearInterrupt__E</name>
         <load_address>0x88935</load_address>
         <run_address>0x88935</run_address>
         <size>0xdc</size>
         <input_file_ref idref="fl-15"/>
      </object_component>
      <object_component id="oc-346">
         <name>.text:_xdc_runtime_System_printfExtend__I</name>
         <load_address>0x88a11</load_address>
         <run_address>0x88a11</run_address>
         <size>0xc2</size>
         <input_file_ref idref="fl-d"/>
      </object_component>
      <object_component id="oc-315">
         <name>.text:_xdc_runtime_LoggerBuf_write8__E</name>
         <load_address>0x88ad3</load_address>
         <run_address>0x88ad3</run_address>
         <size>0xc0</size>
         <input_file_ref idref="fl-21"/>
      </object_component>
      <object_component id="oc-328">
         <name>.text:_ti_sysbios_knl_Semaphore_Instance_init__E</name>
         <load_address>0x88b93</load_address>
         <run_address>0x88b93</run_address>
         <size>0xbf</size>
         <input_file_ref idref="fl-15"/>
      </object_component>
      <object_component id="oc-2be">
         <name>.text:_xdc_runtime_Core_createObject__I</name>
         <load_address>0x88c52</load_address>
         <run_address>0x88c52</run_address>
         <size>0xa0</size>
         <input_file_ref idref="fl-1b"/>
      </object_component>
      <object_component id="oc-38c">
         <name>.text:_ti_sysbios_family_c28_Hwi_dispatch</name>
         <load_address>0x88cf2</load_address>
         <run_address>0x88cf2</run_address>
         <size>0x9d</size>
         <input_file_ref idref="fl-17"/>
      </object_component>
      <object_component id="oc-1be">
         <name>.text</name>
         <load_address>0x88d8f</load_address>
         <run_address>0x88d8f</run_address>
         <size>0x9c</size>
         <input_file_ref idref="fl-3c"/>
      </object_component>
      <object_component id="oc-3b6">
         <name>.text:_free</name>
         <load_address>0x88e2b</load_address>
         <run_address>0x88e2b</run_address>
         <size>0x1</size>
         <input_file_ref idref="fl-d"/>
      </object_component>
      <object_component id="oc-39a">
         <name>.text</name>
         <load_address>0x88e2c</load_address>
         <run_address>0x88e2c</run_address>
         <size>0x95</size>
         <input_file_ref idref="fl-4e"/>
      </object_component>
      <object_component id="oc-27d">
         <name>.text:_detect_sign_change</name>
         <load_address>0x88ec1</load_address>
         <run_address>0x88ec1</run_address>
         <size>0x90</size>
         <input_file_ref idref="fl-9"/>
      </object_component>
      <object_component id="oc-2c8">
         <name>.text:_ti_sysbios_family_c28_Hwi_enableInterrupt__E</name>
         <load_address>0x88f51</load_address>
         <run_address>0x88f51</run_address>
         <size>0x8e</size>
         <input_file_ref idref="fl-15"/>
      </object_component>
      <object_component id="oc-327">
         <name>.text:_xdc_runtime_Core_constructObject__I</name>
         <load_address>0x88fdf</load_address>
         <run_address>0x88fdf</run_address>
         <size>0x8d</size>
         <input_file_ref idref="fl-1c"/>
      </object_component>
      <object_component id="oc-1d7">
         <name>.text</name>
         <load_address>0x8906c</load_address>
         <run_address>0x8906c</run_address>
         <size>0x8b</size>
         <input_file_ref idref="fl-41"/>
      </object_component>
      <object_component id="oc-1c3">
         <name>.text</name>
         <load_address>0x890f7</load_address>
         <run_address>0x890f7</run_address>
         <size>0x88</size>
         <input_file_ref idref="fl-3d"/>
      </object_component>
      <object_component id="oc-3b9">
         <name>.text:_xdc_runtime_HeapStd_Instance_init__E</name>
         <load_address>0x8917f</load_address>
         <run_address>0x8917f</run_address>
         <size>0x83</size>
         <input_file_ref idref="fl-20"/>
      </object_component>
      <object_component id="oc-2bc">
         <name>.text:_ti_sysbios_knl_Semaphore_post__E</name>
         <load_address>0x89202</load_address>
         <run_address>0x89202</run_address>
         <size>0x82</size>
         <input_file_ref idref="fl-15"/>
      </object_component>
      <object_component id="oc-3ac">
         <name>.text:_ti_sysbios_family_c28_Hwi_disableInterrupt__E</name>
         <load_address>0x89284</load_address>
         <run_address>0x89284</run_address>
         <size>0x81</size>
         <input_file_ref idref="fl-15"/>
      </object_component>
      <object_component id="oc-305">
         <name>.text:_ti_sysbios_family_c28_Hwi_disablePIEIER__E</name>
         <load_address>0x89305</load_address>
         <run_address>0x89305</run_address>
         <size>0x80</size>
         <input_file_ref idref="fl-15"/>
      </object_component>
      <object_component id="oc-304">
         <name>.text:_ti_sysbios_family_c28_Hwi_enablePIEIER__E</name>
         <load_address>0x89385</load_address>
         <run_address>0x89385</run_address>
         <size>0x7f</size>
         <input_file_ref idref="fl-15"/>
      </object_component>
      <object_component id="oc-35b">
         <name>.text:_xdc_runtime_LoggerBuf_write4__E</name>
         <load_address>0x89404</load_address>
         <run_address>0x89404</run_address>
         <size>0x7a</size>
         <input_file_ref idref="fl-21"/>
      </object_component>
      <object_component id="oc-2cb">
         <name>.text:_ti_sysbios_knl_Task_checkStacks__E</name>
         <load_address>0x8947e</load_address>
         <run_address>0x8947e</run_address>
         <size>0x75</size>
         <input_file_ref idref="fl-15"/>
      </object_component>
      <object_component id="oc-2a9">
         <name>.text:_xdc_runtime_Startup_startMods__I</name>
         <load_address>0x894f3</load_address>
         <run_address>0x894f3</run_address>
         <size>0x72</size>
         <input_file_ref idref="fl-23"/>
      </object_component>
      <object_component id="oc-283">
         <name>.text:_ti_sysbios_gates_GateMutex_enter__E</name>
         <load_address>0x89565</load_address>
         <run_address>0x89565</run_address>
         <size>0x71</size>
         <input_file_ref idref="fl-15"/>
      </object_component>
      <object_component id="oc-39e">
         <name>.text:_xdc_runtime_HeapStd_free__E</name>
         <load_address>0x895d6</load_address>
         <run_address>0x895d6</run_address>
         <size>0x6b</size>
         <input_file_ref idref="fl-20"/>
      </object_component>
      <object_component id="oc-82">
         <name>.text</name>
         <load_address>0x89641</load_address>
         <run_address>0x89641</run_address>
         <size>0x69</size>
         <input_file_ref idref="fl-2a"/>
      </object_component>
      <object_component id="oc-38d">
         <name>.text:_ti_sysbios_family_c28_Timer_stopAndClear__I</name>
         <load_address>0x896aa</load_address>
         <run_address>0x896aa</run_address>
         <size>0x66</size>
         <input_file_ref idref="fl-15"/>
      </object_component>
      <object_component id="oc-2a5">
         <name>.text:_xdc_runtime_Error_policyDefault__E</name>
         <load_address>0x89710</load_address>
         <run_address>0x89710</run_address>
         <size>0x60</size>
         <input_file_ref idref="fl-1e"/>
      </object_component>
      <object_component id="oc-363">
         <name>.text:_xdc_runtime_Text_putSite__E</name>
         <load_address>0x89770</load_address>
         <run_address>0x89770</run_address>
         <size>0x60</size>
         <input_file_ref idref="fl-26"/>
      </object_component>
      <object_component id="oc-2ea">
         <name>.text</name>
         <load_address>0x897d0</load_address>
         <run_address>0x897d0</run_address>
         <size>0x59</size>
         <input_file_ref idref="fl-3a"/>
      </object_component>
      <object_component id="oc-2ef">
         <name>.text</name>
         <load_address>0x89829</load_address>
         <run_address>0x89829</run_address>
         <size>0x58</size>
         <input_file_ref idref="fl-3b"/>
      </object_component>
      <object_component id="oc-27e">
         <name>.text:_calculate_rms</name>
         <load_address>0x89881</load_address>
         <run_address>0x89881</run_address>
         <size>0x4f</size>
         <input_file_ref idref="fl-9"/>
      </object_component>
      <object_component id="oc-27a">
         <name>.text:_calculate_samples</name>
         <load_address>0x898d0</load_address>
         <run_address>0x898d0</run_address>
         <size>0x4e</size>
         <input_file_ref idref="fl-9"/>
      </object_component>
      <object_component id="oc-3c3">
         <name>.text:_ti_sysbios_family_c28_Hwi_dispatchCore__I</name>
         <load_address>0x8991e</load_address>
         <run_address>0x8991e</run_address>
         <size>0x4c</size>
         <input_file_ref idref="fl-15"/>
      </object_component>
      <object_component id="oc-259">
         <name>.text:_timer_isr</name>
         <load_address>0x8996a</load_address>
         <run_address>0x8996a</run_address>
         <size>0x4c</size>
         <input_file_ref idref="fl-9"/>
      </object_component>
      <object_component id="oc-250">
         <name>.text:.bootCodeSection:_ti_catalog_c2800_initF2837x_Boot_configurePllDivs</name>
         <load_address>0x899b6</load_address>
         <run_address>0x899b6</run_address>
         <size>0x49</size>
         <input_file_ref idref="fl-2b"/>
      </object_component>
      <object_component id="oc-27f">
         <name>.text:_calculate_avg</name>
         <load_address>0x899ff</load_address>
         <run_address>0x899ff</run_address>
         <size>0x49</size>
         <input_file_ref idref="fl-9"/>
      </object_component>
      <object_component id="oc-2b1">
         <name>.text:_calculate_triangle</name>
         <load_address>0x89a48</load_address>
         <run_address>0x89a48</run_address>
         <size>0x48</size>
         <input_file_ref idref="fl-9"/>
      </object_component>
      <object_component id="oc-33f">
         <name>.text:_ti_sysbios_family_c28_Hwi_Module_startup__E</name>
         <load_address>0x89a90</load_address>
         <run_address>0x89a90</run_address>
         <size>0x47</size>
         <input_file_ref idref="fl-15"/>
      </object_component>
      <object_component id="oc-374">
         <name>.text:_ti_sysbios_knl_Task_postInit__I</name>
         <load_address>0x89ad7</load_address>
         <run_address>0x89ad7</run_address>
         <size>0x47</size>
         <input_file_ref idref="fl-15"/>
      </object_component>
      <object_component id="oc-25e">
         <name>.text:_ti_sysbios_knl_Clock_workFunc__E</name>
         <load_address>0x89b1e</load_address>
         <run_address>0x89b1e</run_address>
         <size>0x44</size>
         <input_file_ref idref="fl-15"/>
      </object_component>
      <object_component id="oc-12e">
         <name>.text:_ti_sysbios_family_c28_Hwi_unPluggedInterrupt__I</name>
         <load_address>0x89b62</load_address>
         <run_address>0x89b62</run_address>
         <size>0x42</size>
         <input_file_ref idref="fl-15"/>
      </object_component>
      <object_component id="oc-377">
         <name>.text:_xdc_runtime_Text_putLab__E</name>
         <load_address>0x89ba4</load_address>
         <run_address>0x89ba4</run_address>
         <size>0x41</size>
         <input_file_ref idref="fl-26"/>
      </object_component>
      <object_component id="oc-36c">
         <name>.text:_ti_sysbios_family_c28_Timer_postInit__I</name>
         <load_address>0x89be5</load_address>
         <run_address>0x89be5</run_address>
         <size>0x40</size>
         <input_file_ref idref="fl-15"/>
      </object_component>
      <object_component id="oc-34d">
         <name>.text:_xdc_runtime_Memory_alloc__E</name>
         <load_address>0x89c25</load_address>
         <run_address>0x89c25</run_address>
         <size>0x40</size>
         <input_file_ref idref="fl-22"/>
      </object_component>
      <object_component id="oc-3c5">
         <name>.text:_ti_sysbios_knl_Swi_restoreHwi__E</name>
         <load_address>0x89c65</load_address>
         <run_address>0x89c65</run_address>
         <size>0x3e</size>
         <input_file_ref idref="fl-15"/>
      </object_component>
      <object_component id="oc-323">
         <name>.text:_ti_sysbios_knl_Swi_run__I</name>
         <load_address>0x89ca3</load_address>
         <run_address>0x89ca3</run_address>
         <size>0x3e</size>
         <input_file_ref idref="fl-15"/>
      </object_component>
      <object_component id="oc-2c1">
         <name>.text:_xdc_runtime_Core_deleteObject__I</name>
         <load_address>0x89ce1</load_address>
         <run_address>0x89ce1</run_address>
         <size>0x3e</size>
         <input_file_ref idref="fl-1b"/>
      </object_component>
      <object_component id="oc-35d">
         <name>.text:_xdc_runtime_LoggerBuf_getFilterLevel__E</name>
         <load_address>0x89d1f</load_address>
         <run_address>0x89d1f</run_address>
         <size>0x3d</size>
         <input_file_ref idref="fl-21"/>
      </object_component>
      <object_component id="oc-35c">
         <name>.text:_xdc_runtime_LoggerBuf_setFilterLevel__E</name>
         <load_address>0x89d5c</load_address>
         <run_address>0x89d5c</run_address>
         <size>0x3c</size>
         <input_file_ref idref="fl-21"/>
      </object_component>
      <object_component id="oc-25d">
         <name>.text:_swi_call</name>
         <load_address>0x89d98</load_address>
         <run_address>0x89d98</run_address>
         <size>0x3a</size>
         <input_file_ref idref="fl-9"/>
      </object_component>
      <object_component id="oc-3ae">
         <name>.text:_ti_sysbios_family_c28_TaskSupport_start__E</name>
         <load_address>0x89dd2</load_address>
         <run_address>0x89dd2</run_address>
         <size>0x39</size>
         <input_file_ref idref="fl-15"/>
      </object_component>
      <object_component id="oc-37a">
         <name>.text</name>
         <load_address>0x89e0b</load_address>
         <run_address>0x89e0b</run_address>
         <size>0x39</size>
         <input_file_ref idref="fl-4d"/>
      </object_component>
      <object_component id="oc-389">
         <name>.text:_xdc_runtime_Text_putMod__E</name>
         <load_address>0x89e44</load_address>
         <run_address>0x89e44</run_address>
         <size>0x38</size>
         <input_file_ref idref="fl-26"/>
      </object_component>
      <object_component id="oc-24b">
         <name>.text:_task_call</name>
         <load_address>0x89e7c</load_address>
         <run_address>0x89e7c</run_address>
         <size>0x35</size>
         <input_file_ref idref="fl-9"/>
      </object_component>
      <object_component id="oc-295">
         <name>.text:_ti_sysbios_knl_Task_startCore__E</name>
         <load_address>0x89eb1</load_address>
         <run_address>0x89eb1</run_address>
         <size>0x35</size>
         <input_file_ref idref="fl-15"/>
      </object_component>
      <object_component id="oc-31f">
         <name>.text:_xdc_runtime_System_formatNum__I</name>
         <load_address>0x89ee6</load_address>
         <run_address>0x89ee6</run_address>
         <size>0x35</size>
         <input_file_ref idref="fl-24"/>
      </object_component>
      <object_component id="oc-343">
         <name>.text:_ti_sysbios_knl_Task_Module_startup__E</name>
         <load_address>0x89f1b</load_address>
         <run_address>0x89f1b</run_address>
         <size>0x32</size>
         <input_file_ref idref="fl-15"/>
      </object_component>
      <object_component id="oc-274">
         <name>.text:_gui_init</name>
         <load_address>0x89f4d</load_address>
         <run_address>0x89f4d</run_address>
         <size>0x31</size>
         <input_file_ref idref="fl-8"/>
      </object_component>
      <object_component id="oc-339">
         <name>.text:_xdc_runtime_Error_print__E</name>
         <load_address>0x89f7e</load_address>
         <run_address>0x89f7e</run_address>
         <size>0x31</size>
         <input_file_ref idref="fl-1e"/>
      </object_component>
      <object_component id="oc-387">
         <name>.text:_xdc_runtime_LoggerBuf_Instance_init__E</name>
         <load_address>0x89faf</load_address>
         <run_address>0x89faf</run_address>
         <size>0x30</size>
         <input_file_ref idref="fl-21"/>
      </object_component>
      <object_component id="oc-2f7">
         <name>.text:_xdc_runtime_Core_assignParams__I</name>
         <load_address>0x89fdf</load_address>
         <run_address>0x89fdf</run_address>
         <size>0x2f</size>
         <input_file_ref idref="fl-1d"/>
      </object_component>
      <object_component id="oc-22c">
         <name>.text:_xdc_runtime_Startup_exec__E</name>
         <load_address>0x8a00e</load_address>
         <run_address>0x8a00e</run_address>
         <size>0x2f</size>
         <input_file_ref idref="fl-23"/>
      </object_component>
      <object_component id="oc-319">
         <name>.text:_ti_sysbios_family_c28_Hwi_getStackInfo__E</name>
         <load_address>0x8a03d</load_address>
         <run_address>0x8a03d</run_address>
         <size>0x2e</size>
         <input_file_ref idref="fl-15"/>
      </object_component>
      <object_component id="oc-2e8">
         <name>.text:_ti_sysbios_knl_Swi_runLoop__I</name>
         <load_address>0x8a06b</load_address>
         <run_address>0x8a06b</run_address>
         <size>0x2e</size>
         <input_file_ref idref="fl-15"/>
      </object_component>
      <object_component id="oc-2af">
         <name>.text:_ti_sysbios_knl_Swi_schedule__I</name>
         <load_address>0x8a099</load_address>
         <run_address>0x8a099</run_address>
         <size>0x2e</size>
         <input_file_ref idref="fl-15"/>
      </object_component>
      <object_component id="oc-2d2">
         <name>.text:_ti_sysbios_knl_Task_schedule__I</name>
         <load_address>0x8a0c7</load_address>
         <run_address>0x8a0c7</run_address>
         <size>0x2e</size>
         <input_file_ref idref="fl-15"/>
      </object_component>
      <object_component id="oc-29e">
         <name>.text:_xdc_runtime_Assert_raise__I</name>
         <load_address>0x8a0f5</load_address>
         <run_address>0x8a0f5</run_address>
         <size>0x2d</size>
         <input_file_ref idref="fl-1a"/>
      </object_component>
      <object_component id="oc-2d4">
         <name>.text:_xdc_runtime_Error_setX__E</name>
         <load_address>0x8a122</load_address>
         <run_address>0x8a122</run_address>
         <size>0x2d</size>
         <input_file_ref idref="fl-1e"/>
      </object_component>
      <object_component id="oc-292">
         <name>.text:_ti_sysbios_family_c28_Timer_start__E</name>
         <load_address>0x8a14f</load_address>
         <run_address>0x8a14f</run_address>
         <size>0x2c</size>
         <input_file_ref idref="fl-15"/>
      </object_component>
      <object_component id="oc-35e">
         <name>.text:_xdc_runtime_LoggerBuf_Object__create__S</name>
         <load_address>0x8a17b</load_address>
         <run_address>0x8a17b</run_address>
         <size>0x2c</size>
         <input_file_ref idref="fl-d"/>
      </object_component>
      <object_component id="oc-3a1">
         <name>.text:_xdc_runtime_HeapStd_Object__create__S</name>
         <load_address>0x8a1a7</load_address>
         <run_address>0x8a1a7</run_address>
         <size>0x2b</size>
         <input_file_ref idref="fl-d"/>
      </object_component>
      <object_component id="oc-38a">
         <name>.text:_xdc_runtime_Text_xprintf__I</name>
         <load_address>0x8a1d2</load_address>
         <run_address>0x8a1d2</run_address>
         <size>0x29</size>
         <input_file_ref idref="fl-26"/>
      </object_component>
      <object_component id="oc-2ae">
         <name>.text</name>
         <load_address>0x8a1fb</load_address>
         <run_address>0x8a1fb</run_address>
         <size>0x29</size>
         <input_file_ref idref="fl-46"/>
      </object_component>
      <object_component id="oc-2eb">
         <name>.text</name>
         <load_address>0x8a224</load_address>
         <run_address>0x8a224</run_address>
         <size>0x27</size>
         <input_file_ref idref="fl-39"/>
      </object_component>
      <object_component id="oc-2e7">
         <name>.text:_xdc_runtime_SysMin_flush__E</name>
         <load_address>0x8a24b</load_address>
         <run_address>0x8a24b</run_address>
         <size>0x26</size>
         <input_file_ref idref="fl-25"/>
      </object_component>
      <object_component id="oc-3c0">
         <name>.text:_ti_sysbios_family_c28_TaskSupport_buildTaskStack</name>
         <load_address>0x8a271</load_address>
         <run_address>0x8a271</run_address>
         <size>0x25</size>
         <input_file_ref idref="fl-19"/>
      </object_component>
      <object_component id="oc-279">
         <name>.text:_ti_sysbios_knl_Swi_post__E</name>
         <load_address>0x8a296</load_address>
         <run_address>0x8a296</run_address>
         <size>0x24</size>
         <input_file_ref idref="fl-15"/>
      </object_component>
      <object_component id="oc-22b">
         <name>.text</name>
         <load_address>0x8a2ba</load_address>
         <run_address>0x8a2ba</run_address>
         <size>0x24</size>
         <input_file_ref idref="fl-42"/>
      </object_component>
      <object_component id="oc-257">
         <name>.text:_xdc_runtime_System_processAtExit__E</name>
         <load_address>0x8a2de</load_address>
         <run_address>0x8a2de</run_address>
         <size>0x23</size>
         <input_file_ref idref="fl-24"/>
      </object_component>
      <object_component id="oc-1d2">
         <name>.text</name>
         <load_address>0x8a301</load_address>
         <run_address>0x8a301</run_address>
         <size>0x23</size>
         <input_file_ref idref="fl-40"/>
      </object_component>
      <object_component id="oc-2c9">
         <name>.text:_ti_sysbios_knl_Task_allBlockedFunction__I</name>
         <load_address>0x8a324</load_address>
         <run_address>0x8a324</run_address>
         <size>0x21</size>
         <input_file_ref idref="fl-15"/>
      </object_component>
      <object_component id="oc-38f">
         <name>.text:_ti_sysbios_family_c28_Timer_setPrescale__E</name>
         <load_address>0x8a345</load_address>
         <run_address>0x8a345</run_address>
         <size>0x20</size>
         <input_file_ref idref="fl-15"/>
      </object_component>
      <object_component id="oc-263">
         <name>.text:_xdc_runtime_System_atexit__E</name>
         <load_address>0x8a365</load_address>
         <run_address>0x8a365</run_address>
         <size>0x20</size>
         <input_file_ref idref="fl-24"/>
      </object_component>
      <object_component id="oc-391">
         <name>.text:_ti_sysbios_knl_Task_exit__E</name>
         <load_address>0x8a385</load_address>
         <run_address>0x8a385</run_address>
         <size>0x1f</size>
         <input_file_ref idref="fl-15"/>
      </object_component>
      <object_component id="oc-2d6">
         <name>.text:_xdc_runtime_Error_policyLog__I</name>
         <load_address>0x8a3a4</load_address>
         <run_address>0x8a3a4</run_address>
         <size>0x1f</size>
         <input_file_ref idref="fl-d"/>
      </object_component>
      <object_component id="oc-333">
         <name>.text:_xdc_runtime_LoggerBuf_filterOutEvent__I</name>
         <load_address>0x8a3c3</load_address>
         <run_address>0x8a3c3</run_address>
         <size>0x1f</size>
         <input_file_ref idref="fl-21"/>
      </object_component>
      <object_component id="oc-2b2">
         <name>.text:_calculate_rect</name>
         <load_address>0x8a3e2</load_address>
         <run_address>0x8a3e2</run_address>
         <size>0x1e</size>
         <input_file_ref idref="fl-9"/>
      </object_component>
      <object_component id="oc-2a1">
         <name>.text:_ti_sysbios_knl_Task_blockI__E</name>
         <load_address>0x8a400</load_address>
         <run_address>0x8a400</run_address>
         <size>0x1e</size>
         <input_file_ref idref="fl-15"/>
      </object_component>
      <object_component id="oc-30e">
         <name>.text:_ti_sysbios_family_c28_TaskSupport_swap__E</name>
         <load_address>0x8a41e</load_address>
         <run_address>0x8a41e</run_address>
         <size>0x1d</size>
         <input_file_ref idref="fl-19"/>
      </object_component>
      <object_component id="oc-349">
         <name>.text:_ti_sysbios_gates_GateHwi_Object__create__S</name>
         <load_address>0x8a43b</load_address>
         <run_address>0x8a43b</run_address>
         <size>0x1d</size>
         <input_file_ref idref="fl-d"/>
      </object_component>
      <object_component id="oc-285">
         <name>.text:_ti_sysbios_gates_GateMutex_Object__create__S</name>
         <load_address>0x8a458</load_address>
         <run_address>0x8a458</run_address>
         <size>0x1d</size>
         <input_file_ref idref="fl-d"/>
      </object_component>
      <object_component id="oc-2f9">
         <name>.text:_ti_sysbios_knl_Semaphore_construct</name>
         <load_address>0x8a475</load_address>
         <run_address>0x8a475</run_address>
         <size>0x1d</size>
         <input_file_ref idref="fl-d"/>
      </object_component>
      <object_component id="oc-365">
         <name>.text:_xdc_runtime_SysMin_putch__E</name>
         <load_address>0x8a492</load_address>
         <run_address>0x8a492</run_address>
         <size>0x1d</size>
         <input_file_ref idref="fl-25"/>
      </object_component>
      <object_component id="oc-252">
         <name>.text</name>
         <load_address>0x8a4af</load_address>
         <run_address>0x8a4af</run_address>
         <size>0x1d</size>
         <input_file_ref idref="fl-43"/>
      </object_component>
      <object_component id="oc-311">
         <name>.text:_ti_sysbios_hal_Hwi_checkStack</name>
         <load_address>0x8a4cc</load_address>
         <run_address>0x8a4cc</run_address>
         <size>0x1c</size>
         <input_file_ref idref="fl-15"/>
      </object_component>
      <object_component id="oc-34c">
         <name>.text:_xdc_runtime_SysMin_output__I</name>
         <load_address>0x8a4e8</load_address>
         <run_address>0x8a4e8</run_address>
         <size>0x1c</size>
         <input_file_ref idref="fl-d"/>
      </object_component>
      <object_component id="oc-1cd">
         <name>.text</name>
         <load_address>0x8a504</load_address>
         <run_address>0x8a504</run_address>
         <size>0x1c</size>
         <input_file_ref idref="fl-3f"/>
      </object_component>
      <object_component id="oc-3bb">
         <name>.text:_ti_sysbios_family_c28_Hwi_switchAndDispatch__I</name>
         <load_address>0x8a520</load_address>
         <run_address>0x8a520</run_address>
         <size>0x1b</size>
         <input_file_ref idref="fl-16"/>
      </object_component>
      <object_component id="oc-2a8">
         <name>.text:_ti_sysbios_hal_Hwi_initStack</name>
         <load_address>0x8a53b</load_address>
         <run_address>0x8a53b</run_address>
         <size>0x1b</size>
         <input_file_ref idref="fl-15"/>
      </object_component>
      <object_component id="oc-3ad">
         <name>.text:_ti_sysbios_knl_Task_processVitalTaskFlag__I</name>
         <load_address>0x8a556</load_address>
         <run_address>0x8a556</run_address>
         <size>0x1b</size>
         <input_file_ref idref="fl-15"/>
      </object_component>
      <object_component id="oc-38b">
         <name>.text:_xdc_runtime_System_avprintf__E</name>
         <load_address>0x8a571</load_address>
         <run_address>0x8a571</run_address>
         <size>0x1a</size>
         <input_file_ref idref="fl-24"/>
      </object_component>
      <object_component id="oc-351">
         <name>.text:_ti_sysbios_knl_Queue_construct</name>
         <load_address>0x8a58b</load_address>
         <run_address>0x8a58b</run_address>
         <size>0x19</size>
         <input_file_ref idref="fl-d"/>
      </object_component>
      <object_component id="oc-294">
         <name>.text:_ti_sysbios_knl_Swi_restore__E</name>
         <load_address>0x8a5a4</load_address>
         <run_address>0x8a5a4</run_address>
         <size>0x19</size>
         <input_file_ref idref="fl-15"/>
      </object_component>
      <object_component id="oc-2aa">
         <name>.text:_xdc_runtime_System_vprintf__E</name>
         <load_address>0x8a5bd</load_address>
         <run_address>0x8a5bd</run_address>
         <size>0x19</size>
         <input_file_ref idref="fl-24"/>
      </object_component>
      <object_component id="oc-2e9">
         <name>.text:_ti_sysbios_family_xxx_Hwi_switchAndRunFunc</name>
         <load_address>0x8a5d6</load_address>
         <run_address>0x8a5d6</run_address>
         <size>0x18</size>
         <input_file_ref idref="fl-16"/>
      </object_component>
      <object_component id="oc-368">
         <name>.text:_xdc_runtime_LoggerBuf_reset__E</name>
         <load_address>0x8a5ee</load_address>
         <run_address>0x8a5ee</run_address>
         <size>0x18</size>
         <input_file_ref idref="fl-21"/>
      </object_component>
      <object_component id="oc-320">
         <name>.text:_xdc_runtime_System_putchar__I</name>
         <load_address>0x8a606</load_address>
         <run_address>0x8a606</run_address>
         <size>0x18</size>
         <input_file_ref idref="fl-24"/>
      </object_component>
      <object_component id="oc-265">
         <name>.text:_ti_sysbios_family_c28_Timer_startup__E</name>
         <load_address>0x8a61e</load_address>
         <run_address>0x8a61e</run_address>
         <size>0x17</size>
         <input_file_ref idref="fl-15"/>
      </object_component>
      <object_component id="oc-25c">
         <name>.text:_ti_sysbios_knl_Clock_doTick__I</name>
         <load_address>0x8a635</load_address>
         <run_address>0x8a635</run_address>
         <size>0x17</size>
         <input_file_ref idref="fl-d"/>
      </object_component>
      <object_component id="oc-297">
         <name>.text:_ti_sysbios_knl_Semaphore_pendTimeout__I</name>
         <load_address>0x8a64c</load_address>
         <run_address>0x8a64c</run_address>
         <size>0x17</size>
         <input_file_ref idref="fl-15"/>
      </object_component>
      <object_component id="oc-2a3">
         <name>.text:_ti_sysbios_knl_Task_restore__E</name>
         <load_address>0x8a663</load_address>
         <run_address>0x8a663</run_address>
         <size>0x17</size>
         <input_file_ref idref="fl-15"/>
      </object_component>
      <object_component id="oc-2ce">
         <name>.text:_ti_sysbios_knl_Task_unblockI__E</name>
         <load_address>0x8a67a</load_address>
         <run_address>0x8a67a</run_address>
         <size>0x17</size>
         <input_file_ref idref="fl-15"/>
      </object_component>
      <object_component id="oc-33c">
         <name>.text:_xdc_runtime_LoggerBuf_Module_startup__E</name>
         <load_address>0x8a691</load_address>
         <run_address>0x8a691</run_address>
         <size>0x17</size>
         <input_file_ref idref="fl-21"/>
      </object_component>
      <object_component id="oc-325">
         <name>.text:_xdc_runtime_Memory_valloc__E</name>
         <load_address>0x8a6a8</load_address>
         <run_address>0x8a6a8</run_address>
         <size>0x17</size>
         <input_file_ref idref="fl-22"/>
      </object_component>
      <object_component id="oc-33a">
         <name>.text:_xdc_runtime_SysMin_abort__E</name>
         <load_address>0x8a6bf</load_address>
         <run_address>0x8a6bf</run_address>
         <size>0x17</size>
         <input_file_ref idref="fl-25"/>
      </object_component>
      <object_component id="oc-262">
         <name>.text:_ti_sysbios_BIOS_atExitFunc__I</name>
         <load_address>0x8a6d6</load_address>
         <run_address>0x8a6d6</run_address>
         <size>0x16</size>
         <input_file_ref idref="fl-d"/>
      </object_component>
      <object_component id="oc-340">
         <name>.text:_ti_sysbios_family_c28_Timer_Module_startup__E</name>
         <load_address>0x8a6ec</load_address>
         <run_address>0x8a6ec</run_address>
         <size>0x16</size>
         <input_file_ref idref="fl-15"/>
      </object_component>
      <object_component id="oc-3a9">
         <name>.text:_xdc_runtime_Text_printVisFxn__I</name>
[...]
      <symbol id="sm-adf">
         <name>_xdc_runtime_Error_print__E</name>
         <value>0x89f7e</value>
         <object_component_ref idref="oc-339"/>
      </symbol>
      <symbol id="sm-ae0">
         <name>_xdc_runtime_Error_policyDefault__E</name>
         <value>0x89710</value>
         <object_component_ref idref="oc-2a5"/>
      </symbol>
      <symbol id="sm-ae1">
         <name>_xdc_runtime_Error_init__E</name>
         <value>0x8a9fc</value>
         <object_component_ref idref="oc-312"/>
      </symbol>
      <symbol id="sm-ae2">
         <name>_xdc_runtime_Error_raiseX__E</name>
         <value>0x8a77c</value>
         <object_component_ref idref="oc-24f"/>
      </symbol>
      <symbol id="sm-ae3">
         <name>_xdc_runtime_Error_check__E</name>
         <value>0x8a908</value>
         <object_component_ref idref="oc-37b"/>
      </symbol>
      <symbol id="sm-ae4">
         <name>_xdc_runtime_Error_setX__E</name>
         <value>0x8a122</value>
         <object_component_ref idref="oc-2d4"/>
      </symbol>
      <symbol id="sm-af2">
         <name>_xdc_runtime_Gate_leaveSystem__E</name>
         <value>0x8ab32</value>
         <object_component_ref idref="oc-28e"/>
      </symbol>
      <symbol id="sm-af3">
         <name>_xdc_runtime_Gate_enterSystem__E</name>
         <value>0x8ab2c</value>
         <object_component_ref idref="oc-276"/>
      </symbol>
      <symbol id="sm-b34">
         <name>_xdc_runtime_HeapStd_isBlocking__E</name>
         <value>0x8abbc</value>
         <object_component_ref idref="oc-39f"/>
      </symbol>
      <symbol id="sm-b35">
         <name>_xdc_runtime_HeapStd_getStats__E</name>
         <value>0x8aaf8</value>
         <object_component_ref idref="oc-3a0"/>
      </symbol>
      <symbol id="sm-b36">
         <name>_xdc_runtime_HeapStd_free__E</name>
         <value>0x895d6</value>
         <object_component_ref idref="oc-39e"/>
      </symbol>
      <symbol id="sm-b37">
         <name>_xdc_runtime_HeapStd_Instance_init__E</name>
         <value>0x8917f</value>
         <object_component_ref idref="oc-3b9"/>
      </symbol>
      <symbol id="sm-b38">
         <name>_xdc_runtime_HeapStd_alloc__E</name>
         <value>0x88847</value>
         <object_component_ref idref="oc-39d"/>
      </symbol>
      <symbol id="sm-b87">
         <name>_xdc_runtime_LoggerBuf_write0__E</name>
         <value>0x8a915</value>
         <object_component_ref idref="oc-358"/>
      </symbol>
      <symbol id="sm-b88">
         <name>_xdc_runtime_LoggerBuf_Instance_init__E</name>
         <value>0x89faf</value>
         <object_component_ref idref="oc-387"/>
      </symbol>
      <symbol id="sm-b89">
         <name>_xdc_runtime_LoggerBuf_Module_startup__E</name>
         <value>0x8a691</value>
         <object_component_ref idref="oc-33c"/>
      </symbol>
      <symbol id="sm-b8a">
         <name>_xdc_runtime_LoggerBuf_reset__E</name>
         <value>0x8a5ee</value>
         <object_component_ref idref="oc-368"/>
      </symbol>
      <symbol id="sm-b8b">
         <name>_xdc_runtime_LoggerBuf_Instance_finalize__E</name>
         <value>0x8a9dc</value>
         <object_component_ref idref="oc-388"/>
      </symbol>
      <symbol id="sm-b8c">
         <name>_xdc_runtime_LoggerBuf_write4__E</name>
         <value>0x89404</value>
         <object_component_ref idref="oc-35b"/>
      </symbol>
      <symbol id="sm-b8d">
         <name>_xdc_runtime_LoggerBuf_getFilterLevel__E</name>
         <value>0x89d1f</value>
         <object_component_ref idref="oc-35d"/>
      </symbol>
      <symbol id="sm-b8e">
         <name>_xdc_runtime_LoggerBuf_disable__E</name>
         <value>0x8ab48</value>
         <object_component_ref idref="oc-357"/>
      </symbol>
      <symbol id="sm-b8f">
         <name>_xdc_runtime_LoggerBuf_setFilterLevel__E</name>
         <value>0x89d5c</value>
         <object_component_ref idref="oc-35c"/>
      </symbol>
      <symbol id="sm-b90">
         <name>_xdc_runtime_LoggerBuf_write8__E</name>
         <value>0x88ad3</value>
         <object_component_ref idref="oc-315"/>
      </symbol>
      <symbol id="sm-b91">
         <name>_xdc_runtime_LoggerBuf_write2__E</name>
         <value>0x8a856</value>
         <object_component_ref idref="oc-35a"/>
      </symbol>
      <symbol id="sm-b92">
         <name>_xdc_runtime_LoggerBuf_filterOutEvent__I</name>
         <value>0x8a3c3</value>
         <object_component_ref idref="oc-333"/>
      </symbol>
      <symbol id="sm-b93">
         <name>_xdc_runtime_LoggerBuf_write1__E</name>
         <value>0x8a922</value>
         <object_component_ref idref="oc-359"/>
      </symbol>
      <symbol id="sm-b94">
         <name>_xdc_runtime_LoggerBuf_enable__E</name>
         <value>0x8ab38</value>
         <object_component_ref idref="oc-356"/>
      </symbol>
      <symbol id="sm-baf">
         <name>_xdc_runtime_Memory_calloc__E</name>
         <value>0x8aad2</value>
         <object_component_ref idref="oc-2f8"/>
      </symbol>
      <symbol id="sm-bb0">
         <name>_xdc_runtime_Memory_free__E</name>
         <value>0x8aa06</value>
         <object_component_ref idref="oc-2fb"/>
      </symbol>
      <symbol id="sm-bb1">
         <name>_xdc_runtime_Memory_valloc__E</name>
         <value>0x8a6a8</value>
         <object_component_ref idref="oc-325"/>
      </symbol>
      <symbol id="sm-bb2">
         <name>_xdc_runtime_Memory_alloc__E</name>
         <value>0x89c25</value>
         <object_component_ref idref="oc-34d"/>
      </symbol>
      <symbol id="sm-bb3">
         <name>_xdc_runtime_Memory_getMaxDefaultTypeAlign__E</name>
         <value>0x8ab59</value>
         <object_component_ref idref="oc-37c"/>
      </symbol>
      <symbol id="sm-bd5">
         <name>_xdc_runtime_Startup_startMods__I</name>
         <value>0x894f3</value>
         <object_component_ref idref="oc-2a9"/>
      </symbol>
      <symbol id="sm-bd6">
         <name>_xdc_runtime_Startup_rtsDone__E</name>
         <value>0x8ab5d</value>
         <object_component_ref idref="oc-260"/>
      </symbol>
      <symbol id="sm-bd7">
         <name>_xdc_runtime_Startup_exec__E</name>
         <value>0x8a00e</value>
         <object_component_ref idref="oc-22c"/>
      </symbol>
      <symbol id="sm-c5b">
         <name>_xdc_runtime_System_formatNum__I</name>
         <value>0x89ee6</value>
         <object_component_ref idref="oc-31f"/>
      </symbol>
      <symbol id="sm-c5c">
         <name>_xdc_runtime_System_exit__E</name>
         <value>0x8a9e7</value>
         <object_component_ref idref="oc-22f"/>
      </symbol>
      <symbol id="sm-c5d">
         <name>_xdc_runtime_System_exitStd__E</name>
         <value>0x8abac</value>
         <object_component_ref idref="oc-278"/>
      </symbol>
      <symbol id="sm-c5e">
         <name>_xdc_runtime_System_printf_va__F</name>
         <value>0x8a5bd</value>
         <object_component_ref idref="oc-2aa"/>
      </symbol>
      <symbol id="sm-c5f">
         <name>_xdc_runtime_System_atexit__E</name>
         <value>0x8a365</value>
         <object_component_ref idref="oc-263"/>
      </symbol>
      <symbol id="sm-c60">
         <name>_xdc_runtime_System_abortStd__E</name>
         <value>0x8aba9</value>
         <object_component_ref idref="oc-33b"/>
      </symbol>
      <symbol id="sm-c61">
         <name>_xdc_runtime_System_putchar__I</name>
         <value>0x8a606</value>
         <object_component_ref idref="oc-320"/>
      </symbol>
      <symbol id="sm-c62">
         <name>_xdc_runtime_System_snprintf_va__F</name>
         <value>0x8aa10</value>
         <object_component_ref idref="oc-3aa"/>
      </symbol>
      <symbol id="sm-c63">
         <name>_xdc_runtime_System_Module_startup__E</name>
         <value>0x8ab9a</value>
         <object_component_ref idref="oc-33d"/>
      </symbol>
      <symbol id="sm-c64">
         <name>_xdc_runtime_System_avprintf__E</name>
         <value>0x8a571</value>
         <object_component_ref idref="oc-38b"/>
      </symbol>
      <symbol id="sm-c65">
         <name>_xdc_runtime_System_vprintf__E</name>
         <value>0x8a5bd</value>
         <object_component_ref idref="oc-2aa"/>
      </symbol>
      <symbol id="sm-c66">
         <name>_xdc_runtime_System_aprintf_va__F</name>
         <value>0x8a571</value>
         <object_component_ref idref="oc-38b"/>
      </symbol>
      <symbol id="sm-c67">
         <name>_xdc_runtime_System_doPrint__I</name>
         <value>0x88369</value>
         <object_component_ref idref="oc-2e1"/>
      </symbol>
      <symbol id="sm-c68">
         <name>_xdc_runtime_System_processAtExit__E</name>
         <value>0x8a2de</value>
         <object_component_ref idref="oc-257"/>
      </symbol>
      <symbol id="sm-c69">
         <name>_xdc_runtime_System_vsnprintf__E</name>
         <value>0x8aa10</value>
         <object_component_ref idref="oc-3aa"/>
      </symbol>
      <symbol id="sm-c6a">
         <name>_xdc_runtime_System_abort__E</name>
         <value>0x8a92f</value>
         <object_component_ref idref="oc-2da"/>
      </symbol>
      <symbol id="sm-c88">
         <name>_xdc_runtime_SysMin_abort__E</name>
         <value>0x8a6bf</value>
         <object_component_ref idref="oc-33a"/>
      </symbol>
      <symbol id="sm-c89">
         <name>_xdc_runtime_SysMin_ready__E</name>
         <value>0x8aada</value>
         <object_component_ref idref="oc-31c"/>
      </symbol>
      <symbol id="sm-c8a">
         <name>_xdc_runtime_SysMin_flush__E</name>
         <value>0x8a24b</value>
         <object_component_ref idref="oc-2e7"/>
      </symbol>
      <symbol id="sm-c8b">
         <name>_xdc_runtime_SysMin_Module_startup__E</name>
         <value>0x8a819</value>
         <object_component_ref idref="oc-33e"/>
      </symbol>
      <symbol id="sm-c8c">
         <name>_xdc_runtime_SysMin_putch__E</name>
         <value>0x8a492</value>
         <object_component_ref idref="oc-365"/>
      </symbol>
      <symbol id="sm-c8d">
         <name>_xdc_runtime_SysMin_exit__E</name>
         <value>0x8a978</value>
         <object_component_ref idref="oc-2ad"/>
      </symbol>
      <symbol id="sm-cc7">
         <name>_xdc_runtime_Text_putLab__E</name>
         <value>0x89ba4</value>
         <object_component_ref idref="oc-377"/>
      </symbol>
      <symbol id="sm-cc8">
         <name>_xdc_runtime_Text_printVisFxn__I</name>
         <value>0x8a702</value>
         <object_component_ref idref="oc-3a9"/>
      </symbol>
      <symbol id="sm-cc9">
         <name>_xdc_runtime_Text_putMod__E</name>
         <value>0x89e44</value>
         <object_component_ref idref="oc-389"/>
      </symbol>
      <symbol id="sm-cca">
         <name>_xdc_runtime_Text_xprintf__I</name>
         <value>0x8a1d2</value>
         <object_component_ref idref="oc-38a"/>
      </symbol>
      <symbol id="sm-ccb">
         <name>_xdc_runtime_Text_ropeText__E</name>
         <value>0x8aa1a</value>
         <object_component_ref idref="oc-2d0"/>
      </symbol>
      <symbol id="sm-ccc">
         <name>_xdc_runtime_Text_putSite__E</name>
         <value>0x89770</value>
         <object_component_ref idref="oc-363"/>
      </symbol>
      <symbol id="sm-cd8">
         <name>___xdc__init</name>
         <value>0x8ab64</value>
         <object_component_ref idref="oc-230"/>
      </symbol>
      <symbol id="sm-cf8">
         <name>_xdc_runtime_Registry_findById__E</name>
         <value>0x8a865</value>
         <object_component_ref idref="oc-3a7"/>
      </symbol>
      <symbol id="sm-d13">
         <name>_c_int00</name>
         <value>0x89641</value>
         <object_component_ref idref="oc-82"/>
      </symbol>
      <symbol id="sm-d14">
         <name>__stack</name>
         <value>0x9160</value>
         <object_component_ref idref="oc-199"/>
      </symbol>
      <symbol id="sm-d2b">
         <name>_ti_catalog_c2800_initF2837x_Boot_initFlash</name>
         <value>0xb000</value>
         <object_component_ref idref="oc-2db"/>
      </symbol>
      <symbol id="sm-d2c">
         <name>_ti_catalog_c2800_initF2837x_Boot_defaultLimpAbortFunction</name>
         <value>0x8abc0</value>
         <object_component_ref idref="oc-2a6"/>
      </symbol>
      <symbol id="sm-d2d">
         <name>_ti_catalog_c2800_initF2837x_Boot_configurePllDivs</name>
         <value>0x899b6</value>
         <object_component_ref idref="oc-250"/>
      </symbol>
      <symbol id="sm-d2e">
         <name>_ti_catalog_c2800_initF2837x_Boot_initSharedRAMs</name>
         <value>0x8aaa2</value>
         <object_component_ref idref="oc-251"/>
      </symbol>
      <symbol id="sm-d3a">
         <name>_ti_catalog_c2800_initF2837x_Boot_entry</name>
         <value>0x80000</value>
         <object_component_ref idref="oc-83"/>
      </symbol>
      <symbol id="sm-d92">
         <name>_powf</name>
         <value>0x88000</value>
         <object_component_ref idref="oc-2b3"/>
      </symbol>
      <symbol id="sm-d94">
         <name>_pow</name>
         <value>0x88000</value>
         <object_component_ref idref="oc-2b3"/>
      </symbol>
      <symbol id="sm-da4">
         <name>_sqrtf</name>
         <value>0x8a224</value>
         <object_component_ref idref="oc-2eb"/>
      </symbol>
      <symbol id="sm-da6">
         <name>_sqrt</name>
         <value>0x8a224</value>
         <object_component_ref idref="oc-2eb"/>
      </symbol>
      <symbol id="sm-dbc">
         <name>_floorf</name>
         <value>0x897d0</value>
         <object_component_ref idref="oc-2ea"/>
      </symbol>
      <symbol id="sm-dbe">
         <name>_floor</name>
         <value>0x897d0</value>
         <object_component_ref idref="oc-2ea"/>
      </symbol>
      <symbol id="sm-dd6">
         <name>_scalbn</name>
         <value>0x89829</value>
         <object_component_ref idref="oc-2ef"/>
      </symbol>
      <symbol id="sm-dd7">
         <name>_ldexp</name>
         <value>0x89829</value>
         <object_component_ref idref="oc-2ef"/>
      </symbol>
      <symbol id="sm-dd8">
         <name>_scalbnf</name>
         <value>0x89829</value>
         <object_component_ref idref="oc-2ef"/>
      </symbol>
      <symbol id="sm-dda">
         <name>_ldexpf</name>
         <value>0x89829</value>
         <object_component_ref idref="oc-2ef"/>
      </symbol>
      <symbol id="sm-df5">
         <name>FD$$ADD</name>
         <value>0x88d8f</value>
         <object_component_ref idref="oc-1be"/>
      </symbol>
      <symbol id="sm-e06">
         <name>FS$$DIV</name>
         <value>0x890f7</value>
         <object_component_ref idref="oc-1c3"/>
      </symbol>
      <symbol id="sm-e32">
         <name>ULL$$MOD</name>
         <value>0x887e5</value>
         <object_component_ref idref="oc-1c8"/>
      </symbol>
      <symbol id="sm-e33">
         <name>ULL$$DIV</name>
         <value>0x887b6</value>
         <object_component_ref idref="oc-1c8"/>
      </symbol>
      <symbol id="sm-e34">
         <name>LL$$MOD</name>
         <value>0x8877c</value>
         <object_component_ref idref="oc-1c8"/>
      </symbol>
      <symbol id="sm-e35">
         <name>LL$$DIV</name>
         <value>0x88740</value>
         <object_component_ref idref="oc-1c8"/>
      </symbol>
      <symbol id="sm-e45">
         <name>FS$$TOFD</name>
         <value>0x8a504</value>
         <object_component_ref idref="oc-1cd"/>
      </symbol>
      <symbol id="sm-e55">
         <name>FD$$TOFS</name>
         <value>0x8a301</value>
         <object_component_ref idref="oc-1d2"/>
      </symbol>
      <symbol id="sm-e6c">
         <name>FD$$DIV</name>
         <value>0x8906c</value>
         <object_component_ref idref="oc-1d7"/>
      </symbol>
      <symbol id="sm-e7b">
         <name>_copy_in</name>
         <value>0x8a2ba</value>
         <object_component_ref idref="oc-22b"/>
      </symbol>
      <symbol id="sm-e8d">
         <name>_memcpy</name>
         <value>0x8a4af</value>
         <object_component_ref idref="oc-252"/>
      </symbol>
      <symbol id="sm-e9a">
         <name>__system_pre_init</name>
         <value>0x8abbe</value>
         <object_component_ref idref="oc-229"/>
      </symbol>
      <symbol id="sm-ea8">
         <name>__system_post_cinit</name>
         <value>0x8abc6</value>
         <object_component_ref idref="oc-22d"/>
      </symbol>
      <symbol id="sm-ebd">
         <name>C$$EXIT</name>
         <value>0x8a1fb</value>
         <object_component_ref idref="oc-2ae"/>
      </symbol>
      <symbol id="sm-ebe">
         <name>_exit</name>
         <value>0x8a1fd</value>
         <object_component_ref idref="oc-2ae"/>
      </symbol>
      <symbol id="sm-ec0">
         <name>___TI_cleanup_ptr</name>
         <value>0x7ba</value>
         <object_component_ref idref="oc-1f2"/>
      </symbol>
      <symbol id="sm-ec1">
         <name>___TI_enable_exit_profile_output</name>
         <value>0x7b8</value>
         <object_component_ref idref="oc-1f2"/>
      </symbol>
      <symbol id="sm-ec2">
         <name>_abort</name>
         <value>0x8a1fb</value>
         <object_component_ref idref="oc-2ae"/>
      </symbol>
      <symbol id="sm-ec4">
         <name>___TI_dtors_ptr</name>
         <value>0x7bc</value>
         <object_component_ref idref="oc-1f2"/>
      </symbol>
      <symbol id="sm-ed8">
         <name>__unlock</name>
         <value>0x7be</value>
         <object_component_ref idref="oc-2c2"/>
      </symbol>
      <symbol id="sm-ed9">
         <name>__lock</name>
         <value>0x13e</value>
         <object_component_ref idref="oc-2c3"/>
      </symbol>
      <symbol id="sm-eda">
         <name>__register_lock</name>
         <value>0x8aa9d</value>
         <object_component_ref idref="oc-28a"/>
      </symbol>
      <symbol id="sm-edc">
         <name>__nop</name>
         <value>0x8aaa1</value>
         <object_component_ref idref="oc-28a"/>
      </symbol>
      <symbol id="sm-ede">
         <name>__register_unlock</name>
         <value>0x8aa99</value>
         <object_component_ref idref="oc-28a"/>
      </symbol>
      <symbol id="sm-eee">
         <name>__args_main</name>
         <value>0x8a7b3</value>
         <object_component_ref idref="oc-22e"/>
      </symbol>
      <symbol id="sm-efd">
         <name>_memset</name>
         <value>0x8ab0d</value>
         <object_component_ref idref="oc-34e"/>
      </symbol>
      <symbol id="sm-f14">
         <name>_strlen</name>
         <value>0x8aae2</value>
         <object_component_ref idref="oc-31e"/>
      </symbol>
      <symbol id="sm-f1f">
         <name>_errno</name>
         <value>0x7c4</value>
         <object_component_ref idref="oc-212"/>
      </symbol>
      <symbol id="sm-f2c">
         <name>_HOSTwrite</name>
         <value>0x89e0b</value>
         <object_component_ref idref="oc-37a"/>
      </symbol>
      <symbol id="sm-f46">
         <name>___TI_readmsg</name>
         <value>0x88e84</value>
         <object_component_ref idref="oc-39a"/>
      </symbol>
      <symbol id="sm-f48">
         <name>C$$IO$$</name>
         <value>0x88e7f</value>
         <object_component_ref idref="oc-39a"/>
      </symbol>
      <symbol id="sm-f49">
         <name>__CIOBUF_</name>
         <value>0x9040</value>
         <object_component_ref idref="oc-21a"/>
      </symbol>
      <symbol id="sm-f4a">
         <name>___TI_writemsg</name>
         <value>0x88e2c</value>
         <object_component_ref idref="oc-39a"/>
      </symbol>
      <symbol id="sm-f57">
         <name>_copysignf</name>
         <value>0x8a7f8</value>
         <object_component_ref idref="oc-324"/>
      </symbol>
      <symbol id="sm-f59">
         <name>_copysign</name>
         <value>0x8a7f8</value>
         <object_component_ref idref="oc-324"/>
      </symbol>
      <symbol id="sm-f65">
         <name>_parmbuf</name>
         <value>0x778</value>
         <object_component_ref idref="oc-399"/>
      </symbol>
   </symbol_table>
   <title>Link successful</title>
</link_info>
