******************************************************************************
             TMS320C2000 Linker PC v20.2.5                     
******************************************************************************
>> Linked Fri Jan 21 22:26:40 2022

OUTPUT FILE NAME:   <generator.out>
ENTRY POINT SYMBOL: "_c_int00"  address: 00089641


MEMORY CONFIGURATION

         name            origin    length      used     unused   attr    fill
----------------------  --------  ---------  --------  --------  ----  --------
PAGE 0:
  D01SARAM              0000b000   00001000  0000002b  00000fd5  RWIX
  BEGIN                 00080000   00000004  00000004  00000000  RWIX
  FLASHA                00080004   00001ffc  00000acc  00001530  RWIX
  FLASHB                00082000   00002000  00000000  00002000  RWIX
  FLASHC                00084000   00002000  00000000  00002000  RWIX
  FLASHD                00086000   00002000  00000000  00002000  RWIX
  FLASHE                00088000   00008000  00002bd5  0000542b  RWIX
  FLASHF                00090000   00008000  00000000  00008000  RWIX
  FLASHG                00098000   00008000  00000000  00008000  RWIX
  FLASHH                000a0000   00008000  00000000  00008000  RWIX
  FLASHI                000a8000   00008000  00000000  00008000  RWIX
  FLASHJ                000b0000   00008000  00000000  00008000  RWIX
  FLASHK                000b8000   00002000  00000000  00002000  RWIX
  FLASHL                000ba000   00002000  00000000  00002000  RWIX
  FLASHM                000bc000   00002000  00000000  00002000  RWIX
  FLASHN                000be000   00002000  00000000  00002000  RWIX
  FLASHO                000c0000   00002000  00000000  00002000  RWIX
  FLASHP                000c2000   00002000  00000000  00002000  RWIX
  FLASHQ                000c4000   00002000  00000000  00002000  RWIX
  FLASHR                000c6000   00002000  00000000  00002000  RWIX
  FLASHS                000c8000   00008000  00000000  00008000  RWIX
  FLASHT                000d0000   00008000  00000000  00008000  RWIX
  FLASHU                000d8000   00008000  00000000  00008000  RWIX
  FLASHV                000e0000   00008000  00000000  00008000  RWIX
  FLASHW                000e8000   00008000  00000000  00008000  RWIX
  FLASHX                000f0000   00008000  00000000  00008000  RWIX
  FLASHY                000f8000   00002000  00000000  00002000  RWIX
  FLASHZ                000fa000   00002000  00000000  00002000  RWIX
  FLASHAA               000fc000   00002000  00000000  00002000  RWIX
  FLASHAB               000fe000   00002000  00000000  00002000  RWIX
  RESET                 003fffc0   00000002  00000000  00000002  RWIX

PAGE 1:
  BOOT_RSVD             00000002   00000120  00000000  00000120  RWIX
  M01SARAM              00000122   000006de  000006dd  00000001  RWIX
  ADCA_RESULT           00000b00   00000020  00000018  00000008  RWIX
  ADCB_RESULT           00000b20   00000020  00000018  00000008  RWIX
  ADCC_RESULT           00000b40   00000020  00000018  00000008  RWIX
  ADCD_RESULT           00000b60   00000020  00000018  00000008  RWIX
  CPU_TIMER0            00000c00   00000008  00000008  00000000  RWIX
  CPU_TIMER1            00000c08   00000008  00000008  00000000  RWIX
  CPU_TIMER2            00000c10   00000008  00000008  00000000  RWIX
  PIE_CTRL              00000ce0   00000020  0000001a  00000006  RWIX
  PIE_VECT              00000d00   00000200  00000000  00000200  RWIX
  DMA                   00001000   00000200  000000e0  00000120  RWIX
  CLA1                  00001400   00000040  0000003e  00000002  RWIX
  EPWM1                 00004000   00000100  00000100  00000000  RWIX
  EPWM2                 00004100   00000100  00000100  00000000  RWIX
  EPWM3                 00004200   00000100  00000100  00000000  RWIX
  EPWM4                 00004300   00000100  00000100  00000000  RWIX
  EPWM5                 00004400   00000100  00000100  00000000  RWIX
  EPWM6                 00004500   00000100  00000100  00000000  RWIX
  EPWM7                 00004600   00000100  00000100  00000000  RWIX
  EPWM8                 00004700   00000100  00000100  00000000  RWIX
  EPWM9                 00004800   00000100  00000100  00000000  RWIX
  EPWM10                00004900   00000100  00000100  00000000  RWIX
  EPWM11                00004a00   00000100  00000100  00000000  RWIX
  EPWM12                00004b00   00000100  00000100  00000000  RWIX
  ECAP1                 00005000   00000020  00000020  00000000  RWIX
  ECAP2                 00005020   00000020  00000020  00000000  RWIX
  ECAP3                 00005040   00000020  00000020  00000000  RWIX
  ECAP4                 00005060   00000020  00000020  00000000  RWIX
  ECAP5                 00005080   00000020  00000020  00000000  RWIX
  ECAP6                 000050a0   00000020  00000020  00000000  RWIX
  EQEP1                 00005100   00000040  00000022  0000001e  RWIX
  EQEP2                 00005140   00000040  00000022  0000001e  RWIX
  EQEP3                 00005180   00000040  00000022  0000001e  RWIX
  DACA                  00005c00   00000010  00000008  00000008  RWIX
  DACB                  00005c10   00000010  00000008  00000008  RWIX
  DACC                  00005c20   00000010  00000008  00000008  RWIX
  CMPSS1                00005c80   00000020  00000020  00000000  RWIX
  CMPSS2                00005ca0   00000020  00000020  00000000  RWIX
  CMPSS3                00005cc0   00000020  00000020  00000000  RWIX
  CMPSS4                00005ce0   00000020  00000020  00000000  RWIX
  CMPSS5                00005d00   00000020  00000020  00000000  RWIX
  CMPSS6                00005d20   00000020  00000020  00000000  RWIX
  CMPSS7                00005d40   00000020  00000020  00000000  RWIX
  CMPSS8                00005d60   00000020  00000020  00000000  RWIX
  SDFM1                 00005e00   00000080  00000080  00000000  RWIX
  SDFM2                 00005e80   00000080  00000080  00000000  RWIX
  MCBSPA                00006000   00000040  00000024  0000001c  RWIX
  MCBSPB                00006040   00000040  00000024  0000001c  RWIX
  SPIA                  00006100   00000010  00000010  00000000  RWIX
  SPIB                  00006110   00000010  00000010  00000000  RWIX
  SPIC                  00006120   00000010  00000010  00000000  RWIX
  SPID                  00006130   00000010  00000000  00000010  RWIX
  UPP                   00006200   00000100  00000048  000000b8  RWIX
  WD                    00007000   00000040  0000002b  00000015  RWIX
  NMIINTRUPT            00007060   00000010  00000007  00000009  RWIX
  XINT                  00007070   00000010  0000000b  00000005  RWIX
  SCIA                  00007200   00000010  00000010  00000000  RWIX
  SCIB                  00007210   00000010  00000010  00000000  RWIX
  SCIC                  00007220   00000010  00000010  00000000  RWIX
  SCID                  00007230   00000010  00000010  00000000  RWIX
  I2CA                  00007300   00000040  00000022  0000001e  RWIX
  I2CB                  00007340   00000040  00000022  0000001e  RWIX
  ADCA                  00007400   00000080  00000080  00000000  RWIX
  ADCB                  00007480   00000080  00000080  00000000  RWIX
  ADCC                  00007500   00000080  00000080  00000000  RWIX
  ADCD                  00007580   00000080  00000080  00000000  RWIX
  INPUT_XBAR            00007900   00000020  00000020  00000000  RWIX
  XBAR                  00007920   00000020  00000020  00000000  RWIX
  SYNC_SOC              00007940   00000010  00000006  0000000a  RWIX
  DMACLASRCSEL          00007980   00000040  0000001a  00000026  RWIX
  EPWM_XBAR             00007a00   00000040  00000040  00000000  RWIX
  CLB_XBAR              00007a40   00000040  00000000  00000040  RWIX
  OUTPUT_XBAR           00007a80   00000040  00000040  00000000  RWIX
  GPIOCTRL              00007c00   00000180  00000180  00000000  RWIX
  GPIODAT               00007f00   00000030  00000030  00000000  RWIX
  LS05SARAM             00008000   00003000  00001218  00001de8  RWIX
  RAMGS0                0000c000   00001000  00000000  00001000  RWIX
  RAMGS1                0000d000   00001000  00000000  00001000  RWIX
  RAMGS2                0000e000   00001000  00000000  00001000  RWIX
  RAMGS3                0000f000   00001000  00000000  00001000  RWIX
  RAMGS4                00010000   00001000  00000000  00001000  RWIX
  RAMGS5                00011000   00001000  00000000  00001000  RWIX
  RAMGS6                00012000   00001000  00000000  00001000  RWIX
  RAMGS7                00013000   00001000  00000000  00001000  RWIX
  RAMGS8                00014000   00001000  00000000  00001000  RWIX
  RAMGS9                00015000   00001000  00000000  00001000  RWIX
  RAMGS10               00016000   00001000  00000000  00001000  RWIX
  RAMGS11               00017000   00001000  00000000  00001000  RWIX
  RAMGS12               00018000   00001000  00000000  00001000  RWIX
  RAMGS13               00019000   00001000  00000000  00001000  RWIX
  RAMGS14               0001a000   00001000  00000000  00001000  RWIX
  RAMGS15               0001b000   00001000  00000000  00001000  RWIX
  EMIF1                 00047000   00000800  00000070  00000790  RWIX
  EMIF2                 00047800   00000800  00000070  00000790  RWIX
  CANA                  00048000   00000800  00000164  0000069c  RWIX
  CANB                  0004a000   00000800  00000164  0000069c  RWIX
  FLASHPUMPSEMAPHORE    00050024   00000002  00000002  00000000  RWIX
  DEV_CFG               0005d000   00000180  0000012e  00000052  RWIX
  ANALOG_SUBSYS         0005d180   00000080  00000048  00000038  RWIX
  CLK_CFG               0005d200   00000100  00000032  000000ce  RWIX
  CPU_SYS               0005d300   00000100  00000082  0000007e  RWIX
  ROMPREFETCH           0005e608   00000002  00000002  00000000  RWIX
  DCSM_Z1               0005f000   00000030  00000024  0000000c  RWIX
  DCSM_Z2               0005f040   00000030  00000024  0000000c  RWIX
  DCSM_COMMON           0005f070   00000010  00000008  00000008  RWIX
  MEMCFG                0005f400   00000080  00000080  00000000  RWIX
  EMIF1CONFIG           0005f480   00000020  00000020  00000000  RWIX
  EMIF2CONFIG           0005f4a0   00000020  00000020  00000000  RWIX
  ACCESSPROTECTION      0005f4c0   00000040  00000040  00000000  RWIX
  MEMORYERROR           0005f500   00000040  00000040  00000000  RWIX
  ROMWAITSTATE          0005f540   00000002  00000002  00000000  RWIX
  FLASH0_CTRL           0005f800   00000300  00000182  0000017e  RWIX
  FLASH0_ECC            0005fb00   00000040  00000028  00000018  RWIX
  FLASH1_CTRL           0005fc00   00000300  00000182  0000017e  RWIX
  FLASH1_ECC            0005ff00   00000040  00000028  00000018  RWIX
  DCSM_Z1_OTP           00078000   00000020  00000020  00000000  RWIX
  DCSM_Z2_OTP           00078200   00000020  00000020  00000000  RWIX


SECTION ALLOCATION MAP

 output                                  attributes/
section   page    origin      length       input sections
--------  ----  ----------  ----------   ----------------
PieVectTableFile 
*          0    00000d00    000001c0     DSECT
                  00000d00    000001c0     F2837xS_GlobalVariableDefs.obj (PieVectTableFile)

EmuKeyVar 
*          0    00000d00    00000001     DSECT
                  00000d00    00000001     F2837xS_GlobalVariableDefs.obj (EmuKeyVar)

EmuBModeVar 
*          0    00000d01    00000001     DSECT
                  00000d01    00000001     F2837xS_GlobalVariableDefs.obj (EmuBModeVar)

FlashCallbackVar 
*          0    00000d02    00000000     DSECT

FlashScalingVar 
*          0    00000d02    00000000     DSECT

.ti_catalog_c2800_initF2837x_begin 
*          0    00080000    00000002     
                  00080000    00000002     Boot.a28FP : Boot_asm.o28FP (.ti_catalog_c2800_initF2837x_begin)

codestart 
*          0    00080002    00000002     
                  00080002    00000002     F2837xS_CodeStartBranch.obj (codestart)

.TI.ramfunc 
*          0    00080030    00000004     RUN ADDR = 00008000
                  00080030    00000004     F2837xS_usDelay.obj (.TI.ramfunc)

.econst    0    00080034    00000573     
                  00080034    000001c0     app_p28FP.o28FP (.econst:_ti_sysbios_family_c28_Hwi_vectors)
                  000801f4    0000006b     app_p28FP.o28FP (.econst:.string)
                  0008025f    00000001     app_p28FP.o28FP (.econst:ti_sysbios_family_c28_Hwi_Module__id__C)
                  00080260    00000058     ti.targets.rts2800.a28FP : Error.o28FP (.econst:.string)
                  000802b8    00000047                              : Log.o28FP (.econst:.string)
                  000802ff    00000001     app_p28FP.o28FP (.econst:ti_sysbios_family_c28_Hwi_NUM_INTERRUPTS_ALL__C)
                  00080300    00000032     rts2800_fpu32.lib : e_powf.c.obj (.econst)
                  00080332    00000031     ti.targets.rts2800.a28FP : Text.o28FP (.econst:.string)
                  00080363    00000001     app_p28FP.o28FP (.econst:ti_sysbios_family_c28_Hwi_Object__count__C)
                  00080364    0000002a     ti.targets.rts2800.a28FP : Startup.o28FP (.econst:.string)
                  0008038e    0000001e     app_p28FP.o28FP (.econst:xdc_runtime_LoggerBuf_Module__FXNS__C)
                  000803ac    00000019     ti.targets.rts2800.a28FP : System.o28FP (.econst:.string)
                  000803c5    00000001     app_p28FP.o28FP (.econst:ti_sysbios_family_c28_TaskSupport_Module__id__C)
                  000803c6    00000014     app_p28FP.o28FP (.econst:xdc_runtime_HeapStd_Module__FXNS__C)
                  000803da    00000014     app_p28FP.o28FP (.econst:xdc_runtime_Startup_sfxnTab__A)
                  000803ee    00000012     app_p28FP.o28FP (.econst:ti_sysbios_gates_GateHwi_Module__FXNS__C)
                  00080400    00000012     app_p28FP.o28FP (.econst:ti_sysbios_gates_GateMutex_Module__FXNS__C)
                  00080412    00000012     app_p28FP.o28FP (.econst:xdc_runtime_LoggerBuf_Object__PARAMS__C)
                  00080424    00000010     app_p28FP.o28FP (.econst:ti_sysbios_gates_GateHwi_Object__DESC__C)
                  00080434    00000010     app_p28FP.o28FP (.econst:ti_sysbios_gates_GateMutex_Object__DESC__C)
                  00080444    00000010     app_p28FP.o28FP (.econst:ti_sysbios_knl_Queue_Object__DESC__C)
                  00080454    00000010     app_p28FP.o28FP (.econst:ti_sysbios_knl_Semaphore_Object__DESC__C)
                  00080464    00000010     app_p28FP.o28FP (.econst:ti_sysbios_knl_Semaphore_Object__PARAMS__C)
                  00080474    00000010     app_p28FP.o28FP (.econst:xdc_runtime_HeapStd_Object__DESC__C)
                  00080484    00000010     app_p28FP.o28FP (.econst:xdc_runtime_LoggerBuf_Object__DESC__C)
                  00080494    0000000e     main.obj (.econst:.string)
                  000804a2    0000000e     app_p28FP.o28FP (.econst:xdc_runtime_HeapStd_Object__PARAMS__C)
                  000804b0    0000000c     app_p28FP.o28FP (.econst:ti_sysbios_gates_GateHwi_Object__PARAMS__C)
                  000804bc    0000000c     app_p28FP.o28FP (.econst:ti_sysbios_gates_GateMutex_Object__PARAMS__C)
                  000804c8    0000000c     app_p28FP.o28FP (.econst:ti_sysbios_knl_Queue_Object__PARAMS__C)
                  000804d4    0000000a     app_p28FP.o28FP (.econst:xdc_runtime_Startup_sfxnRts__A)
                  000804de    00000008     app_p28FP.o28FP (.econst)
                  000804e6    00000006     rts2800_fpu32.lib : s_scalbnf.c.obj (.econst)
                  000804ec    00000005     ti.targets.rts2800.a28FP : Assert.o28FP (.econst:.string)
                  000804f1    00000001     app_p28FP.o28FP (.econst:ti_sysbios_family_c28_Timer_startupNeeded__C)
                  000804f2    00000004     rts2800_fpu32.lib : e_powf.c.obj (.econst:_bp)
                  000804f6    00000004                       : e_powf.c.obj (.econst:_dp_h)
                  000804fa    00000004                       : e_powf.c.obj (.econst:_dp_l)
                  000804fe    00000004     app_p28FP.o28FP (.econst:ti_sysbios_knl_Idle_funcList__A)
                  00080502    00000004     app_p28FP.o28FP (.econst:ti_sysbios_knl_Idle_funcList__C)
                  00080506    00000004     app_p28FP.o28FP (.econst:xdc_runtime_Startup_firstFxns__A)
                  0008050a    00000004     app_p28FP.o28FP (.econst:xdc_runtime_Startup_firstFxns__C)
                  0008050e    00000004     app_p28FP.o28FP (.econst:xdc_runtime_Startup_lastFxns__C)
                  00080512    00000002     rts2800_fpu32.lib : s_floorf.c.obj (.econst)
                  00080514    00000002     app_p28FP.o28FP (.econst:ti_sysbios_family_c28_Hwi_A_badIntNum__C)
                  00080516    00000002     app_p28FP.o28FP (.econst:ti_sysbios_family_c28_Hwi_A_invalidArg__C)
                  00080518    00000002     app_p28FP.o28FP (.econst:ti_sysbios_family_c28_Hwi_E_unpluggedInterrupt__C)
                  0008051a    00000002     app_p28FP.o28FP (.econst:ti_sysbios_family_c28_Hwi_Module__diagsEnabled__C)
                  0008051c    00000002     app_p28FP.o28FP (.econst:ti_sysbios_family_c28_Hwi_Module__diagsIncluded__C)
                  0008051e    00000002     app_p28FP.o28FP (.econst:ti_sysbios_family_c28_Hwi_Module__diagsMask__C)
                  00080520    00000002     app_p28FP.o28FP (.econst:ti_sysbios_family_c28_TaskSupport_E_invalidStack__C)
                  00080522    00000002     app_p28FP.o28FP (.econst:ti_sysbios_gates_GateMutex_A_badContext__C)
                  00080524    00000002     app_p28FP.o28FP (.econst:ti_sysbios_gates_GateMutex_Instance_State_sem__O)
                  00080526    00000002     app_p28FP.o28FP (.econst:ti_sysbios_gates_GateMutex_Module__diagsEnabled__C)
                  00080528    00000002     app_p28FP.o28FP (.econst:ti_sysbios_gates_GateMutex_Module__diagsIncluded__C)
                  0008052a    00000002     app_p28FP.o28FP (.econst:ti_sysbios_gates_GateMutex_Module__diagsMask__C)
                  0008052c    00000002     app_p28FP.o28FP (.econst:ti_sysbios_hal_Hwi_E_stackOverflow__C)
                  0008052e    00000002     app_p28FP.o28FP (.econst:ti_sysbios_knl_Clock_Module_State_clockQ__O)
                  00080530    00000002     app_p28FP.o28FP (.econst:ti_sysbios_knl_Semaphore_A_badContext__C)
                  00080532    00000002     app_p28FP.o28FP (.econst:ti_sysbios_knl_Semaphore_A_noEvents__C)
                  00080534    00000002     app_p28FP.o28FP (.econst:ti_sysbios_knl_Semaphore_A_overflow__C)
                  00080536    00000002     app_p28FP.o28FP (.econst:ti_sysbios_knl_Semaphore_A_pendTaskDisabled__C)
                  00080538    00000002     app_p28FP.o28FP (.econst:ti_sysbios_knl_Semaphore_Instance_State_pendQ__O)
                  0008053a    00000002     app_p28FP.o28FP (.econst:ti_sysbios_knl_Semaphore_Module__diagsEnabled__C)
                  0008053c    00000002     app_p28FP.o28FP (.econst:ti_sysbios_knl_Semaphore_Module__diagsIncluded__C)
                  0008053e    00000002     app_p28FP.o28FP (.econst:ti_sysbios_knl_Semaphore_Module__diagsMask__C)
                  00080540    00000002     app_p28FP.o28FP (.econst:ti_sysbios_knl_Task_E_spOutOfBounds__C)
                  00080542    00000002     app_p28FP.o28FP (.econst:ti_sysbios_knl_Task_E_stackOverflow__C)
                  00080544    00000002     app_p28FP.o28FP (.econst:ti_sysbios_knl_Task_Module_State_inactiveQ__O)
                  00080546    00000002     app_p28FP.o28FP (.econst:ti_sysbios_knl_Task_allBlockedFunc__C)
                  00080548    00000002     app_p28FP.o28FP (.econst:xdc_runtime_Assert_E_assertFailed__C)
                  0008054a    00000002     app_p28FP.o28FP (.econst:xdc_runtime_Core_A_initializedParams__C)
                  0008054c    00000002     app_p28FP.o28FP (.econst:xdc_runtime_Core_Module__diagsEnabled__C)
                  0008054e    00000002     app_p28FP.o28FP (.econst:xdc_runtime_Core_Module__diagsIncluded__C)
                  00080550    00000002     app_p28FP.o28FP (.econst:xdc_runtime_Core_Module__diagsMask__C)
                  00080552    00000002     app_p28FP.o28FP (.econst:xdc_runtime_Error_E_memory__C)
                  00080554    00000002     app_p28FP.o28FP (.econst:xdc_runtime_Error_policyFxn__C)
                  00080556    00000002     app_p28FP.o28FP (.econst:xdc_runtime_Error_raiseHook__C)
                  00080558    00000002     app_p28FP.o28FP (.econst:xdc_runtime_HeapStd_A_align__C)
                  0008055a    00000002     app_p28FP.o28FP (.econst:xdc_runtime_HeapStd_A_invalidTotalFreeSize__C)
                  0008055c    00000002     app_p28FP.o28FP (.econst:xdc_runtime_HeapStd_A_zeroSize__C)
                  0008055e    00000002     app_p28FP.o28FP (.econst:xdc_runtime_HeapStd_E_noRTSMemory__C)
                  00080560    00000002     app_p28FP.o28FP (.econst:xdc_runtime_HeapStd_Module__diagsEnabled__C)
                  00080562    00000002     app_p28FP.o28FP (.econst:xdc_runtime_HeapStd_Module__diagsIncluded__C)
                  00080564    00000002     app_p28FP.o28FP (.econst:xdc_runtime_HeapStd_Module__diagsMask__C)
                  00080566    00000002     app_p28FP.o28FP (.econst:xdc_runtime_IFilterLogger_Interface__BASE__C)
                  00080568    00000002     app_p28FP.o28FP (.econst:xdc_runtime_IGateProvider_Interface__BASE__C)
                  0008056a    00000002     app_p28FP.o28FP (.econst:xdc_runtime_IHeap_Interface__BASE__C)
                  0008056c    00000002     app_p28FP.o28FP (.econst:xdc_runtime_ILogger_Interface__BASE__C)
                  0008056e    00000002     app_p28FP.o28FP (.econst:xdc_runtime_IModule_Interface__BASE__C)
                  00080570    00000002     app_p28FP.o28FP (.econst:xdc_runtime_LoggerBuf_E_badLevel__C)
                  00080572    00000002     app_p28FP.o28FP (.econst:xdc_runtime_LoggerBuf_Module__gateObj__C)
                  00080574    00000002     app_p28FP.o28FP (.econst:xdc_runtime_LoggerBuf_statusLogger__C)
                  00080576    00000002     app_p28FP.o28FP (.econst:xdc_runtime_Memory_defaultHeapInstance__C)
                  00080578    00000002     app_p28FP.o28FP (.econst:xdc_runtime_Startup_execImpl__C)
                  0008057a    00000002     app_p28FP.o28FP (.econst:xdc_runtime_Startup_sfxnRts__C)
                  0008057c    00000002     app_p28FP.o28FP (.econst:xdc_runtime_Startup_sfxnTab__C)
                  0008057e    00000002     app_p28FP.o28FP (.econst:xdc_runtime_SysMin_bufSize__C)
                  00080580    00000002     app_p28FP.o28FP (.econst:xdc_runtime_SysMin_outputFunc__C)
                  00080582    00000002     app_p28FP.o28FP (.econst:xdc_runtime_System_Module__gateObj__C)
                  00080584    00000002     app_p28FP.o28FP (.econst:xdc_runtime_System_abortFxn__C)
                  00080586    00000002     app_p28FP.o28FP (.econst:xdc_runtime_System_exitFxn__C)
                  00080588    00000002     app_p28FP.o28FP (.econst:xdc_runtime_System_extendFxn__C)
                  0008058a    00000002     app_p28FP.o28FP (.econst:xdc_runtime_Text_charTab__C)
                  0008058c    00000002     app_p28FP.o28FP (.econst:xdc_runtime_Text_nodeTab__A)
                  0008058e    00000002     app_p28FP.o28FP (.econst:xdc_runtime_Text_visitRopeFxn__C)
                  00080590    00000001     app_p28FP.o28FP (.econst:ti_sysbios_gates_GateMutex_Module__id__C)
                  00080591    00000001     app_p28FP.o28FP (.econst:ti_sysbios_hal_Hwi_Module__id__C)
                  00080592    00000001     app_p28FP.o28FP (.econst:ti_sysbios_knl_Semaphore_Module__id__C)
                  00080593    00000001     app_p28FP.o28FP (.econst:ti_sysbios_knl_Swi_Object__count__C)
                  00080594    00000001     app_p28FP.o28FP (.econst:ti_sysbios_knl_Task_Module__id__C)
                  00080595    00000001     app_p28FP.o28FP (.econst:ti_sysbios_knl_Task_Object__count__C)
                  00080596    00000001     app_p28FP.o28FP (.econst:ti_sysbios_knl_Task_numConstructedTasks__C)
                  00080597    00000001     app_p28FP.o28FP (.econst:xdc_runtime_Core_Module__id__C)
                  00080598    00000001     app_p28FP.o28FP (.econst:xdc_runtime_Error_Module__loggerDefined__C)
                  00080599    00000001     app_p28FP.o28FP (.econst:xdc_runtime_Error_maxDepth__C)
                  0008059a    00000001     app_p28FP.o28FP (.econst:xdc_runtime_Error_policy__C)
                  0008059b    00000001     app_p28FP.o28FP (.econst:xdc_runtime_HeapStd_Module__id__C)
                  0008059c    00000001     app_p28FP.o28FP (.econst:xdc_runtime_LoggerBuf_Module__id__C)
                  0008059d    00000001     app_p28FP.o28FP (.econst:xdc_runtime_LoggerBuf_Object__count__C)
                  0008059e    00000001     app_p28FP.o28FP (.econst:xdc_runtime_LoggerBuf_filterByLevel__C)
                  0008059f    00000001     app_p28FP.o28FP (.econst:xdc_runtime_Memory_Module__id__C)
                  000805a0    00000001     app_p28FP.o28FP (.econst:xdc_runtime_Startup_maxPasses__C)
                  000805a1    00000001     app_p28FP.o28FP (.econst:xdc_runtime_SysMin_flushAtExit__C)
                  000805a2    00000001     app_p28FP.o28FP (.econst:xdc_runtime_System_maxAtexitHandlers__C)
                  000805a3    00000001     app_p28FP.o28FP (.econst:xdc_runtime_Text_charTab__A)
                  000805a4    00000001     app_p28FP.o28FP (.econst:xdc_runtime_Text_isLoaded__C)
                  000805a5    00000001     app_p28FP.o28FP (.econst:xdc_runtime_Text_registryModsLastId__C)
                  000805a6    00000001     app_p28FP.o28FP (.econst:xdc_runtime_Text_unnamedModsLastId__C)

.switch    0    00080aa4    0000001c     
                  00080aa4    0000001c     sysbios.a28FP : BIOS.obj (.switch:_ti_sysbios_family_c28_Hwi_clearInterrupt__E)

.data.1    1    000007c2    0000003e     UNINITIALIZED
                  000007c2    00000020     app_p28FP.o28FP (.data:ti_sysbios_knl_Task_Module__state__V)
                  000007e2    00000016     app_p28FP.o28FP (.data:ti_sysbios_knl_Clock_Module__state__V)
                  000007f8    00000008     app_p28FP.o28FP (.data:ti_sysbios_family_c28_Timer_Module__state__V)

AdcaResultFile 
*          1    00000b00    00000018     UNINITIALIZED
                  00000b00    00000018     F2837xS_GlobalVariableDefs.obj (AdcaResultFile)

AdcbResultFile 
*          1    00000b20    00000018     UNINITIALIZED
                  00000b20    00000018     F2837xS_GlobalVariableDefs.obj (AdcbResultFile)

AdccResultFile 
*          1    00000b40    00000018     UNINITIALIZED
                  00000b40    00000018     F2837xS_GlobalVariableDefs.obj (AdccResultFile)

AdcdResultFile 
*          1    00000b60    00000018     UNINITIALIZED
                  00000b60    00000018     F2837xS_GlobalVariableDefs.obj (AdcdResultFile)

CpuTimer0RegsFile 
*          1    00000c00    00000008     UNINITIALIZED
                  00000c00    00000008     F2837xS_GlobalVariableDefs.obj (CpuTimer0RegsFile)

CpuTimer1RegsFile 
*          1    00000c08    00000008     UNINITIALIZED
                  00000c08    00000008     F2837xS_GlobalVariableDefs.obj (CpuTimer1RegsFile)

CpuTimer2RegsFile 
*          1    00000c10    00000008     UNINITIALIZED
                  00000c10    00000008     F2837xS_GlobalVariableDefs.obj (CpuTimer2RegsFile)

PieCtrlRegsFile 
*          1    00000ce0    0000001a     UNINITIALIZED
                  00000ce0    0000001a     F2837xS_GlobalVariableDefs.obj (PieCtrlRegsFile)

DmaRegsFile 
*          1    00001000    000000e0     UNINITIALIZED
                  00001000    000000e0     F2837xS_GlobalVariableDefs.obj (DmaRegsFile)

Cla1RegsFile 
*          1    00001400    0000003e     UNINITIALIZED
                  00001400    0000003e     F2837xS_GlobalVariableDefs.obj (Cla1RegsFile)

EPwm1RegsFile 
*          1    00004000    00000100     UNINITIALIZED
                  00004000    00000100     F2837xS_GlobalVariableDefs.obj (EPwm1RegsFile)

EPwm2RegsFile 
*          1    00004100    00000100     UNINITIALIZED
                  00004100    00000100     F2837xS_GlobalVariableDefs.obj (EPwm2RegsFile)

EPwm3RegsFile 
*          1    00004200    00000100     UNINITIALIZED
                  00004200    00000100     F2837xS_GlobalVariableDefs.obj (EPwm3RegsFile)

EPwm4RegsFile 
*          1    00004300    00000100     UNINITIALIZED
                  00004300    00000100     F2837xS_GlobalVariableDefs.obj (EPwm4RegsFile)

EPwm5RegsFile 
*          1    00004400    00000100     UNINITIALIZED
                  00004400    00000100     F2837xS_GlobalVariableDefs.obj (EPwm5RegsFile)

EPwm6RegsFile 
*          1    00004500    00000100     UNINITIALIZED
                  00004500    00000100     F2837xS_GlobalVariableDefs.obj (EPwm6RegsFile)

EPwm7RegsFile 
*          1    00004600    00000100     UNINITIALIZED
                  00004600    00000100     F2837xS_GlobalVariableDefs.obj (EPwm7RegsFile)

EPwm8RegsFile 
*          1    00004700    00000100     UNINITIALIZED
                  00004700    00000100     F2837xS_GlobalVariableDefs.obj (EPwm8RegsFile)

EPwm9RegsFile 
*          1    00004800    00000100     UNINITIALIZED
                  00004800    00000100     F2837xS_GlobalVariableDefs.obj (EPwm9RegsFile)

EPwm10RegsFile 
*          1    00004900    00000100     UNINITIALIZED
                  00004900    00000100     F2837xS_GlobalVariableDefs.obj (EPwm10RegsFile)

EPwm11RegsFile 
*          1    00004a00    00000100     UNINITIALIZED
                  00004a00    00000100     F2837xS_GlobalVariableDefs.obj (EPwm11RegsFile)

EPwm12RegsFile 
*          1    00004b00    00000100     UNINITIALIZED
                  00004b00    00000100     F2837xS_GlobalVariableDefs.obj (EPwm12RegsFile)

ECap1RegsFile 
*          1    00005000    00000020     UNINITIALIZED
                  00005000    00000020     F2837xS_GlobalVariableDefs.obj (ECap1RegsFile)

ECap2RegsFile 
*          1    00005020    00000020     UNINITIALIZED
                  00005020    00000020     F2837xS_GlobalVariableDefs.obj (ECap2RegsFile)

ECap3RegsFile 
*          1    00005040    00000020     UNINITIALIZED
                  00005040    00000020     F2837xS_GlobalVariableDefs.obj (ECap3RegsFile)

ECap4RegsFile 
*          1    00005060    00000020     UNINITIALIZED
                  00005060    00000020     F2837xS_GlobalVariableDefs.obj (ECap4RegsFile)

ECap5RegsFile 
*          1    00005080    00000020     UNINITIALIZED
                  00005080    00000020     F2837xS_GlobalVariableDefs.obj (ECap5RegsFile)

ECap6RegsFile 
*          1    000050a0    00000020     UNINITIALIZED
                  000050a0    00000020     F2837xS_GlobalVariableDefs.obj (ECap6RegsFile)

EQep1RegsFile 
*          1    00005100    00000022     UNINITIALIZED
                  00005100    00000022     F2837xS_GlobalVariableDefs.obj (EQep1RegsFile)

EQep2RegsFile 
*          1    00005140    00000022     UNINITIALIZED
                  00005140    00000022     F2837xS_GlobalVariableDefs.obj (EQep2RegsFile)

EQep3RegsFile 
*          1    00005180    00000022     UNINITIALIZED
                  00005180    00000022     F2837xS_GlobalVariableDefs.obj (EQep3RegsFile)

DacaRegsFile 
*          1    00005c00    00000008     UNINITIALIZED
                  00005c00    00000008     F2837xS_GlobalVariableDefs.obj (DacaRegsFile)

DacbRegsFile 
*          1    00005c10    00000008     UNINITIALIZED
                  00005c10    00000008     F2837xS_GlobalVariableDefs.obj (DacbRegsFile)

DaccRegsFile 
*          1    00005c20    00000008     UNINITIALIZED
                  00005c20    00000008     F2837xS_GlobalVariableDefs.obj (DaccRegsFile)

Sdfm1RegsFile 
*          1    00005e00    00000080     UNINITIALIZED
                  00005e00    00000080     F2837xS_GlobalVariableDefs.obj (Sdfm1RegsFile)

Sdfm2RegsFile 
*          1    00005e80    00000080     UNINITIALIZED
                  00005e80    00000080     F2837xS_GlobalVariableDefs.obj (Sdfm2RegsFile)

McbspaRegsFile 
*          1    00006000    00000024     UNINITIALIZED
                  00006000    00000024     F2837xS_GlobalVariableDefs.obj (McbspaRegsFile)

McbspbRegsFile 
*          1    00006040    00000024     UNINITIALIZED
                  00006040    00000024     F2837xS_GlobalVariableDefs.obj (McbspbRegsFile)

SpiaRegsFile 
*          1    00006100    00000010     UNINITIALIZED
                  00006100    00000010     F2837xS_GlobalVariableDefs.obj (SpiaRegsFile)

SpibRegsFile 
*          1    00006110    00000010     UNINITIALIZED
                  00006110    00000010     F2837xS_GlobalVariableDefs.obj (SpibRegsFile)

SpicRegsFile 
*          1    00006120    00000010     UNINITIALIZED
                  00006120    00000010     F2837xS_GlobalVariableDefs.obj (SpicRegsFile)

UppRegsFile 
*          1    00006200    00000048     UNINITIALIZED
                  00006200    00000048     F2837xS_GlobalVariableDefs.obj (UppRegsFile)

WdRegsFile 
*          1    00007000    0000002b     UNINITIALIZED
                  00007000    0000002b     F2837xS_GlobalVariableDefs.obj (WdRegsFile)

NmiIntruptRegsFile 
*          1    00007060    00000007     UNINITIALIZED
                  00007060    00000007     F2837xS_GlobalVariableDefs.obj (NmiIntruptRegsFile)

XintRegsFile 
*          1    00007070    0000000b     UNINITIALIZED
                  00007070    0000000b     F2837xS_GlobalVariableDefs.obj (XintRegsFile)

SciaRegsFile 
*          1    00007200    00000010     UNINITIALIZED
                  00007200    00000010     F2837xS_GlobalVariableDefs.obj (SciaRegsFile)

ScibRegsFile 
*          1    00007210    00000010     UNINITIALIZED
                  00007210    00000010     F2837xS_GlobalVariableDefs.obj (ScibRegsFile)

ScicRegsFile 
*          1    00007220    00000010     UNINITIALIZED
                  00007220    00000010     F2837xS_GlobalVariableDefs.obj (ScicRegsFile)

ScidRegsFile 
*          1    00007230    00000010     UNINITIALIZED
                  00007230    00000010     F2837xS_GlobalVariableDefs.obj (ScidRegsFile)

I2caRegsFile 
*          1    00007300    00000022     UNINITIALIZED
                  00007300    00000022     F2837xS_GlobalVariableDefs.obj (I2caRegsFile)

I2cbRegsFile 
*          1    00007340    00000022     UNINITIALIZED
                  00007340    00000022     F2837xS_GlobalVariableDefs.obj (I2cbRegsFile)

AdcaRegsFile 
*          1    00007400    00000080     UNINITIALIZED
                  00007400    00000080     F2837xS_GlobalVariableDefs.obj (AdcaRegsFile)

AdcbRegsFile 
*          1    00007480    00000080     UNINITIALIZED
                  00007480    00000080     F2837xS_GlobalVariableDefs.obj (AdcbRegsFile)

AdccRegsFile 
*          1    00007500    00000080     UNINITIALIZED
                  00007500    00000080     F2837xS_GlobalVariableDefs.obj (AdccRegsFile)

AdcdRegsFile 
*          1    00007580    00000080     UNINITIALIZED
                  00007580    00000080     F2837xS_GlobalVariableDefs.obj (AdcdRegsFile)

InputXbarRegsFile 
*          1    00007900    00000020     UNINITIALIZED
                  00007900    00000020     F2837xS_GlobalVariableDefs.obj (InputXbarRegsFile)

XbarRegsFile 
*          1    00007920    00000020     UNINITIALIZED
                  00007920    00000020     F2837xS_GlobalVariableDefs.obj (XbarRegsFile)

SyncSocRegsFile 
*          1    00007940    00000006     UNINITIALIZED
                  00007940    00000006     F2837xS_GlobalVariableDefs.obj (SyncSocRegsFile)

DmaClaSrcSelRegsFile 
*          1    00007980    0000001a     UNINITIALIZED
                  00007980    0000001a     F2837xS_GlobalVariableDefs.obj (DmaClaSrcSelRegsFile)

EPwmXbarRegsFile 
*          1    00007a00    00000040     UNINITIALIZED
                  00007a00    00000040     F2837xS_GlobalVariableDefs.obj (EPwmXbarRegsFile)

OutputXbarRegsFile 
*          1    00007a80    00000040     UNINITIALIZED
                  00007a80    00000040     F2837xS_GlobalVariableDefs.obj (OutputXbarRegsFile)

GpioCtrlRegsFile 
*          1    00007c00    00000180     UNINITIALIZED
                  00007c00    00000180     F2837xS_GlobalVariableDefs.obj (GpioCtrlRegsFile)

GpioDataRegsFile 
*          1    00007f00    00000030     UNINITIALIZED
                  00007f00    00000030     F2837xS_GlobalVariableDefs.obj (GpioDataRegsFile)

.data.2    1    00008004    0000003c     UNINITIALIZED
                  00008004    00000012     app_p28FP.o28FP (.data:ti_sysbios_BIOS_Module__state__V)
                  00008016    00000010     app_p28FP.o28FP (.data:ti_sysbios_family_c28_Hwi_Module__state__V)
                  00008026    0000000c     app_p28FP.o28FP (.data:ti_sysbios_knl_Swi_Module__state__V)
                  00008032    00000004     app_p28FP.o28FP (.data:xdc_runtime_Registry_Module__state__V)
                  00008036    00000004     app_p28FP.o28FP (.data:xdc_runtime_Startup_Module__state__V)
                  0000803a    00000004     app_p28FP.o28FP (.data:xdc_runtime_SysMin_Module__state__V)
                  0000803e    00000002     app_p28FP.o28FP (.data:xdc_runtime_HeapStd_Module__state__V)

.data.3    1    0000881a    0000000e     UNINITIALIZED
                  0000881a    00000004     app_p28FP.o28FP (.data:xdc_runtime_System_Module__state__V)
                  0000881e    00000004     app_p28FP.o28FP (.data:xdc_runtime_Text_Module__state__V)
                  00008822    00000003     app_p28FP.o28FP (.data:xdc_runtime_LoggerBuf_Module__state__V)
                  00008825    00000001     app_p28FP.o28FP (.data:xdc_runtime_Error_Module__state__V)
                  00008826    00000002     app_p28FP.o28FP (.data:xdc_runtime_Memory_Module__state__V)

Emif1RegsFile 
*          1    00047000    00000070     UNINITIALIZED
                  00047000    00000070     F2837xS_GlobalVariableDefs.obj (Emif1RegsFile)

Emif2RegsFile 
*          1    00047800    00000070     UNINITIALIZED
                  00047800    00000070     F2837xS_GlobalVariableDefs.obj (Emif2RegsFile)

CanaRegsFile 
*          1    00048000    00000164     UNINITIALIZED
                  00048000    00000164     F2837xS_GlobalVariableDefs.obj (CanaRegsFile)

CanbRegsFile 
*          1    0004a000    00000164     UNINITIALIZED
                  0004a000    00000164     F2837xS_GlobalVariableDefs.obj (CanbRegsFile)

FlashPumpSemaphoreRegsFile 
*          1    00050024    00000002     UNINITIALIZED
                  00050024    00000002     F2837xS_GlobalVariableDefs.obj (FlashPumpSemaphoreRegsFile)

AnalogSubsysRegsFile 
*          1    0005d180    00000048     UNINITIALIZED
                  0005d180    00000048     F2837xS_GlobalVariableDefs.obj (AnalogSubsysRegsFile)

Cla1SoftIntRegsFile 
*          1    00000ce0    00000004     DSECT
                  00000ce0    00000004     F2837xS_GlobalVariableDefs.obj (Cla1SoftIntRegsFile)

Cmpss1RegsFile 
*          1    00005c80    00000020     UNINITIALIZED
                  00005c80    00000020     F2837xS_GlobalVariableDefs.obj (Cmpss1RegsFile)

Cmpss2RegsFile 
*          1    00005ca0    00000020     UNINITIALIZED
                  00005ca0    00000020     F2837xS_GlobalVariableDefs.obj (Cmpss2RegsFile)

Cmpss3RegsFile 
*          1    00005cc0    00000020     UNINITIALIZED
                  00005cc0    00000020     F2837xS_GlobalVariableDefs.obj (Cmpss3RegsFile)

Cmpss4RegsFile 
*          1    00005ce0    00000020     UNINITIALIZED
                  00005ce0    00000020     F2837xS_GlobalVariableDefs.obj (Cmpss4RegsFile)

Cmpss5RegsFile 
*          1    00005d00    00000020     UNINITIALIZED
                  00005d00    00000020     F2837xS_GlobalVariableDefs.obj (Cmpss5RegsFile)

Cmpss6RegsFile 
*          1    00005d20    00000020     UNINITIALIZED
                  00005d20    00000020     F2837xS_GlobalVariableDefs.obj (Cmpss6RegsFile)

Cmpss7RegsFile 
*          1    00005d40    00000020     UNINITIALIZED
                  00005d40    00000020     F2837xS_GlobalVariableDefs.obj (Cmpss7RegsFile)

Cmpss8RegsFile 
*          1    00005d60    00000020     UNINITIALIZED
                  00005d60    00000020     F2837xS_GlobalVariableDefs.obj (Cmpss8RegsFile)

RomPrefetchRegsFile 
*          1    0005e608    00000002     UNINITIALIZED
                  0005e608    00000002     F2837xS_GlobalVariableDefs.obj (RomPrefetchRegsFile)

DcsmZ1RegsFile 
*          1    0005f000    00000024     UNINITIALIZED
                  0005f000    00000024     F2837xS_GlobalVariableDefs.obj (DcsmZ1RegsFile)

DcsmZ2RegsFile 
*          1    0005f040    00000024     UNINITIALIZED
                  0005f040    00000024     F2837xS_GlobalVariableDefs.obj (DcsmZ2RegsFile)

DcsmCommonRegsFile 
*          1    0005f070    00000008     UNINITIALIZED
                  0005f070    00000008     F2837xS_GlobalVariableDefs.obj (DcsmCommonRegsFile)

MemCfgRegsFile 
*          1    0005f400    00000080     UNINITIALIZED
                  0005f400    00000080     F2837xS_GlobalVariableDefs.obj (MemCfgRegsFile)

Emif1ConfigRegsFile 
*          1    0005f480    00000020     UNINITIALIZED
                  0005f480    00000020     F2837xS_GlobalVariableDefs.obj (Emif1ConfigRegsFile)

Emif2ConfigRegsFile 
*          1    0005f4a0    00000020     UNINITIALIZED
                  0005f4a0    00000020     F2837xS_GlobalVariableDefs.obj (Emif2ConfigRegsFile)

AccessProtectionRegsFile 
*          1    0005f4c0    00000040     UNINITIALIZED
                  0005f4c0    00000040     F2837xS_GlobalVariableDefs.obj (AccessProtectionRegsFile)

MemoryErrorRegsFile 
*          1    0005f500    00000040     UNINITIALIZED
                  0005f500    00000040     F2837xS_GlobalVariableDefs.obj (MemoryErrorRegsFile)

RomWaitStateRegsFile 
*          1    0005f540    00000002     UNINITIALIZED
                  0005f540    00000002     F2837xS_GlobalVariableDefs.obj (RomWaitStateRegsFile)

Flash0CtrlRegsFile 
*          1    0005f800    00000182     UNINITIALIZED
                  0005f800    00000182     F2837xS_GlobalVariableDefs.obj (Flash0CtrlRegsFile)

Flash0EccRegsFile 
*          1    0005fb00    00000028     UNINITIALIZED
                  0005fb00    00000028     F2837xS_GlobalVariableDefs.obj (Flash0EccRegsFile)

Flash1CtrlRegsFile 
*          1    0005fc00    00000182     UNINITIALIZED
                  0005fc00    00000182     F2837xS_GlobalVariableDefs.obj (Flash1CtrlRegsFile)

Flash1EccRegsFile 
*          1    0005ff00    00000028     UNINITIALIZED
                  0005ff00    00000028     F2837xS_GlobalVariableDefs.obj (Flash1EccRegsFile)

DcsmZ1OtpFile 
*          1    00078000    00000020     NOLOAD SECTION
                  00078000    00000020     F2837xS_GlobalVariableDefs.obj (DcsmZ1OtpFile)

DcsmZ2OtpFile 
*          1    00078200    00000020     NOLOAD SECTION
                  00078200    00000020     F2837xS_GlobalVariableDefs.obj (DcsmZ2OtpFile)

DevCfgRegsFile 
*          1    0005d000    0000012e     UNINITIALIZED
                  0005d000    0000012e     F2837xS_GlobalVariableDefs.obj (DevCfgRegsFile)

ClkCfgRegsFile 
*          1    0005d200    00000032     UNINITIALIZED
                  0005d200    00000032     F2837xS_GlobalVariableDefs.obj (ClkCfgRegsFile)

CpuSysRegsFile 
*          1    0005d300    00000082     UNINITIALIZED
                  0005d300    00000082     F2837xS_GlobalVariableDefs.obj (CpuSysRegsFile)

.cinit     0    000805a7    000004fc     
                  000805a7    000001c3     app_p28FP.o28FP (.cinit:_ti_sysbios_family_c28_Hwi_Module_State_0_dispatchTable__A)
                  0008076a    00000125     app_p28FP.o28FP (.cinit)
                  0008088f    00000057     app_p28FP.o28FP (.cinit:_ti_sysbios_knl_Task_Object__table__V)
                  000808e6    00000043     app_p28FP.o28FP (.cinit:_ti_sysbios_knl_Swi_Module_State_0_readyQ__A)
                  00080929    00000043     app_p28FP.o28FP (.cinit:_ti_sysbios_knl_Task_Module_State_0_readyQ__A)
                  0008096c    0000003b     main.obj (.cinit)
                  000809a7    00000033     app_p28FP.o28FP (.cinit:_ti_sysbios_family_c28_Timer_Object__table__V)
                  000809da    0000002b     app_p28FP.o28FP (.cinit:_ti_sysbios_knl_Swi_Object__table__V)
                  00080a05    00000023     app_p28FP.o28FP (.cinit:_ti_sysbios_family_c28_Hwi_Object__table__V)
                  00080a28    00000015     app_p28FP.o28FP (.cinit:_xdc_runtime_LoggerBuf_Object__table__V)
                  00080a3d    00000011     app_p28FP.o28FP (.cinit:_ti_sysbios_gates_GateMutex_Object__table__V)
                  00080a4e    0000000e     rts2800_fpu32.lib : exit.c.obj (.cinit)
                  00080a5c    0000000d     app_p28FP.o28FP (.cinit:_ti_sysbios_knl_Semaphore_Object__table__V)
                  00080a69    0000000b     app_p28FP.o28FP (.cinit:_xdc_runtime_System_Module_State_0_atexitHandlers__A)
                  00080a74    00000009     app_p28FP.o28FP (.cinit:_xdc_runtime_HeapStd_Object__table__V)
                  00080a7d    00000007     app_p28FP.o28FP (.cinit:_ti_sysbios_hal_Timer_Object__table__V)
                  00080a84    00000005     rts2800_fpu32.lib : _lock.c.obj (.cinit:__lock)
                  00080a89    00000005                       : _lock.c.obj (.cinit:__unlock)
                  00080a8e    00000005     main.obj (.cinit:_arr_table)
                  00080a93    00000005     app_p28FP.o28FP (.cinit:_ti_sysbios_gates_GateHwi_Object__table__V)
                  00080a98    00000005     app_p28FP.o28FP (.cinit:_ti_sysbios_knl_Task_Module_State_0_idleTask__A)
                  00080a9d    00000004     rts2800_fpu32.lib : errno.c.obj (.cinit)
                  00080aa1    00000002     --HOLE-- [fill = 0]

.binit     0    00080ac0    00000012     
                  00080ac0    00000012     (.binit)

.pinit     0    00080004    00000000     UNINITIALIZED

.text      0    00088000    00002bd5     
                  00088000    00000369     rts2800_fpu32.lib : e_powf.c.obj (.text)
                  00088369    0000023b     ti.targets.rts2800.a28FP : System.o28FP (.text:_xdc_runtime_System_doPrint__I)
                  000885a4    0000019c     sysbios.a28FP : BIOS.obj (.text:_ti_sysbios_knl_Semaphore_pend__E)
                  00088740    00000107     rts2800_fpu32.lib : ll_div28.asm.obj (.text)
                  00088847    000000ee     ti.targets.rts2800.a28FP : HeapStd.o28FP (.text:_xdc_runtime_HeapStd_alloc__E)
                  00088935    000000dc     sysbios.a28FP : BIOS.obj (.text:_ti_sysbios_family_c28_Hwi_clearInterrupt__E)
                  00088a11    000000c2     app_p28FP.o28FP (.text:_xdc_runtime_System_printfExtend__I)
                  00088ad3    000000c0     ti.targets.rts2800.a28FP : LoggerBuf.o28FP (.text:_xdc_runtime_LoggerBuf_write8__E)
                  00088b93    000000bf     sysbios.a28FP : BIOS.obj (.text:_ti_sysbios_knl_Semaphore_Instance_init__E)
                  00088c52    000000a0     ti.targets.rts2800.a28FP : Core-mem.o28FP (.text:_xdc_runtime_Core_createObject__I)
                  00088cf2    0000009d     sysbios.a28FP : c28_Hwi_disp_asm.obj (.text:_ti_sysbios_family_c28_Hwi_dispatch)
                  00088d8f    0000009c     rts2800_fpu32.lib : fd_add28.asm.obj (.text)
                  00088e2b    00000001     app_p28FP.o28FP (.text:_free)
                  00088e2c    00000095     rts2800_fpu32.lib : trgmsg.c.obj (.text)
                  00088ec1    00000090     main.obj (.text:_detect_sign_change)
                  00088f51    0000008e     sysbios.a28FP : BIOS.obj (.text:_ti_sysbios_family_c28_Hwi_enableInterrupt__E)
                  00088fdf    0000008d     ti.targets.rts2800.a28FP : Core-smem.o28FP (.text:_xdc_runtime_Core_constructObject__I)
                  0008906c    0000008b     rts2800_fpu32.lib : fd_div28.asm.obj (.text)
                  000890f7    00000088                       : fs_div28.asm.obj (.text)
                  0008917f    00000083     ti.targets.rts2800.a28FP : HeapStd.o28FP (.text:_xdc_runtime_HeapStd_Instance_init__E)
                  00089202    00000082     sysbios.a28FP : BIOS.obj (.text:_ti_sysbios_knl_Semaphore_post__E)
                  00089284    00000081                   : BIOS.obj (.text:_ti_sysbios_family_c28_Hwi_disableInterrupt__E)
                  00089305    00000080                   : BIOS.obj (.text:_ti_sysbios_family_c28_Hwi_disablePIEIER__E)
                  00089385    0000007f                   : BIOS.obj (.text:_ti_sysbios_family_c28_Hwi_enablePIEIER__E)
                  00089404    0000007a     ti.targets.rts2800.a28FP : LoggerBuf.o28FP (.text:_xdc_runtime_LoggerBuf_write4__E)
                  0008947e    00000075     sysbios.a28FP : BIOS.obj (.text:_ti_sysbios_knl_Task_checkStacks__E)
                  000894f3    00000072     ti.targets.rts2800.a28FP : Startup.o28FP (.text:_xdc_runtime_Startup_startMods__I)
                  00089565    00000071     sysbios.a28FP : BIOS.obj (.text:_ti_sysbios_gates_GateMutex_enter__E)
                  000895d6    0000006b     ti.targets.rts2800.a28FP : HeapStd.o28FP (.text:_xdc_runtime_HeapStd_free__E)
                  00089641    00000069     boot.a28FP : boot_cg.o28FP (.text)
                  000896aa    00000066     sysbios.a28FP : BIOS.obj (.text:_ti_sysbios_family_c28_Timer_stopAndClear__I)
                  00089710    00000060     ti.targets.rts2800.a28FP : Error.o28FP (.text:_xdc_runtime_Error_policyDefault__E)
                  00089770    00000060                              : Text.o28FP (.text:_xdc_runtime_Text_putSite__E)
                  000897d0    00000059     rts2800_fpu32.lib : s_floorf.c.obj (.text)
                  00089829    00000058                       : s_scalbnf.c.obj (.text)
                  00089881    0000004f     main.obj (.text:_calculate_rms)
                  000898d0    0000004e     main.obj (.text:_calculate_samples)
                  0008991e    0000004d     main.obj (.text:_calculate_triangle)
                  0008996b    0000004c     sysbios.a28FP : BIOS.obj (.text:_ti_sysbios_family_c28_Hwi_dispatchCore__I)
                  000899b7    0000004c     main.obj (.text:_timer_isr)
                  00089a03    00000049     Boot.a28FP : Boot.o28FP (.text:.bootCodeSection:_ti_catalog_c2800_initF2837x_Boot_configurePllDivs)
                  00089a4c    00000049     main.obj (.text:_calculate_avg)
                  00089a95    00000047     sysbios.a28FP : BIOS.obj (.text:_ti_sysbios_family_c28_Hwi_Module_startup__E)
                  00089adc    00000047                   : BIOS.obj (.text:_ti_sysbios_knl_Task_postInit__I)
                  00089b23    00000044                   : BIOS.obj (.text:_ti_sysbios_knl_Clock_workFunc__E)
                  00089b67    00000042                   : BIOS.obj (.text:_ti_sysbios_family_c28_Hwi_unPluggedInterrupt__I)
                  00089ba9    00000041     ti.targets.rts2800.a28FP : Text.o28FP (.text:_xdc_runtime_Text_putLab__E)
                  00089bea    00000040     sysbios.a28FP : BIOS.obj (.text:_ti_sysbios_family_c28_Timer_postInit__I)
                  00089c2a    00000040     ti.targets.rts2800.a28FP : Memory.o28FP (.text:_xdc_runtime_Memory_alloc__E)
                  00089c6a    0000003e     sysbios.a28FP : BIOS.obj (.text:_ti_sysbios_knl_Swi_restoreHwi__E)
                  00089ca8    0000003e                   : BIOS.obj (.text:_ti_sysbios_knl_Swi_run__I)
                  00089ce6    0000003e     ti.targets.rts2800.a28FP : Core-mem.o28FP (.text:_xdc_runtime_Core_deleteObject__I)
                  00089d24    0000003d                              : LoggerBuf.o28FP (.text:_xdc_runtime_LoggerBuf_getFilterLevel__E)
                  00089d61    0000003c                              : LoggerBuf.o28FP (.text:_xdc_runtime_LoggerBuf_setFilterLevel__E)
                  00089d9d    00000039     sysbios.a28FP : BIOS.obj (.text:_ti_sysbios_family_c28_TaskSupport_start__E)
                  00089dd6    00000039     rts2800_fpu32.lib : hostwrite.c.obj (.text)
                  00089e0f    00000038     ti.targets.rts2800.a28FP : Text.o28FP (.text:_xdc_runtime_Text_putMod__E)
                  00089e47    00000037     main.obj (.text:_swi_call)
                  00089e7e    00000035     sysbios.a28FP : BIOS.obj (.text:_ti_sysbios_knl_Task_startCore__E)
                  00089eb3    00000035     ti.targets.rts2800.a28FP : System.o28FP (.text:_xdc_runtime_System_formatNum__I)
                  00089ee8    00000032     sysbios.a28FP : BIOS.obj (.text:_ti_sysbios_knl_Task_Module_startup__E)
                  00089f1a    00000031     gui.obj (.text:_gui_init)
                  00089f4b    00000031     ti.targets.rts2800.a28FP : Error.o28FP (.text:_xdc_runtime_Error_print__E)
                  00089f7c    00000030                              : LoggerBuf.o28FP (.text:_xdc_runtime_LoggerBuf_Instance_init__E)
                  00089fac    0000002f                              : Core-params.o28FP (.text:_xdc_runtime_Core_assignParams__I)
                  00089fdb    0000002f                              : Startup.o28FP (.text:_xdc_runtime_Startup_exec__E)
                  0008a00a    0000002e     sysbios.a28FP : BIOS.obj (.text:_ti_sysbios_family_c28_Hwi_getStackInfo__E)
                  0008a038    0000002e                   : BIOS.obj (.text:_ti_sysbios_knl_Swi_runLoop__I)
                  0008a066    0000002e                   : BIOS.obj (.text:_ti_sysbios_knl_Swi_schedule__I)
                  0008a094    0000002e                   : BIOS.obj (.text:_ti_sysbios_knl_Task_schedule__I)
                  0008a0c2    0000002d     ti.targets.rts2800.a28FP : Assert.o28FP (.text:_xdc_runtime_Assert_raise__I)
                  0008a0ef    0000002d                              : Error.o28FP (.text:_xdc_runtime_Error_setX__E)
                  0008a11c    0000002c     main.obj (.text:_task_call)
                  0008a148    0000002c     sysbios.a28FP : BIOS.obj (.text:_ti_sysbios_family_c28_Timer_start__E)
                  0008a174    0000002c     app_p28FP.o28FP (.text:_xdc_runtime_LoggerBuf_Object__create__S)
                  0008a1a0    0000002b     app_p28FP.o28FP (.text:_xdc_runtime_HeapStd_Object__create__S)
                  0008a1cb    00000029     ti.targets.rts2800.a28FP : Text.o28FP (.text:_xdc_runtime_Text_xprintf__I)
                  0008a1f4    00000029     rts2800_fpu32.lib : exit.c.obj (.text)
                  0008a21d    00000001     Boot.a28FP : Boot.o28FP (.text:_ti_catalog_c2800_initF2837x_Boot_defaultLimpAbortFunction)
                  0008a21e    00000027     rts2800_fpu32.lib : e_sqrtf.c.obj (.text)
                  0008a245    00000026     ti.targets.rts2800.a28FP : SysMin.o28FP (.text:_xdc_runtime_SysMin_flush__E)
                  0008a26b    00000025     sysbios.a28FP : c28_TaskSupport_asm.obj (.text:_ti_sysbios_family_c28_TaskSupport_buildTaskStack)
                  0008a290    00000024                   : BIOS.obj (.text:_ti_sysbios_knl_Swi_post__E)
                  0008a2b4    00000024     rts2800_fpu32.lib : cpy_tbl.c.obj (.text)
                  0008a2d8    00000023     ti.targets.rts2800.a28FP : System.o28FP (.text:_xdc_runtime_System_processAtExit__E)
                  0008a2fb    00000023     rts2800_fpu32.lib : fd_tofsfpu32.asm.obj (.text)
                  0008a31e    00000021     sysbios.a28FP : BIOS.obj (.text:_ti_sysbios_knl_Task_allBlockedFunction__I)
                  0008a33f    00000020                   : BIOS.obj (.text:_ti_sysbios_family_c28_Timer_setPrescale__E)
                  0008a35f    00000020     ti.targets.rts2800.a28FP : System.o28FP (.text:_xdc_runtime_System_atexit__E)
                  0008a37f    0000001f     sysbios.a28FP : BIOS.obj (.text:_ti_sysbios_knl_Task_exit__E)
                  0008a39e    0000001f     app_p28FP.o28FP (.text:_xdc_runtime_Error_policyLog__I)
                  0008a3bd    0000001f     ti.targets.rts2800.a28FP : LoggerBuf.o28FP (.text:_xdc_runtime_LoggerBuf_filterOutEvent__I)
                  0008a3dc    0000001e     main.obj (.text:_calculate_rect)
                  0008a3fa    0000001e     sysbios.a28FP : BIOS.obj (.text:_ti_sysbios_knl_Task_blockI__E)
                  0008a418    0000001d                   : c28_TaskSupport_asm.obj (.text:_ti_sysbios_family_c28_TaskSupport_swap__E)
                  0008a435    0000001d     app_p28FP.o28FP (.text:_ti_sysbios_gates_GateHwi_Object__create__S)
                  0008a452    0000001d     app_p28FP.o28FP (.text:_ti_sysbios_gates_GateMutex_Object__create__S)
                  0008a46f    0000001d     app_p28FP.o28FP (.text:_ti_sysbios_knl_Semaphore_construct)
                  0008a48c    0000001d     ti.targets.rts2800.a28FP : SysMin.o28FP (.text:_xdc_runtime_SysMin_putch__E)
                  0008a4a9    0000001d     rts2800_fpu32.lib : memcpy.c.obj (.text)
                  0008a4c6    0000001c     sysbios.a28FP : BIOS.obj (.text:_ti_sysbios_hal_Hwi_checkStack)
                  0008a4e2    0000001c     app_p28FP.o28FP (.text:_xdc_runtime_SysMin_output__I)
                  0008a4fe    0000001c     rts2800_fpu32.lib : fs_tofdfpu32.asm.obj (.text)
                  0008a51a    0000001b     sysbios.a28FP : c28_Hwi_asm.obj (.text:_ti_sysbios_family_c28_Hwi_switchAndDispatch__I)
                  0008a535    0000001b                   : BIOS.obj (.text:_ti_sysbios_hal_Hwi_initStack)
                  0008a550    0000001b                   : BIOS.obj (.text:_ti_sysbios_knl_Task_processVitalTaskFlag__I)
                  0008a56b    0000001a     ti.targets.rts2800.a28FP : System.o28FP (.text:_xdc_runtime_System_avprintf__E)
                  0008a585    00000019     app_p28FP.o28FP (.text:_ti_sysbios_knl_Queue_construct)
                  0008a59e    00000019     sysbios.a28FP : BIOS.obj (.text:_ti_sysbios_knl_Swi_restore__E)
                  0008a5b7    00000019     ti.targets.rts2800.a28FP : System.o28FP (.text:_xdc_runtime_System_vprintf__E)
                  0008a5d0    00000018     sysbios.a28FP : c28_Hwi_asm.obj (.text:_ti_sysbios_family_xxx_Hwi_switchAndRunFunc)
                  0008a5e8    00000018     ti.targets.rts2800.a28FP : LoggerBuf.o28FP (.text:_xdc_runtime_LoggerBuf_reset__E)
                  0008a600    00000018                              : System.o28FP (.text:_xdc_runtime_System_putchar__I)
                  0008a618    00000017     sysbios.a28FP : BIOS.obj (.text:_ti_sysbios_family_c28_Timer_startup__E)
                  0008a62f    00000017     app_p28FP.o28FP (.text:_ti_sysbios_knl_Clock_doTick__I)
                  0008a646    00000017     sysbios.a28FP : BIOS.obj (.text:_ti_sysbios_knl_Semaphore_pendTimeout__I)
                  0008a65d    00000017                   : BIOS.obj (.text:_ti_sysbios_knl_Task_restore__E)
                  0008a674    00000017                   : BIOS.obj (.text:_ti_sysbios_knl_Task_unblockI__E)
                  0008a68b    00000017     ti.targets.rts2800.a28FP : LoggerBuf.o28FP (.text:_xdc_runtime_LoggerBuf_Module_startup__E)
                  0008a6a2    00000017                              : Memory.o28FP (.text:_xdc_runtime_Memory_valloc__E)
                  0008a6b9    00000017                              : SysMin.o28FP (.text:_xdc_runtime_SysMin_abort__E)
                  0008a6d0    00000016     app_p28FP.o28FP (.text:_ti_sysbios_BIOS_atExitFunc__I)
                  0008a6e6    00000016     sysbios.a28FP : BIOS.obj (.text:_ti_sysbios_family_c28_Timer_Module_startup__E)
                  0008a6fc    00000016     ti.targets.rts2800.a28FP : Text.o28FP (.text:_xdc_runtime_Text_printVisFxn__I)
                  0008a712    00000015     gui.obj (.text:_clear_graph)
                  0008a727    00000015     app_p28FP.o28FP (.text:_ti_sysbios_BIOS_startFunc__I)
                  0008a73c    00000015     sysbios.a28FP : BIOS.obj (.text:_ti_sysbios_knl_Swi_Module_startup__E)
                  0008a751    00000014                   : BIOS.obj (.text:_ti_sysbios_knl_Idle_run__E)
                  0008a765    00000013     app_p28FP.o28FP (.text:_ti_sysbios_gates_GateMutex_Object__delete__S)
                  0008a778    00000013     sysbios.a28FP : BIOS.obj (.text:_ti_sysbios_knl_Clock_Module_startup__E)
                  0008a78b    00000013     ti.targets.rts2800.a28FP : Error.o28FP (.text:_xdc_runtime_Error_raiseX__E)
                  0008a79e    00000012     app_p28FP.o28FP (.text:_ti_sysbios_gates_GateHwi_Object__delete__S)
                  0008a7b0    00000012     app_p28FP.o28FP (.text:_xdc_runtime_LoggerBuf_Object__delete__S)
                  0008a7c2    00000012     rts2800_fpu32.lib : args_main.c.obj (.text)
                  0008a7d4    00000011     app_p28FP.o28FP (.text:_ti_sysbios_BIOS_errorRaiseHook__I)
                  0008a7e5    00000011     sysbios.a28FP : BIOS.obj (.text:_ti_sysbios_knl_Task_restoreHwi__E)
                  0008a7f6    00000011     app_p28FP.o28FP (.text:_xdc_runtime_HeapStd_Object__delete__S)
                  0008a807    00000011     rts2800_fpu32.lib : s_copysignf.c.obj (.text)
                  0008a818    00000010     sysbios.a28FP : BIOS.obj (.text:_ti_sysbios_family_c28_Timer_stop__E)
                  0008a828    00000010     ti.targets.rts2800.a28FP : SysMin.o28FP (.text:_xdc_runtime_SysMin_Module_startup__E)
                  0008a838    0000000f     main.obj (.text:_main)
                  0008a847    0000000f     app_p28FP.o28FP (.text:_ti_sysbios_BIOS_removeRTSLock__I)
                  0008a856    0000000f     sysbios.a28FP : BIOS.obj (.text:_ti_sysbios_gates_GateMutex_Instance_init__E)
                  0008a865    0000000f     ti.targets.rts2800.a28FP : LoggerBuf.o28FP (.text:_xdc_runtime_LoggerBuf_write2__E)
                  0008a874    0000000f                              : Registry.o28FP (.text:_xdc_runtime_Registry_findById__E)
                  0008a883    0000000e     sysbios.a28FP : BIOS.obj (.text:_ti_sysbios_family_c28_f2837x_TimestampProvider_get64__E)
                  0008a891    0000000e     app_p28FP.o28FP (.text:_ti_sysbios_knl_Semaphore_destruct)
                  0008a89f    0000000e     app_p28FP.o28FP (.text:_ti_sysbios_knl_Swi_Object__get__S)
                  0008a8ad    0000000e     app_p28FP.o28FP (.text:_ti_sysbios_knl_Task_Object__get__S)
                  0008a8bb    0000000e     app_p28FP.o28FP (.text:_xdc_runtime_LoggerBuf_Object__get__S)
                  0008a8c9    0000000d     app_p28FP.o28FP (.text:_ti_sysbios_BIOS_registerRTSLock__I)
                  0008a8d6    0000000d     app_p28FP.o28FP (.text:_ti_sysbios_BIOS_rtsLock__I)
                  0008a8e3    0000000d     sysbios.a28FP : BIOS.obj (.text:_ti_sysbios_family_c28_Hwi_dispatchC__I)
                  0008a8f0    0000000d                   : BIOS.obj (.text:_ti_sysbios_knl_Clock_enqueueI__E)
                  0008a8fd    0000000d     app_p28FP.o28FP (.text:_ti_sysbios_knl_Queue_destruct)
                  0008a90a    0000000d     sysbios.a28FP : BIOS.obj (.text:_ti_sysbios_knl_Task_enter__I)
                  0008a917    0000000d     ti.targets.rts2800.a28FP : Error.o28FP (.text:_xdc_runtime_Error_check__E)
                  0008a924    0000000d                              : LoggerBuf.o28FP (.text:_xdc_runtime_LoggerBuf_write0__E)
                  0008a931    0000000d                              : LoggerBuf.o28FP (.text:_xdc_runtime_LoggerBuf_write1__E)
                  0008a93e    0000000d                              : System.o28FP (.text:_xdc_runtime_System_abort__E)
                  0008a94b    0000000c     app_p28FP.o28FP (.text:_ti_sysbios_BIOS_exitFunc__I)
                  0008a957    0000000c     app_p28FP.o28FP (.text:_ti_sysbios_family_c28_Hwi_disableIER__E)
                  0008a963    0000000c     sysbios.a28FP : BIOS.obj (.text:_ti_sysbios_gates_GateMutex_leave__E)
                  0008a96f    0000000c                   : BIOS.obj (.text:_ti_sysbios_knl_Queue_put__E)
                  0008a97b    0000000c                   : BIOS.obj (.text:_ti_sysbios_knl_Task_enabled__E)
                  0008a987    0000000c     ti.targets.rts2800.a28FP : SysMin.o28FP (.text:_xdc_runtime_SysMin_exit__E)
                  0008a993    0000000b     main.obj (.text:___relaxed_sin)
                  0008a99e    0000000b     main.obj (.text:_idle_generator)
                  0008a9a9    0000000b     app_p28FP.o28FP (.text:_ti_sysbios_family_c28_Hwi_Module__startupDone__F)
                  0008a9b4    0000000b     app_p28FP.o28FP (.text:_ti_sysbios_family_c28_Hwi_Object__get__S)
                  0008a9bf    0000000b     app_p28FP.o28FP (.text:_ti_sysbios_family_c28_Hwi_enableIER__E)
                  0008a9ca    0000000b     app_p28FP.o28FP (.text:_ti_sysbios_family_c28_Timer_Module__startupDone__F)
                  0008a9d5    0000000b     app_p28FP.o28FP (.text:_ti_sysbios_knl_Queue_Object__get__S)
                  0008a9e0    0000000b     app_p28FP.o28FP (.text:_ti_sysbios_knl_Task_SupportProxy_start__E)
                  0008a9eb    0000000b     ti.targets.rts2800.a28FP : LoggerBuf.o28FP (.text:_xdc_runtime_LoggerBuf_Instance_finalize__E)
                  0008a9f6    0000000b                              : System.o28FP (.text:_xdc_runtime_System_exit__E)
                  0008aa01    0000000a     app_p28FP.o28FP (.text:.bootCodeSection:_ti_catalog_c2800_initF2837x_Boot_init)
                  0008aa0b    0000000a     ti.targets.rts2800.a28FP : Error.o28FP (.text:_xdc_runtime_Error_init__E)
                  0008aa15    0000000a                              : Memory.o28FP (.text:_xdc_runtime_Memory_free__E)
                  0008aa1f    0000000a                              : System.o28FP (.text:_xdc_runtime_System_vsnprintf__E)
                  0008aa29    0000000a                              : Text.o28FP (.text:_xdc_runtime_Text_ropeText__E)
                  0008aa33    00000009     main.obj (.text:___relaxed_sqrt)
                  0008aa3c    00000009     app_p28FP.o28FP (.text:_ti_sysbios_BIOS_rtsUnlock__I)
                  0008aa45    00000009     app_p28FP.o28FP (.text:_ti_sysbios_family_c28_Hwi_restoreIER__E)
                  0008aa4e    00000009     sysbios.a28FP : BIOS.obj (.text:_ti_sysbios_family_c28_TaskSupport_checkStack__E)
                  0008aa57    00000009                   : c28_TaskSupport_asm.obj (.text:_ti_sysbios_family_c28_TaskSupport_glue)
                  0008aa60    00000009     app_p28FP.o28FP (.text:_ti_sysbios_gates_GateHwi_Handle__label__S)
                  0008aa69    00000009     app_p28FP.o28FP (.text:_ti_sysbios_gates_GateMutex_Handle__label__S)
                  0008aa72    00000009     sysbios.a28FP : BIOS.obj (.text:_ti_sysbios_hal_Hwi_Module_startup__E)
                  0008aa7b    00000009                   : BIOS.obj (.text:_ti_sysbios_hal_Timer_Module_startup__E)
                  0008aa84    00000009                   : BIOS.obj (.text:_ti_sysbios_knl_Task_unblock__E)
                  0008aa8d    00000009     app_p28FP.o28FP (.text:_xdc_runtime_HeapStd_Handle__label__S)
                  0008aa96    00000009     app_p28FP.o28FP (.text:_xdc_runtime_LoggerBuf_Handle__label__S)
                  0008aa9f    00000009     app_p28FP.o28FP (.text:_xdc_runtime_Startup_exec__I)
                  0008aaa8    00000009     rts2800_fpu32.lib : _lock.c.obj (.text)
                  0008aab1    00000008     Boot.a28FP : Boot.o28FP (.text:.bootCodeSection:_ti_catalog_c2800_initF2837x_Boot_initSharedRAMs)
                  0008aab9    00000008     sysbios.a28FP : BIOS.obj (.text:_ti_sysbios_BIOS_setThreadType__E)
                  0008aac1    00000008                   : BIOS.obj (.text:_ti_sysbios_gates_GateMutex_Instance_finalize__E)
                  0008aac9    00000008                   : BIOS.obj (.text:_ti_sysbios_gates_GateMutex_query__E)
                  0008aad1    00000008                   : BIOS.obj (.text:_ti_sysbios_knl_Semaphore_Instance_finalize__E)
                  0008aad9    00000008     app_p28FP.o28FP (.text:_xdc_runtime_IHeap_alloc)
                  0008aae1    00000008     ti.targets.rts2800.a28FP : Memory.o28FP (.text:_xdc_runtime_Memory_calloc__E)
                  0008aae9    00000008                              : SysMin.o28FP (.text:_xdc_runtime_SysMin_ready__E)
                  0008aaf1    00000008     rts2800_fpu32.lib : strlen.c.obj (.text)
                  0008aaf9    00000007     app_p28FP.o28FP (.text:.bootCodeSection:_ti_catalog_c2800_initF2837x_Boot_initStartup)
                  0008ab00    00000007     sysbios.a28FP : BIOS.obj (.text:_ti_sysbios_knl_Queue_empty__E)
                  0008ab07    00000007     ti.targets.rts2800.a28FP : HeapStd.o28FP (.text:_xdc_runtime_HeapStd_getStats__E)
                  0008ab0e    00000007     app_p28FP.o28FP (.text:_xdc_runtime_System_aprintf__E)
                  0008ab15    00000007     app_p28FP.o28FP (.text:_xdc_runtime_System_printf__E)
                  0008ab1c    00000007     rts2800_fpu32.lib : memset.c.obj (.text)
                  0008ab23    00000006     sysbios.a28FP : BIOS.obj (.text:_ti_sysbios_BIOS_start__E)
                  0008ab29    00000006                   : c28_IntrinsicsSupport_asm.obj (.text:_ti_sysbios_family_c28_IntrinsicsSupport_maxbit__E)
                  0008ab2f    00000006                   : BIOS.obj (.text:_ti_sysbios_knl_Swi_disable__E)
                  0008ab35    00000006                   : BIOS.obj (.text:_ti_sysbios_knl_Task_disable__E)
                  0008ab3b    00000006     ti.targets.rts2800.a28FP : Gate.o28FP (.text:_xdc_runtime_Gate_enterSystem__E)
                  0008ab41    00000006                              : Gate.o28FP (.text:_xdc_runtime_Gate_leaveSystem__E)
                  0008ab47    00000006                              : LoggerBuf.o28FP (.text:_xdc_runtime_LoggerBuf_enable__E)
                  0008ab4d    00000005     sysbios.a28FP : BIOS.obj (.text:_ti_sysbios_family_c28_Hwi_switchFromBootStack__E)
                  0008ab52    00000005                   : BIOS.obj (.text:_ti_sysbios_gates_GateHwi_enter__E)
                  0008ab57    00000005     ti.targets.rts2800.a28FP : LoggerBuf.o28FP (.text:_xdc_runtime_LoggerBuf_disable__E)
                  0008ab5c    00000004     app_p28FP.o28FP (.text:_ti_sysbios_family_c28_Hwi_startup__E)
                  0008ab60    00000004     sysbios.a28FP : BIOS.obj (.text:_ti_sysbios_knl_Swi_startup__E)
                  0008ab64    00000004     app_p28FP.o28FP (.text:_xdc_runtime_IHeap_free)
                  0008ab68    00000004     ti.targets.rts2800.a28FP : Memory.o28FP (.text:_xdc_runtime_Memory_getMaxDefaultTypeAlign__E)
                  0008ab6c    00000004                              : Startup.o28FP (.text:_xdc_runtime_Startup_rtsDone__E)
                  0008ab70    00000003     app_p28FP.o28FP (.text:.bootCodeSection:_ti_catalog_c2800_initF2837x_Boot_limpAbort)
                  0008ab73    00000003     ti.targets.rts2800.a28FP : xdc_noinit.o28FP (.text:___xdc__init)
                  0008ab76    00000003     app_p28FP.o28FP (.text:_ti_sysbios_BIOS_RtsGateProxy_enter__E)
                  0008ab79    00000003     app_p28FP.o28FP (.text:_ti_sysbios_BIOS_RtsGateProxy_leave__E)
                  0008ab7c    00000003     sysbios.a28FP : BIOS.obj (.text:_ti_sysbios_gates_GateHwi_leave__E)
                  0008ab7f    00000003     app_p28FP.o28FP (.text:_ti_sysbios_hal_Hwi_HwiProxy_getStackInfo__E)
                  0008ab82    00000003     app_p28FP.o28FP (.text:_ti_sysbios_hal_Hwi_HwiProxy_switchFromBootStack__E)
                  0008ab85    00000003     sysbios.a28FP : BIOS.obj (.text:_ti_sysbios_hal_Hwi_startup__E)
                  0008ab88    00000003     app_p28FP.o28FP (.text:_ti_sysbios_knl_Clock_TimerProxy_getMaxTicks__E)
                  0008ab8b    00000003     sysbios.a28FP : BIOS.obj (.text:_ti_sysbios_knl_Idle_loop__E)
                  0008ab8e    00000003                   : BIOS.obj (.text:_ti_sysbios_knl_Queue_Instance_init__E)
                  0008ab91    00000003     app_p28FP.o28FP (.text:_ti_sysbios_knl_Task_SupportProxy_checkStack__E)
                  0008ab94    00000003     app_p28FP.o28FP (.text:_ti_sysbios_knl_Task_SupportProxy_swap__E)
                  0008ab97    00000003     sysbios.a28FP : BIOS.obj (.text:_ti_sysbios_knl_Task_startup__E)
                  0008ab9a    00000003     app_p28FP.o28FP (.text:_xdc_runtime_LoggerBuf_Module_GateProxy_enter__E)
                  0008ab9d    00000003     app_p28FP.o28FP (.text:_xdc_runtime_LoggerBuf_Module_GateProxy_leave__E)
                  0008aba0    00000003     app_p28FP.o28FP (.text:_xdc_runtime_LoggerBuf_TimestampProxy_get64__E)
                  0008aba3    00000003     app_p28FP.o28FP (.text:_xdc_runtime_System_Module_GateProxy_enter__E)
                  0008aba6    00000003     app_p28FP.o28FP (.text:_xdc_runtime_System_Module_GateProxy_leave__E)
                  0008aba9    00000003     ti.targets.rts2800.a28FP : System.o28FP (.text:_xdc_runtime_System_Module_startup__E)
                  0008abac    00000003     app_p28FP.o28FP (.text:_xdc_runtime_System_SupportProxy_abort__E)
                  0008abaf    00000003     app_p28FP.o28FP (.text:_xdc_runtime_System_SupportProxy_exit__E)
                  0008abb2    00000003     app_p28FP.o28FP (.text:_xdc_runtime_System_SupportProxy_putch__E)
                  0008abb5    00000003     app_p28FP.o28FP (.text:_xdc_runtime_System_SupportProxy_ready__E)
                  0008abb8    00000003     ti.targets.rts2800.a28FP : System.o28FP (.text:_xdc_runtime_System_abortStd__E)
                  0008abbb    00000003                              : System.o28FP (.text:_xdc_runtime_System_exitStd__E)
                  0008abbe    00000003     app_p28FP.o28FP (.text:_xdc_runtime_Text_visitRope__I)
                  0008abc1    00000002     app_p28FP.o28FP (.text:_malloc)
                  0008abc3    00000002     app_p28FP.o28FP (.text:_ti_sysbios_family_c28_TaskSupport_Module__startupDone__S)
                  0008abc5    00000002     sysbios.a28FP : BIOS.obj (.text:_ti_sysbios_family_c28_Timer_getMaxTicks__E)
                  0008abc7    00000002                   : BIOS.obj (.text:_ti_sysbios_gates_GateHwi_query__E)
                  0008abc9    00000002     ti.targets.rts2800.a28FP : Error.o28FP (.text:_xdc_runtime_Error_getSite__E)
                  0008abcb    00000002                              : HeapStd.o28FP (.text:_xdc_runtime_HeapStd_isBlocking__E)
                  0008abcd    00000002     rts2800_fpu32.lib : pre_init.c.obj (.text)
                  0008abcf    00000001     sysbios.a28FP : BIOS.obj (.text:_ti_sysbios_BIOS_linkedWithIncorrectBootLibrary__E)
                  0008abd0    00000001     app_p28FP.o28FP (.text:_ti_sysbios_BIOS_nullFunc__I)
                  0008abd1    00000001     sysbios.a28FP : c28_Hwi_asm.obj (.text:_ti_sysbios_family_c28_Hwi_interruptReturn__I)
                  0008abd2    00000001                   : BIOS.obj (.text:_ti_sysbios_gates_GateHwi_Instance_init__E)
                  0008abd3    00000001                   : BIOS.obj (.text:_ti_sysbios_knl_Clock_logTick__E)
                  0008abd4    00000001     rts2800_fpu32.lib : startup.c.obj (.text)

ramfuncs   1    00008000    00000000     UNINITIALIZED

.stack     1    00009160    00000100     UNINITIALIZED
                  00009160    00000100     --HOLE--

.cio       1    00009040    00000120     UNINITIALIZED
                  00009040    00000120     rts2800_fpu32.lib : trgmsg.c.obj (.cio)

.reset     0    003fffc0    00000000     DSECT

.text:ti_catalog_c2800_initF2837x_flashfuncs 
*          0    00080004    0000002b     RUN ADDR = 0000b000
                  00080004    0000002b     Boot.a28FP : Boot.o28FP (.text:ti_catalog_c2800_initF2837x_flashfuncs:_ti_catalog_c2800_initF2837x_Boot_initFlash)

xdc.meta   0    00000000    000000e0     COPY SECTION
                  00000000    000000e0     app_p28FP.o28FP (xdc.meta)

xdc.noload 
*          0    00000000    00000000     COPY SECTION

.ebss.1    1    00000122    0000069f     UNINITIALIZED
                  00000122    00000018     F2837xS_CpuTimers.obj (.ebss)
                  0000013a    00000006     app_p28FP.o28FP (.ebss:_xdc_runtime_HeapStd_Object__table__V)
                  00000140    00000200     app_p28FP.o28FP (.ebss:taskStackSection)
                  00000340    000001c0     app_p28FP.o28FP (.ebss:_ti_sysbios_family_c28_Hwi_Module_State_0_dispatchTable__A)
                  00000500    00000080     app_p28FP.o28FP (.ebss:_xdc_runtime_SysMin_Module_State_0_outbuf__A)
                  00000580    00000054     app_p28FP.o28FP (.ebss:_ti_sysbios_knl_Task_Object__table__V)
                  000005d4    00000028     app_p28FP.o28FP (.ebss:_ti_sysbios_knl_Swi_Object__table__V)
                  000005fc    00000004     app_p28FP.o28FP (.ebss:_ti_sysbios_hal_Timer_Object__table__V)
                  00000600    00000050     app_p28FP.o28FP (.ebss)
                  00000650    00000030     app_p28FP.o28FP (.ebss:_ti_sysbios_family_c28_Timer_Object__table__V)
                  00000680    00000040     app_p28FP.o28FP (.ebss:_ti_sysbios_knl_Swi_Module_State_0_readyQ__A)
                  000006c0    00000040     app_p28FP.o28FP (.ebss:_ti_sysbios_knl_Task_Module_State_0_readyQ__A)
                  00000700    00000040     app_p28FP.o28FP (.ebss:_xdc_runtime_LoggerBuf_Instance_State_0_entryArr__A)
                  00000740    00000020     app_p28FP.o28FP (.ebss:_ti_sysbios_family_c28_Hwi_Object__table__V)
                  00000760    00000018     main.obj (.ebss)
                  00000778    00000008     rts2800_fpu32.lib : hostopen.c.obj (.ebss:_parmbuf)
                  00000780    00000012     app_p28FP.o28FP (.ebss:_xdc_runtime_LoggerBuf_Object__table__V)
                  00000792    0000000e     app_p28FP.o28FP (.ebss:_ti_sysbios_gates_GateMutex_Object__table__V)
                  000007a0    0000000a     app_p28FP.o28FP (.ebss:_ti_sysbios_knl_Semaphore_Object__table__V)
                  000007aa    00000008     app_p28FP.o28FP (.ebss:_xdc_runtime_System_Module_State_0_atexitHandlers__A)
                  000007b2    00000006     rts2800_fpu32.lib : exit.c.obj (.ebss)
                  000007b8    00000002                       : _lock.c.obj (.ebss:__lock)
                  000007ba    00000002                       : _lock.c.obj (.ebss:__unlock)
                  000007bc    00000002     app_p28FP.o28FP (.ebss:_ti_sysbios_gates_GateHwi_Object__table__V)
                  000007be    00000002     app_p28FP.o28FP (.ebss:_ti_sysbios_knl_Task_Module_State_0_idleTask__A)
                  000007c0    00000001     rts2800_fpu32.lib : errno.c.obj (.ebss)

.ebss.2    1    00008040    000007da     UNINITIALIZED
                  00008040    000007da     gui.obj (.ebss)

.ebss.3    1    00008840    000007d0     UNINITIALIZED
                  00008840    000007d0     main.obj (.ebss:_arr_table)

MODULE SUMMARY

       Module                           code    initialized data   uninitialized data
       ------                           ----    ----------------   ------------------
    .\
       F2837xS_GlobalVariableDefs.obj   0       0                  8699              
       main.obj                         702     78                 2024              
       gui.obj                          70      0                  2010              
       F2837xS_CpuTimers.obj            0       0                  24                
       F2837xS_usDelay.obj              8       0                  0                 
       F2837xS_CodeStartBranch.obj      2       0                  0                 
[...]
0     0008aab9  _ti_sysbios_BIOS_setThreadType__E                         
0     0008aac1  _ti_sysbios_gates_GateMutex_Instance_finalize__E          
0     0008aac9  _ti_sysbios_gates_GateMutex_query__E                      
0     0008aad1  _ti_sysbios_knl_Semaphore_Instance_finalize__E            
0     0008aad9  _xdc_runtime_Memory_HeapProxy_alloc__E                    
0     0008aae1  _xdc_runtime_Memory_calloc__E                             
0     0008aae9  _xdc_runtime_SysMin_ready__E                              
0     0008aaf1  _strlen                                                   
0     0008aaf9  _ti_catalog_c2800_initF2837x_Boot_initStartup             
0     0008ab00  _ti_sysbios_knl_Queue_empty__E                            
0     0008ab07  _xdc_runtime_HeapStd_getStats__E                          
0     0008ab0e  _xdc_runtime_System_aprintf__E                            
0     0008ab15  _xdc_runtime_System_printf__E                             
0     0008ab1c  _memset                                                   
0     0008ab23  _ti_sysbios_BIOS_start__E                                 
0     0008ab29  _ti_sysbios_family_c28_IntrinsicsSupport_maxbit__E        
0     0008ab2f  _ti_sysbios_knl_Swi_disable__E                            
0     0008ab35  _ti_sysbios_knl_Task_disable__E                           
0     0008ab3b  _xdc_runtime_Gate_enterSystem__E                          
0     0008ab41  _xdc_runtime_Gate_leaveSystem__E                          
0     0008ab47  _xdc_runtime_LoggerBuf_enable__E                          
0     0008ab4d  _ti_sysbios_family_c28_Hwi_switchFromBootStack__E         
0     0008ab52  _ti_sysbios_gates_GateHwi_enter__E                        
0     0008ab57  _xdc_runtime_LoggerBuf_disable__E                         
0     0008ab5c  _ti_sysbios_family_c28_Hwi_startup__E                     
0     0008ab5c  _ti_sysbios_hal_Hwi_HwiProxy_startup__E                   
0     0008ab60  _ti_sysbios_knl_Swi_startup__E                            
0     0008ab64  _xdc_runtime_Memory_HeapProxy_free__E                     
0     0008ab68  _xdc_runtime_Memory_getMaxDefaultTypeAlign__E             
0     0008ab6c  _xdc_runtime_Startup_rtsDone__E                           
0     0008ab70  _ti_catalog_c2800_initF2837x_Boot_limpAbort               
0     0008ab73  ___xdc__init                                              
0     0008ab76  _ti_sysbios_BIOS_RtsGateProxy_enter__E                    
0     0008ab79  _ti_sysbios_BIOS_RtsGateProxy_leave__E                    
0     0008ab7c  _ti_sysbios_gates_GateHwi_leave__E                        
0     0008ab7f  _ti_sysbios_hal_Hwi_HwiProxy_getStackInfo__E              
0     0008ab82  _ti_sysbios_hal_Hwi_HwiProxy_switchFromBootStack__E       
0     0008ab85  _ti_sysbios_hal_Hwi_startup__E                            
0     0008ab88  _ti_sysbios_knl_Clock_TimerProxy_getMaxTicks__E           
0     0008ab8b  _ti_sysbios_knl_Idle_loop__E                              
0     0008ab8e  _ti_sysbios_knl_Queue_Instance_init__E                    
0     0008ab91  _ti_sysbios_knl_Task_SupportProxy_checkStack__E           
0     0008ab94  _ti_sysbios_knl_Task_SupportProxy_swap__E                 
0     0008ab97  _ti_sysbios_knl_Task_startup__E                           
0     0008ab9a  _xdc_runtime_LoggerBuf_Module_GateProxy_enter__E          
0     0008ab9d  _xdc_runtime_LoggerBuf_Module_GateProxy_leave__E          
0     0008aba0  _xdc_runtime_LoggerBuf_TimestampProxy_get64__E            
0     0008aba3  _xdc_runtime_System_Module_GateProxy_enter__E             
0     0008aba6  _xdc_runtime_System_Module_GateProxy_leave__E             
0     0008aba9  _xdc_runtime_System_Module_startup__E                     
0     0008abac  _xdc_runtime_System_SupportProxy_abort__E                 
0     0008abaf  _xdc_runtime_System_SupportProxy_exit__E                  
0     0008abb2  _xdc_runtime_System_SupportProxy_putch__E                 
0     0008abb5  _xdc_runtime_System_SupportProxy_ready__E                 
0     0008abb8  _xdc_runtime_System_abortStd__E                           
0     0008abbb  _xdc_runtime_System_exitStd__E                            
0     0008abbe  _xdc_runtime_Text_visitRope__I                            
0     0008abc1  _malloc                                                   
0     0008abc3  _ti_sysbios_family_c28_TaskSupport_Module__startupDone__S 
0     0008abc3  _ti_sysbios_knl_Task_SupportProxy_Module__startupDone__S  
0     0008abc5  _ti_sysbios_family_c28_Timer_getMaxTicks__E               
0     0008abc7  _ti_sysbios_gates_GateHwi_query__E                        
0     0008abc9  _xdc_runtime_Error_getSite__E                             
0     0008abcb  _xdc_runtime_HeapStd_isBlocking__E                        
0     0008abcd  __system_pre_init                                         
0     0008abcf  _ti_sysbios_BIOS_linkedWithIncorrectBootLibrary__E        
0     0008abd0  _ti_sysbios_BIOS_nullFunc__I                              
0     0008abd1  _ti_sysbios_family_c28_Hwi_interruptReturn__I             
0     0008abd2  _ti_sysbios_gates_GateHwi_Instance_init__E                
0     0008abd3  _ti_sysbios_knl_Clock_logTick__E                          
0     0008abd4  __system_post_cinit                                       
0     0008abd5  ___etext__                                                
0     0008abd5  etext                                                     
1     00000122  _CpuTimer0                                                
1     0000012a  _CpuTimer1                                                
1     00000132  _CpuTimer2                                                
1     0000013a  _xdc_runtime_HeapStd_Object__table__V                     
1     00000140  _ti_sysbios_knl_Task_Instance_State_0_stack__A            
1     00000240  _ti_sysbios_knl_Task_Instance_State_1_stack__A            
1     00000340  _ti_sysbios_family_c28_Hwi_Module_State_0_dispatchTable__A
1     00000500  _xdc_runtime_SysMin_Module_State_0_outbuf__A              
1     00000580  _ti_sysbios_knl_Task_Object__table__V                     
1     000005d4  _ti_sysbios_knl_Swi_Object__table__V                      
1     000005fc  _ti_sysbios_hal_Timer_Object__table__V                    
1     00000600  ___xdc__init__addr                                        
1     00000602  _ti_sysbios_family_c28_Hwi_Module__root__V                
1     00000606  _ti_sysbios_family_c28_Timer_Module__root__V              
1     0000060a  _ti_sysbios_gates_GateHwi_Module__root__V                 
1     0000060e  _ti_sysbios_gates_GateMutex_Module__root__V               
1     00000612  _ti_sysbios_hal_Hwi_Module__root__V                       
1     00000616  _ti_sysbios_hal_Timer_Module__root__V                     
1     0000061a  _ti_sysbios_knl_Clock_Module__root__V                     
1     0000061e  _ti_sysbios_knl_Queue_Module__root__V                     
1     00000622  _ti_sysbios_knl_Semaphore_Module__root__V                 
1     00000626  _ti_sysbios_knl_Swi_Module__root__V                       
1     0000062a  _ti_sysbios_knl_Task_Module__root__V                      
1     0000062e  _xdc_runtime_HeapStd_Module__root__V                      
1     00000632  _xdc_runtime_LoggerBuf_Module__root__V                    
1     00000640  _xdc_runtime_Error_IgnoreBlock                            
1     00000650  _ti_sysbios_family_c28_Timer_Object__table__V             
1     00000680  _ti_sysbios_knl_Swi_Module_State_0_readyQ__A              
1     000006c0  _ti_sysbios_knl_Task_Module_State_0_readyQ__A             
1     00000700  _xdc_runtime_LoggerBuf_Instance_State_0_entryArr__A       
1     00000740  _ti_sysbios_family_c28_Hwi_Object__table__V               
1     00000760  _SHAPE                                                    
1     00000761  _RECT_SIGN                                                
1     00000762  _INDX                                                     
1     00000763  _INDX_START                                               
1     00000764  _INDX_END                                                 
1     00000766  _AMPLITUDE                                                
1     00000768  _FREQUENCY                                                
1     0000076a  _TICK                                                     
1     0000076c  _TIM_INTV                                                 
1     0000076e  _SAMPLE_RATE                                              
1     00000770  _RMS                                                      
1     00000774  _AVG                                                      
1     00000778  _parmbuf                                                  
1     00000780  _xdc_runtime_LoggerBuf_Object__table__V                   
1     00000792  _ti_sysbios_gates_GateMutex_Object__table__V              
1     000007a0  _ti_sysbios_knl_Semaphore_Object__table__V                
1     000007aa  _xdc_runtime_System_Module_State_0_atexitHandlers__A      
1     000007b2  ___TI_enable_exit_profile_output                          
1     000007b4  ___TI_cleanup_ptr                                         
1     000007b6  ___TI_dtors_ptr                                           
1     000007b8  __lock                                                    
1     000007ba  __unlock                                                  
1     000007bc  _ti_sysbios_gates_GateHwi_Object__table__V                
1     000007be  _ti_sysbios_knl_Task_Module_State_0_idleTask__A           
1     000007c0  _errno                                                    
1     000007c2  _ti_sysbios_knl_Task_Module__state__V                     
1     000007e2  _ti_sysbios_knl_Clock_Module__state__V                    
1     000007f8  _ti_sysbios_family_c28_Timer_Module__state__V             
1     00000b00  _AdcaResultRegs                                           
1     00000b20  _AdcbResultRegs                                           
1     00000b40  _AdccResultRegs                                           
1     00000b60  _AdcdResultRegs                                           
1     00000c00  _CpuTimer0Regs                                            
1     00000c08  _CpuTimer1Regs                                            
1     00000c10  _CpuTimer2Regs                                            
1     00000ce0  _PieCtrlRegs                                              
1     00001000  _DmaRegs                                                  
1     00001400  _Cla1Regs                                                 
1     00004000  _EPwm1Regs                                                
1     00004100  _EPwm2Regs                                                
1     00004200  _EPwm3Regs                                                
1     00004300  _EPwm4Regs                                                
1     00004400  _EPwm5Regs                                                
1     00004500  _EPwm6Regs                                                
1     00004600  _EPwm7Regs                                                
1     00004700  _EPwm8Regs                                                
1     00004800  _EPwm9Regs                                                
1     00004900  _EPwm10Regs                                               
1     00004a00  _EPwm11Regs                                               
1     00004b00  _EPwm12Regs                                               
1     00005000  _ECap1Regs                                                
1     00005020  _ECap2Regs                                                
1     00005040  _ECap3Regs                                                
1     00005060  _ECap4Regs                                                
1     00005080  _ECap5Regs                                                
1     000050a0  _ECap6Regs                                                
1     00005100  _EQep1Regs                                                
1     00005140  _EQep2Regs                                                
1     00005180  _EQep3Regs                                                
1     00005c00  _DacaRegs                                                 
1     00005c10  _DacbRegs                                                 
1     00005c20  _DaccRegs                                                 
1     00005c80  _Cmpss1Regs                                               
1     00005ca0  _Cmpss2Regs                                               
1     00005cc0  _Cmpss3Regs                                               
1     00005ce0  _Cmpss4Regs                                               
1     00005d00  _Cmpss5Regs                                               
1     00005d20  _Cmpss6Regs                                               
1     00005d40  _Cmpss7Regs                                               
1     00005d60  _Cmpss8Regs                                               
1     00005e00  _Sdfm1Regs                                                
1     00005e80  _Sdfm2Regs                                                
1     00006000  _McbspaRegs                                               
1     00006040  _McbspbRegs                                               
1     00006100  _SpiaRegs                                                 
1     00006110  _SpibRegs                                                 
1     00006120  _SpicRegs                                                 
1     00006200  _UppRegs                                                  
1     00007000  _WdRegs                                                   
1     00007060  _NmiIntruptRegs                                           
1     00007070  _XintRegs                                                 
1     00007200  _SciaRegs                                                 
1     00007210  _ScibRegs                                                 
1     00007220  _ScicRegs                                                 
1     00007230  _ScidRegs                                                 
1     00007300  _I2caRegs                                                 
1     00007340  _I2cbRegs                                                 
1     00007400  _AdcaRegs                                                 
1     00007480  _AdcbRegs                                                 
1     00007500  _AdccRegs                                                 
1     00007580  _AdcdRegs                                                 
1     00007900  _InputXbarRegs                                            
1     00007920  _XbarRegs                                                 
1     00007940  _SyncSocRegs                                              
1     00007980  _DmaClaSrcSelRegs                                         
1     00007a00  _EPwmXbarRegs                                             
1     00007a80  _OutputXbarRegs                                           
1     00007c00  _GpioCtrlRegs                                             
1     00007f00  _GpioDataRegs                                             
1     00008000  _RamfuncsLoadEnd                                          
1     00008000  _RamfuncsLoadStart                                        
1     00008000  _RamfuncsRunEnd                                           
1     00008000  _RamfuncsRunStart                                         
1     00008004  _ti_sysbios_BIOS_Module__state__V                         
1     00008016  _ti_sysbios_family_c28_Hwi_Module__state__V               
1     00008026  _ti_sysbios_knl_Swi_Module__state__V                      
1     00008032  _xdc_runtime_Registry_Module__state__V                    
1     00008036  _xdc_runtime_Startup_Module__state__V                     
1     0000803a  _xdc_runtime_SysMin_Module__state__V                      
1     0000803e  _xdc_runtime_HeapStd_Module__state__V                     
1     00008040  _gui                                                      
1     0000881a  _xdc_runtime_System_Module__state__V                      
1     0000881e  _xdc_runtime_Text_Module__state__V                        
1     00008822  _xdc_runtime_LoggerBuf_Module__state__V                   
1     00008825  _xdc_runtime_Error_Module__state__V                       
1     00008826  _xdc_runtime_Memory_Module__state__V                      
1     00008840  _arr_table                                                
1     00009040  __CIOBUF_                                                 
1     00009160  __stack                                                   
1     00009260  __STACK_END                                               
1     00047000  _Emif1Regs                                                
1     00047800  _Emif2Regs                                                
1     00048000  _CanaRegs                                                 
1     0004a000  _CanbRegs                                                 
1     00050024  _FlashPumpSemaphoreRegs                                   
1     0005d000  _DevCfgRegs                                               
1     0005d180  _AnalogSubsysRegs                                         
1     0005d200  _ClkCfgRegs                                               
1     0005d300  _CpuSysRegs                                               
1     0005e608  _RomPrefetchRegs                                          
1     0005f000  _DcsmZ1Regs                                               
1     0005f040  _DcsmZ2Regs                                               
1     0005f070  _DcsmCommonRegs                                           
1     0005f400  _MemCfgRegs                                               
1     0005f480  _Emif1ConfigRegs                                          
1     0005f4a0  _Emif2ConfigRegs                                          
1     0005f4c0  _AccessProtectionRegs                                     
1     0005f500  _MemoryErrorRegs                                          
1     0005f540  _RomWaitStateRegs                                         
1     0005f800  _Flash0CtrlRegs                                           
1     0005fb00  _Flash0EccRegs                                            
1     0005fc00  _Flash1CtrlRegs                                           
1     0005ff00  _Flash1EccRegs                                            
1     00078000  _DcsmZ1Otp                                                
1     00078200  _DcsmZ2Otp                                                
abs   00000000  _RamfuncsLoadSize                                         
abs   00000000  _RamfuncsRunSize                                          
abs   00000001  _xdc_rov_runtime_Mon__checksum                            
abs   00000001  _xdc_rov_runtime_Mon__write                               
abs   00000001  _xdc_runtime_Startup__EXECFXN__C                          
abs   00000001  _xdc_runtime_Startup__RESETFXN__C                         
abs   00000100  __STACK_SIZE                                              
abs   ffffffff  .data                                                     
abs   ffffffff  ___TI_pprof_out_hndl                                      
abs   ffffffff  ___TI_prof_data_size                                      
abs   ffffffff  ___TI_prof_data_start                                     
abs   ffffffff  ___c_args__                                               
abs   ffffffff  ___data__                                                 
abs   ffffffff  ___edata__                                                
abs   ffffffff  ___pinit__                                                
abs   ffffffff  edata                                                     
abs   ffffffff  pinit                                                     

[629 symbols]
