<?xml version="1.0" encoding="ISO-8859-1" ?>
<link_info>
   <banner>TMS320C2000 Linker PC v20.2.5.LTS</banner>
   <copyright>Copyright (c) 1996-2018 Texas Instruments Incorporated</copyright>
   <link_time>0x61dd5726</link_time>
   <link_errors>0x0</link_errors>
   <output_file>generator.out</output_file>
   <entry_point>
      <name>_c_int00</name>
      <address>0x89460</address>
   </entry_point>
   <input_file_list>
      <input_file id="fl-2">
         <path>.\</path>
         <kind>object</kind>
         <file>F2837xS_CodeStartBranch.obj</file>
         <name>F2837xS_CodeStartBranch.obj</name>
      </input_file>
      <input_file id="fl-3">
         <path>.\</path>
         <kind>object</kind>
         <file>F2837xS_CpuTimers.obj</file>
         <name>F2837xS_CpuTimers.obj</name>
      </input_file>
      <input_file id="fl-4">
         <path>.\</path>
         <kind>object</kind>
         <file>F2837xS_GlobalVariableDefs.obj</file>
         <name>F2837xS_GlobalVariableDefs.obj</name>
      </input_file>
      <input_file id="fl-5">
         <path>.\</path>
         <kind>object</kind>
         <file>F2837xS_Gpio.obj</file>
         <name>F2837xS_Gpio.obj</name>
      </input_file>
      <input_file id="fl-6">
         <path>.\</path>
         <kind>object</kind>
         <file>F2837xS_SysCtrl.obj</file>
         <name>F2837xS_SysCtrl.obj</name>
      </input_file>
      <input_file id="fl-7">
         <path>.\</path>
         <kind>object</kind>
         <file>F2837xS_usDelay.obj</file>
         <name>F2837xS_usDelay.obj</name>
      </input_file>
      <input_file id="fl-8">
         <path>.\</path>
         <kind>object</kind>
         <file>gui.obj</file>
         <name>gui.obj</name>
      </input_file>
      <input_file id="fl-9">
         <path>.\</path>
         <kind>object</kind>
         <file>main.obj</file>
         <name>main.obj</name>
      </input_file>
      <input_file id="fl-d">
         <path>C:\Users\Fabbio\workspace_v10\generator\Debug\configPkg\package\cfg\</path>
         <kind>object</kind>
         <file>app_p28FP.o28FP</file>
         <name>app_p28FP.o28FP</name>
      </input_file>
      <input_file id="fl-14">
         <kind>object</kind>
         <file>&lt;internal&gt;</file>
         <name>&lt;internal&gt;</name>
      </input_file>
      <input_file id="fl-15">
         <path>C:\Users\Fabbio\workspace_v10\generator\src\sysbios\</path>
         <kind>archive</kind>
         <file>sysbios.a28FP</file>
         <name>BIOS.obj</name>
      </input_file>
      <input_file id="fl-16">
         <path>C:\Users\Fabbio\workspace_v10\generator\src\sysbios\</path>
         <kind>archive</kind>
         <file>sysbios.a28FP</file>
         <name>c28_Hwi_asm.obj</name>
      </input_file>
      <input_file id="fl-17">
         <path>C:\Users\Fabbio\workspace_v10\generator\src\sysbios\</path>
         <kind>archive</kind>
         <file>sysbios.a28FP</file>
         <name>c28_Hwi_disp_asm.obj</name>
      </input_file>
      <input_file id="fl-18">
         <path>C:\Users\Fabbio\workspace_v10\generator\src\sysbios\</path>
         <kind>archive</kind>
         <file>sysbios.a28FP</file>
         <name>c28_IntrinsicsSupport_asm.obj</name>
      </input_file>
      <input_file id="fl-19">
         <path>C:\Users\Fabbio\workspace_v10\generator\src\sysbios\</path>
         <kind>archive</kind>
         <file>sysbios.a28FP</file>
         <name>c28_TaskSupport_asm.obj</name>
      </input_file>
      <input_file id="fl-1a">
         <path>C:\ti\bios_6_83_00_18\packages\ti\targets\rts2800\lib\</path>
         <kind>archive</kind>
         <file>ti.targets.rts2800.a28FP</file>
         <name>Assert.o28FP</name>
      </input_file>
      <input_file id="fl-1b">
         <path>C:\ti\bios_6_83_00_18\packages\ti\targets\rts2800\lib\</path>
         <kind>archive</kind>
         <file>ti.targets.rts2800.a28FP</file>
         <name>Core-mem.o28FP</name>
      </input_file>
      <input_file id="fl-1c">
         <path>C:\ti\bios_6_83_00_18\packages\ti\targets\rts2800\lib\</path>
         <kind>archive</kind>
         <file>ti.targets.rts2800.a28FP</file>
         <name>Core-smem.o28FP</name>
      </input_file>
      <input_file id="fl-1d">
         <path>C:\ti\bios_6_83_00_18\packages\ti\targets\rts2800\lib\</path>
         <kind>archive</kind>
         <file>ti.targets.rts2800.a28FP</file>
         <name>Core-params.o28FP</name>
      </input_file>
      <input_file id="fl-1e">
         <path>C:\ti\bios_6_83_00_18\packages\ti\targets\rts2800\lib\</path>
         <kind>archive</kind>
         <file>ti.targets.rts2800.a28FP</file>
         <name>Error.o28FP</name>
      </input_file>
      <input_file id="fl-1f">
         <path>C:\ti\bios_6_83_00_18\packages\ti\targets\rts2800\lib\</path>
         <kind>archive</kind>
         <file>ti.targets.rts2800.a28FP</file>
         <name>Gate.o28FP</name>
      </input_file>
      <input_file id="fl-20">
         <path>C:\ti\bios_6_83_00_18\packages\ti\targets\rts2800\lib\</path>
         <kind>archive</kind>
         <file>ti.targets.rts2800.a28FP</file>
         <name>HeapStd.o28FP</name>
      </input_file>
      <input_file id="fl-21">
         <path>C:\ti\bios_6_83_00_18\packages\ti\targets\rts2800\lib\</path>
         <kind>archive</kind>
         <file>ti.targets.rts2800.a28FP</file>
         <name>LoggerBuf.o28FP</name>
      </input_file>
      <input_file id="fl-22">
         <path>C:\ti\bios_6_83_00_18\packages\ti\targets\rts2800\lib\</path>
         <kind>archive</kind>
         <file>ti.targets.rts2800.a28FP</file>
         <name>Memory.o28FP</name>
      </input_file>
      <input_file id="fl-23">
         <path>C:\ti\bios_6_83_00_18\packages\ti\targets\rts2800\lib\</path>
         <kind>archive</kind>
         <file>ti.targets.rts2800.a28FP</file>
         <name>Startup.o28FP</name>
      </input_file>
      <input_file id="fl-24">
         <path>C:\ti\bios_6_83_00_18\packages\ti\targets\rts2800\lib\</path>
         <kind>archive</kind>
         <file>ti.targets.rts2800.a28FP</file>
         <name>System.o28FP</name>
      </input_file>
      <input_file id="fl-25">
         <path>C:\ti\bios_6_83_00_18\packages\ti\targets\rts2800\lib\</path>
         <kind>archive</kind>
         <file>ti.targets.rts2800.a28FP</file>
         <name>SysMin.o28FP</name>
      </input_file>
      <input_file id="fl-26">
         <path>C:\ti\bios_6_83_00_18\packages\ti\targets\rts2800\lib\</path>
         <kind>archive</kind>
         <file>ti.targets.rts2800.a28FP</file>
         <name>Text.o28FP</name>
      </input_file>
      <input_file id="fl-27">
         <path>C:\ti\bios_6_83_00_18\packages\ti\targets\rts2800\lib\</path>
         <kind>archive</kind>
         <file>ti.targets.rts2800.a28FP</file>
         <name>xdc_noinit.o28FP</name>
      </input_file>
      <input_file id="fl-28">
         <path>C:\ti\bios_6_83_00_18\packages\ti\targets\rts2800\lib\</path>
         <kind>archive</kind>
         <file>ti.targets.rts2800.a28FP</file>
         <name>Log.o28FP</name>
      </input_file>
      <input_file id="fl-29">
         <path>C:\ti\bios_6_83_00_18\packages\ti\targets\rts2800\lib\</path>
         <kind>archive</kind>
         <file>ti.targets.rts2800.a28FP</file>
         <name>Registry.o28FP</name>
      </input_file>
      <input_file id="fl-2a">
         <path>C:\ti\bios_6_83_00_18\packages\ti\targets\rts2800\lib\</path>
         <kind>archive</kind>
         <file>boot.a28FP</file>
         <name>boot_cg.o28FP</name>
      </input_file>
      <input_file id="fl-2b">
         <path>C:\ti\bios_6_83_00_18\packages\ti\catalog\c2800\initF2837x\lib\</path>
         <kind>archive</kind>
         <file>Boot.a28FP</file>
         <name>Boot.o28FP</name>
      </input_file>
      <input_file id="fl-2c">
         <path>C:\ti\bios_6_83_00_18\packages\ti\catalog\c2800\initF2837x\lib\</path>
         <kind>archive</kind>
         <file>Boot.a28FP</file>
         <name>Boot_asm.o28FP</name>
      </input_file>
      <input_file id="fl-38">
         <path>C:\ti\ccs1040\ccs\tools\compiler\ti-cgt-c2000_20.2.5.LTS\lib\</path>
         <kind>archive</kind>
         <file>rts2800_fpu32.lib</file>
         <name>e_asinf.c.obj</name>
      </input_file>
      <input_file id="fl-39">
         <path>C:\ti\ccs1040\ccs\tools\compiler\ti-cgt-c2000_20.2.5.LTS\lib\</path>
         <kind>archive</kind>
         <file>rts2800_fpu32.lib</file>
         <name>e_sqrtf.c.obj</name>
      </input_file>
      <input_file id="fl-3a">
         <path>C:\ti\ccs1040\ccs\tools\compiler\ti-cgt-c2000_20.2.5.LTS\lib\</path>
         <kind>archive</kind>
         <file>rts2800_fpu32.lib</file>
         <name>s_cosf.c.obj</name>
      </input_file>
      <input_file id="fl-3b">
         <path>C:\ti\ccs1040\ccs\tools\compiler\ti-cgt-c2000_20.2.5.LTS\lib\</path>
         <kind>archive</kind>
         <file>rts2800_fpu32.lib</file>
         <name>s_sinf.c.obj</name>
      </input_file>
      <input_file id="fl-3c">
         <path>C:\ti\ccs1040\ccs\tools\compiler\ti-cgt-c2000_20.2.5.LTS\lib\</path>
         <kind>archive</kind>
         <file>rts2800_fpu32.lib</file>
         <name>e_sqrt.c.obj</name>
      </input_file>
      <input_file id="fl-3d">
         <path>C:\ti\ccs1040\ccs\tools\compiler\ti-cgt-c2000_20.2.5.LTS\lib\</path>
         <kind>archive</kind>
         <file>rts2800_fpu32.lib</file>
         <name>fd_add28.asm.obj</name>
      </input_file>
      <input_file id="fl-3e">
         <path>C:\ti\ccs1040\ccs\tools\compiler\ti-cgt-c2000_20.2.5.LTS\lib\</path>
         <kind>archive</kind>
         <file>rts2800_fpu32.lib</file>
         <name>fd_cmp28.asm.obj</name>
      </input_file>
      <input_file id="fl-3f">
         <path>C:\ti\ccs1040\ccs\tools\compiler\ti-cgt-c2000_20.2.5.LTS\lib\</path>
         <kind>archive</kind>
         <file>rts2800_fpu32.lib</file>
         <name>fd_mpy28.asm.obj</name>
      </input_file>
      <input_file id="fl-40">
         <path>C:\ti\ccs1040\ccs\tools\compiler\ti-cgt-c2000_20.2.5.LTS\lib\</path>
         <kind>archive</kind>
         <file>rts2800_fpu32.lib</file>
         <name>fd_sub28.asm.obj</name>
      </input_file>
      <input_file id="fl-41">
         <path>C:\ti\ccs1040\ccs\tools\compiler\ti-cgt-c2000_20.2.5.LTS\lib\</path>
         <kind>archive</kind>
         <file>rts2800_fpu32.lib</file>
         <name>fs_div28.asm.obj</name>
      </input_file>
      <input_file id="fl-42">
         <path>C:\ti\ccs1040\ccs\tools\compiler\ti-cgt-c2000_20.2.5.LTS\lib\</path>
         <kind>archive</kind>
         <file>rts2800_fpu32.lib</file>
         <name>ll_div28.asm.obj</name>
      </input_file>
      <input_file id="fl-43">
         <path>C:\ti\ccs1040\ccs\tools\compiler\ti-cgt-c2000_20.2.5.LTS\lib\</path>
         <kind>archive</kind>
         <file>rts2800_fpu32.lib</file>
         <name>fs_tofdfpu32.asm.obj</name>
      </input_file>
      <input_file id="fl-44">
         <path>C:\ti\ccs1040\ccs\tools\compiler\ti-cgt-c2000_20.2.5.LTS\lib\</path>
         <kind>archive</kind>
         <file>rts2800_fpu32.lib</file>
         <name>fd_tofsfpu32.asm.obj</name>
      </input_file>
      <input_file id="fl-45">
         <path>C:\ti\ccs1040\ccs\tools\compiler\ti-cgt-c2000_20.2.5.LTS\lib\</path>
         <kind>archive</kind>
         <file>rts2800_fpu32.lib</file>
         <name>cpy_tbl.c.obj</name>
      </input_file>
      <input_file id="fl-46">
         <path>C:\ti\ccs1040\ccs\tools\compiler\ti-cgt-c2000_20.2.5.LTS\lib\</path>
         <kind>archive</kind>
         <file>rts2800_fpu32.lib</file>
         <name>memcpy.c.obj</name>
      </input_file>
      <input_file id="fl-47">
         <path>C:\ti\ccs1040\ccs\tools\compiler\ti-cgt-c2000_20.2.5.LTS\lib\</path>
         <kind>archive</kind>
         <file>rts2800_fpu32.lib</file>
         <name>pre_init.c.obj</name>
      </input_file>
      <input_file id="fl-48">
         <path>C:\ti\ccs1040\ccs\tools\compiler\ti-cgt-c2000_20.2.5.LTS\lib\</path>
         <kind>archive</kind>
         <file>rts2800_fpu32.lib</file>
         <name>startup.c.obj</name>
      </input_file>
      <input_file id="fl-49">
         <path>C:\ti\ccs1040\ccs\tools\compiler\ti-cgt-c2000_20.2.5.LTS\lib\</path>
         <kind>archive</kind>
         <file>rts2800_fpu32.lib</file>
         <name>exit.c.obj</name>
      </input_file>
      <input_file id="fl-4a">
         <path>C:\ti\ccs1040\ccs\tools\compiler\ti-cgt-c2000_20.2.5.LTS\lib\</path>
         <kind>archive</kind>
         <file>rts2800_fpu32.lib</file>
         <name>_lock.c.obj</name>
      </input_file>
      <input_file id="fl-4b">
         <path>C:\ti\ccs1040\ccs\tools\compiler\ti-cgt-c2000_20.2.5.LTS\lib\</path>
         <kind>archive</kind>
         <file>rts2800_fpu32.lib</file>
         <name>args_main.c.obj</name>
      </input_file>
      <input_file id="fl-4c">
         <path>C:\ti\ccs1040\ccs\tools\compiler\ti-cgt-c2000_20.2.5.LTS\lib\</path>
         <kind>archive</kind>
         <file>rts2800_fpu32.lib</file>
         <name>memset.c.obj</name>
      </input_file>
      <input_file id="fl-4d">
         <path>C:\ti\ccs1040\ccs\tools\compiler\ti-cgt-c2000_20.2.5.LTS\lib\</path>
         <kind>archive</kind>
         <file>rts2800_fpu32.lib</file>
         <name>strcmp.c.obj</name>
      </input_file>
      <input_file id="fl-4e">
         <path>C:\ti\ccs1040\ccs\tools\compiler\ti-cgt-c2000_20.2.5.LTS\lib\</path>
         <kind>archive</kind>
         <file>rts2800_fpu32.lib</file>
         <name>strlen.c.obj</name>
      </input_file>
      <input_file id="fl-4f">
         <path>C:\ti\ccs1040\ccs\tools\compiler\ti-cgt-c2000_20.2.5.LTS\lib\</path>
         <kind>archive</kind>
         <file>rts2800_fpu32.lib</file>
         <name>errno.c.obj</name>
      </input_file>
      <input_file id="fl-50">
         <path>C:\ti\ccs1040\ccs\tools\compiler\ti-cgt-c2000_20.2.5.LTS\lib\</path>
         <kind>archive</kind>
         <file>rts2800_fpu32.lib</file>
         <name>hostwrite.c.obj</name>
      </input_file>
      <input_file id="fl-51">
         <path>C:\ti\ccs1040\ccs\tools\compiler\ti-cgt-c2000_20.2.5.LTS\lib\</path>
         <kind>archive</kind>
         <file>rts2800_fpu32.lib</file>
         <name>trgmsg.c.obj</name>
      </input_file>
      <input_file id="fl-52">
         <path>C:\ti\ccs1040\ccs\tools\compiler\ti-cgt-c2000_20.2.5.LTS\lib\</path>
         <kind>archive</kind>
         <file>rts2800_fpu32.lib</file>
         <name>hostopen.c.obj</name>
      </input_file>
   </input_file_list>
   <object_component_list>
      <object_component id="oc-f3">
         <name>PieVectTableFile</name>
         <uninitialized>true</uninitialized>
         <run_address>0xd00</run_address>
         <size>0x1c0</size>
         <input_file_ref idref="fl-4"/>
      </object_component>
      <object_component id="oc-90">
         <name>EmuKeyVar</name>
         <uninitialized>true</uninitialized>
         <run_address>0xd00</run_address>
         <size>0x1</size>
         <input_file_ref idref="fl-4"/>
      </object_component>
      <object_component id="oc-91">
         <name>EmuBModeVar</name>
         <uninitialized>true</uninitialized>
         <run_address>0xd01</run_address>
         <size>0x1</size>
         <input_file_ref idref="fl-4"/>
      </object_component>
      <object_component id="oc-a7">
         <name>AdcaResultFile</name>
         <uninitialized>true</uninitialized>
         <run_address>0xb00</run_address>
         <size>0x18</size>
         <input_file_ref idref="fl-4"/>
      </object_component>
      <object_component id="oc-a8">
         <name>AdcbResultFile</name>
         <uninitialized>true</uninitialized>
         <run_address>0xb20</run_address>
         <size>0x18</size>
         <input_file_ref idref="fl-4"/>
      </object_component>
      <object_component id="oc-a9">
         <name>AdccResultFile</name>
         <uninitialized>true</uninitialized>
         <run_address>0xb40</run_address>
         <size>0x18</size>
         <input_file_ref idref="fl-4"/>
      </object_component>
      <object_component id="oc-aa">
         <name>AdcdResultFile</name>
         <uninitialized>true</uninitialized>
         <run_address>0xb60</run_address>
         <size>0x18</size>
         <input_file_ref idref="fl-4"/>
      </object_component>
      <object_component id="oc-d8">
         <name>AdcaRegsFile</name>
         <uninitialized>true</uninitialized>
         <run_address>0x7400</run_address>
         <size>0x80</size>
         <input_file_ref idref="fl-4"/>
      </object_component>
      <object_component id="oc-d9">
         <name>AdcbRegsFile</name>
         <uninitialized>true</uninitialized>
         <run_address>0x7480</run_address>
         <size>0x80</size>
         <input_file_ref idref="fl-4"/>
      </object_component>
      <object_component id="oc-da">
         <name>AdccRegsFile</name>
         <uninitialized>true</uninitialized>
         <run_address>0x7500</run_address>
         <size>0x80</size>
         <input_file_ref idref="fl-4"/>
      </object_component>
      <object_component id="oc-db">
         <name>AdcdRegsFile</name>
         <uninitialized>true</uninitialized>
         <run_address>0x7580</run_address>
         <size>0x80</size>
         <input_file_ref idref="fl-4"/>
      </object_component>
      <object_component id="oc-d4">
         <name>AnalogSubsysRegsFile</name>
         <uninitialized>true</uninitialized>
         <run_address>0x5d180</run_address>
         <size>0x48</size>
         <input_file_ref idref="fl-4"/>
      </object_component>
      <object_component id="oc-ee">
         <name>CanaRegsFile</name>
         <uninitialized>true</uninitialized>
         <run_address>0x48000</run_address>
         <size>0x164</size>
         <input_file_ref idref="fl-4"/>
      </object_component>
      <object_component id="oc-ef">
         <name>CanbRegsFile</name>
         <uninitialized>true</uninitialized>
         <run_address>0x4a000</run_address>
         <size>0x164</size>
         <input_file_ref idref="fl-4"/>
      </object_component>
      <object_component id="oc-cf">
         <name>Cla1RegsFile</name>
         <uninitialized>true</uninitialized>
         <run_address>0x1400</run_address>
         <size>0x3e</size>
         <input_file_ref idref="fl-4"/>
      </object_component>
      <object_component id="oc-95">
         <name>Cla1SoftIntRegsFile</name>
         <uninitialized>true</uninitialized>
         <run_address>0xce0</run_address>
         <size>0x4</size>
         <input_file_ref idref="fl-4"/>
      </object_component>
      <object_component id="oc-ad">
         <name>Cmpss1RegsFile</name>
         <uninitialized>true</uninitialized>
         <run_address>0x5c80</run_address>
         <size>0x20</size>
         <input_file_ref idref="fl-4"/>
      </object_component>
      <object_component id="oc-ae">
         <name>Cmpss2RegsFile</name>
         <uninitialized>true</uninitialized>
         <run_address>0x5ca0</run_address>
         <size>0x20</size>
         <input_file_ref idref="fl-4"/>
      </object_component>
      <object_component id="oc-af">
         <name>Cmpss3RegsFile</name>
         <uninitialized>true</uninitialized>
         <run_address>0x5cc0</run_address>
         <size>0x20</size>
         <input_file_ref idref="fl-4"/>
      </object_component>
      <object_component id="oc-b0">
         <name>Cmpss4RegsFile</name>
         <uninitialized>true</uninitialized>
         <run_address>0x5ce0</run_address>
         <size>0x20</size>
         <input_file_ref idref="fl-4"/>
      </object_component>
      <object_component id="oc-b1">
         <name>Cmpss5RegsFile</name>
         <uninitialized>true</uninitialized>
         <run_address>0x5d00</run_address>
         <size>0x20</size>
         <input_file_ref idref="fl-4"/>
      </object_component>
      <object_component id="oc-b2">
         <name>Cmpss6RegsFile</name>
         <uninitialized>true</uninitialized>
         <run_address>0x5d20</run_address>
         <size>0x20</size>
         <input_file_ref idref="fl-4"/>
      </object_component>
      <object_component id="oc-b3">
         <name>Cmpss7RegsFile</name>
         <uninitialized>true</uninitialized>
         <run_address>0x5d40</run_address>
         <size>0x20</size>
         <input_file_ref idref="fl-4"/>
      </object_component>
      <object_component id="oc-b4">
         <name>Cmpss8RegsFile</name>
         <uninitialized>true</uninitialized>
         <run_address>0x5d60</run_address>
         <size>0x20</size>
         <input_file_ref idref="fl-4"/>
      </object_component>
      <object_component id="oc-9b">
         <name>CpuTimer0RegsFile</name>
         <uninitialized>true</uninitialized>
         <run_address>0xc00</run_address>
         <size>0x8</size>
         <input_file_ref idref="fl-4"/>
      </object_component>
      <object_component id="oc-9c">
         <name>CpuTimer1RegsFile</name>
         <uninitialized>true</uninitialized>
         <run_address>0xc08</run_address>
         <size>0x8</size>
         <input_file_ref idref="fl-4"/>
      </object_component>
      <object_component id="oc-9d">
         <name>CpuTimer2RegsFile</name>
         <uninitialized>true</uninitialized>
         <run_address>0xc10</run_address>
         <size>0x8</size>
         <input_file_ref idref="fl-4"/>
      </object_component>
      <object_component id="oc-98">
         <name>DacaRegsFile</name>
         <uninitialized>true</uninitialized>
         <run_address>0x5c00</run_address>
         <size>0x8</size>
         <input_file_ref idref="fl-4"/>
      </object_component>
      <object_component id="oc-99">
         <name>DacbRegsFile</name>
         <uninitialized>true</uninitialized>
         <run_address>0x5c10</run_address>
         <size>0x8</size>
         <input_file_ref idref="fl-4"/>
      </object_component>
      <object_component id="oc-9a">
         <name>DaccRegsFile</name>
         <uninitialized>true</uninitialized>
         <run_address>0x5c20</run_address>
         <size>0x8</size>
         <input_file_ref idref="fl-4"/>
      </object_component>
      <object_component id="oc-c6">
         <name>DcsmZ1RegsFile</name>
         <uninitialized>true</uninitialized>
         <run_address>0x5f000</run_address>
         <size>0x24</size>
         <input_file_ref idref="fl-4"/>
      </object_component>
      <object_component id="oc-c7">
         <name>DcsmZ2RegsFile</name>
         <uninitialized>true</uninitialized>
         <run_address>0x5f040</run_address>
         <size>0x24</size>
         <input_file_ref idref="fl-4"/>
      </object_component>
      <object_component id="oc-9e">
         <name>DcsmCommonRegsFile</name>
         <uninitialized>true</uninitialized>
         <run_address>0x5f070</run_address>
         <size>0x8</size>
         <input_file_ref idref="fl-4"/>
      </object_component>
      <object_component id="oc-b5">
         <name>DcsmZ1OtpFile</name>
         <uninitialized>true</uninitialized>
         <run_address>0x78000</run_address>
         <size>0x20</size>
         <input_file_ref idref="fl-4"/>
      </object_component>
      <object_component id="oc-b6">
         <name>DcsmZ2OtpFile</name>
         <uninitialized>true</uninitialized>
         <run_address>0x78200</run_address>
         <size>0x20</size>
         <input_file_ref idref="fl-4"/>
      </object_component>
      <object_component id="oc-e0">
         <name>DmaRegsFile</name>
         <uninitialized>true</uninitialized>
         <run_address>0x1000</run_address>
         <size>0xe0</size>
         <input_file_ref idref="fl-4"/>
      </object_component>
      <object_component id="oc-ab">
         <name>DmaClaSrcSelRegsFile</name>
         <uninitialized>true</uninitialized>
         <run_address>0x7980</run_address>
         <size>0x1a</size>
         <input_file_ref idref="fl-4"/>
      </object_component>
      <object_component id="oc-b7">
         <name>ECap1RegsFile</name>
         <uninitialized>true</uninitialized>
         <run_address>0x5000</run_address>
         <size>0x20</size>
         <input_file_ref idref="fl-4"/>
      </object_component>
      <object_component id="oc-b8">
         <name>ECap2RegsFile</name>
         <uninitialized>true</uninitialized>
         <run_address>0x5020</run_address>
         <size>0x20</size>
         <input_file_ref idref="fl-4"/>
      </object_component>
      <object_component id="oc-b9">
         <name>ECap3RegsFile</name>
         <uninitialized>true</uninitialized>
         <run_address>0x5040</run_address>
         <size>0x20</size>
         <input_file_ref idref="fl-4"/>
      </object_component>
      <object_component id="oc-ba">
         <name>ECap4RegsFile</name>
         <uninitialized>true</uninitialized>
         <run_address>0x5060</run_address>
         <size>0x20</size>
         <input_file_ref idref="fl-4"/>
      </object_component>
      <object_component id="oc-bb">
         <name>ECap5RegsFile</name>
         <uninitialized>true</uninitialized>
         <run_address>0x5080</run_address>
         <size>0x20</size>
         <input_file_ref idref="fl-4"/>
      </object_component>
      <object_component id="oc-bc">
         <name>ECap6RegsFile</name>
         <uninitialized>true</uninitialized>
         <run_address>0x50a0</run_address>
         <size>0x20</size>
         <input_file_ref idref="fl-4"/>
      </object_component>
      <object_component id="oc-d6">
         <name>Emif1RegsFile</name>
         <uninitialized>true</uninitialized>
         <run_address>0x47000</run_address>
         <size>0x70</size>
         <input_file_ref idref="fl-4"/>
      </object_component>
      <object_component id="oc-d7">
         <name>Emif2RegsFile</name>
         <uninitialized>true</uninitialized>
         <run_address>0x47800</run_address>
         <size>0x70</size>
         <input_file_ref idref="fl-4"/>
      </object_component>
      <object_component id="oc-e1">
         <name>EPwm1RegsFile</name>
         <uninitialized>true</uninitialized>
         <run_address>0x4000</run_address>
         <size>0x100</size>
         <input_file_ref idref="fl-4"/>
      </object_component>
      <object_component id="oc-e2">
         <name>EPwm2RegsFile</name>
         <uninitialized>true</uninitialized>
         <run_address>0x4100</run_address>
         <size>0x100</size>
         <input_file_ref idref="fl-4"/>
      </object_component>
      <object_component id="oc-e3">
         <name>EPwm3RegsFile</name>
         <uninitialized>true</uninitialized>
         <run_address>0x4200</run_address>
         <size>0x100</size>
         <input_file_ref idref="fl-4"/>
      </object_component>
      <object_component id="oc-e4">
         <name>EPwm4RegsFile</name>
         <uninitialized>true</uninitialized>
         <run_address>0x4300</run_address>
         <size>0x100</size>
         <input_file_ref idref="fl-4"/>
      </object_component>
      <object_component id="oc-e5">
         <name>EPwm5RegsFile</name>
         <uninitialized>true</uninitialized>
         <run_address>0x4400</run_address>
         <size>0x100</size>
         <input_file_ref idref="fl-4"/>
      </object_component>
      <object_component id="oc-e6">
         <name>EPwm6RegsFile</name>
         <uninitialized>true</uninitialized>
         <run_address>0x4500</run_address>
         <size>0x100</size>
         <input_file_ref idref="fl-4"/>
      </object_component>
      <object_component id="oc-e7">
         <name>EPwm7RegsFile</name>
         <uninitialized>true</uninitialized>
         <run_address>0x4600</run_address>
         <size>0x100</size>
         <input_file_ref idref="fl-4"/>
      </object_component>
      <object_component id="oc-e8">
         <name>EPwm8RegsFile</name>
         <uninitialized>true</uninitialized>
         <run_address>0x4700</run_address>
         <size>0x100</size>
         <input_file_ref idref="fl-4"/>
      </object_component>
      <object_component id="oc-e9">
         <name>EPwm9RegsFile</name>
         <uninitialized>true</uninitialized>
         <run_address>0x4800</run_address>
         <size>0x100</size>
         <input_file_ref idref="fl-4"/>
      </object_component>
      <object_component id="oc-ea">
         <name>EPwm10RegsFile</name>
         <uninitialized>true</uninitialized>
         <run_address>0x4900</run_address>
         <size>0x100</size>
         <input_file_ref idref="fl-4"/>
      </object_component>
      <object_component id="oc-eb">
         <name>EPwm11RegsFile</name>
         <uninitialized>true</uninitialized>
         <run_address>0x4a00</run_address>
         <size>0x100</size>
         <input_file_ref idref="fl-4"/>
      </object_component>
      <object_component id="oc-ec">
         <name>EPwm12RegsFile</name>
         <uninitialized>true</uninitialized>
         <run_address>0x4b00</run_address>
         <size>0x100</size>
         <input_file_ref idref="fl-4"/>
      </object_component>
      <object_component id="oc-d0">
         <name>EPwmXbarRegsFile</name>
         <uninitialized>true</uninitialized>
         <run_address>0x7a00</run_address>
         <size>0x40</size>
         <input_file_ref idref="fl-4"/>
      </object_component>
      <object_component id="oc-c1">
         <name>EQep1RegsFile</name>
         <uninitialized>true</uninitialized>
         <run_address>0x5100</run_address>
         <size>0x22</size>
         <input_file_ref idref="fl-4"/>
      </object_component>
      <object_component id="oc-c2">
         <name>EQep2RegsFile</name>
         <uninitialized>true</uninitialized>
         <run_address>0x5140</run_address>
         <size>0x22</size>
         <input_file_ref idref="fl-4"/>
      </object_component>
      <object_component id="oc-c3">
         <name>EQep3RegsFile</name>
         <uninitialized>true</uninitialized>
         <run_address>0x5180</run_address>
         <size>0x22</size>
         <input_file_ref idref="fl-4"/>
      </object_component>
      <object_component id="oc-f1">
         <name>Flash0CtrlRegsFile</name>
         <uninitialized>true</uninitialized>
         <run_address>0x5f800</run_address>
         <size>0x182</size>
         <input_file_ref idref="fl-4"/>
      </object_component>
      <object_component id="oc-ca">
         <name>Flash0EccRegsFile</name>
         <uninitialized>true</uninitialized>
         <run_address>0x5fb00</run_address>
         <size>0x28</size>
         <input_file_ref idref="fl-4"/>
      </object_component>
      <object_component id="oc-f2">
         <name>Flash1CtrlRegsFile</name>
         <uninitialized>true</uninitialized>
         <run_address>0x5fc00</run_address>
         <size>0x182</size>
         <input_file_ref idref="fl-4"/>
      </object_component>
      <object_component id="oc-cb">
         <name>Flash1EccRegsFile</name>
         <uninitialized>true</uninitialized>
         <run_address>0x5ff00</run_address>
         <size>0x28</size>
         <input_file_ref idref="fl-4"/>
      </object_component>
      <object_component id="oc-f0">
         <name>GpioCtrlRegsFile</name>
         <uninitialized>true</uninitialized>
         <run_address>0x7c00</run_address>
         <size>0x180</size>
         <input_file_ref idref="fl-4"/>
      </object_component>
      <object_component id="oc-cd">
         <name>GpioDataRegsFile</name>
         <uninitialized>true</uninitialized>
         <run_address>0x7f00</run_address>
         <size>0x30</size>
         <input_file_ref idref="fl-4"/>
      </object_component>
      <object_component id="oc-d1">
         <name>OutputXbarRegsFile</name>
         <uninitialized>true</uninitialized>
         <run_address>0x7a80</run_address>
         <size>0x40</size>
         <input_file_ref idref="fl-4"/>
      </object_component>
      <object_component id="oc-c4">
         <name>I2caRegsFile</name>
         <uninitialized>true</uninitialized>
         <run_address>0x7300</run_address>
         <size>0x22</size>
         <input_file_ref idref="fl-4"/>
      </object_component>
      <object_component id="oc-c5">
         <name>I2cbRegsFile</name>
         <uninitialized>true</uninitialized>
         <run_address>0x7340</run_address>
         <size>0x22</size>
         <input_file_ref idref="fl-4"/>
      </object_component>
      <object_component id="oc-bd">
         <name>InputXbarRegsFile</name>
         <uninitialized>true</uninitialized>
         <run_address>0x7900</run_address>
         <size>0x20</size>
         <input_file_ref idref="fl-4"/>
      </object_component>
      <object_component id="oc-be">
         <name>XbarRegsFile</name>
         <uninitialized>true</uninitialized>
         <run_address>0x7920</run_address>
         <size>0x20</size>
         <input_file_ref idref="fl-4"/>
      </object_component>
      <object_component id="oc-92">
         <name>FlashPumpSemaphoreRegsFile</name>
         <uninitialized>true</uninitialized>
         <run_address>0x50024</run_address>
         <size>0x2</size>
         <input_file_ref idref="fl-4"/>
      </object_component>
      <object_component id="oc-93">
         <name>RomPrefetchRegsFile</name>
         <uninitialized>true</uninitialized>
         <run_address>0x5e608</run_address>
         <size>0x2</size>
         <input_file_ref idref="fl-4"/>
      </object_component>
      <object_component id="oc-dc">
         <name>MemCfgRegsFile</name>
         <uninitialized>true</uninitialized>
         <run_address>0x5f400</run_address>
         <size>0x80</size>
         <input_file_ref idref="fl-4"/>
      </object_component>
      <object_component id="oc-bf">
         <name>Emif1ConfigRegsFile</name>
         <uninitialized>true</uninitialized>
         <run_address>0x5f480</run_address>
         <size>0x20</size>
         <input_file_ref idref="fl-4"/>
      </object_component>
      <object_component id="oc-c0">
         <name>Emif2ConfigRegsFile</name>
         <uninitialized>true</uninitialized>
         <run_address>0x5f4a0</run_address>
         <size>0x20</size>
         <input_file_ref idref="fl-4"/>
      </object_component>
      <object_component id="oc-d2">
         <name>AccessProtectionRegsFile</name>
         <uninitialized>true</uninitialized>
         <run_address>0x5f4c0</run_address>
         <size>0x40</size>
         <input_file_ref idref="fl-4"/>
      </object_component>
      <object_component id="oc-d3">
         <name>MemoryErrorRegsFile</name>
         <uninitialized>true</uninitialized>
         <run_address>0x5f500</run_address>
         <size>0x40</size>
         <input_file_ref idref="fl-4"/>
      </object_component>
      <object_component id="oc-94">
         <name>RomWaitStateRegsFile</name>
         <uninitialized>true</uninitialized>
         <run_address>0x5f540</run_address>
         <size>0x2</size>
         <input_file_ref idref="fl-4"/>
      </object_component>
      <object_component id="oc-c8">
         <name>McbspaRegsFile</name>
         <uninitialized>true</uninitialized>
         <run_address>0x6000</run_address>
         <size>0x24</size>
         <input_file_ref idref="fl-4"/>
      </object_component>
      <object_component id="oc-c9">
         <name>McbspbRegsFile</name>
         <uninitialized>true</uninitialized>
         <run_address>0x6040</run_address>
         <size>0x24</size>
         <input_file_ref idref="fl-4"/>
      </object_component>
      <object_component id="oc-d5">
         <name>UppRegsFile</name>
         <uninitialized>true</uninitialized>
         <run_address>0x6200</run_address>
         <size>0x48</size>
         <input_file_ref idref="fl-4"/>
      </object_component>
      <object_component id="oc-97">
         <name>NmiIntruptRegsFile</name>
         <uninitialized>true</uninitialized>
         <run_address>0x7060</run_address>
         <size>0x7</size>
         <input_file_ref idref="fl-4"/>
      </object_component>
      <object_component id="oc-ac">
         <name>PieCtrlRegsFile</name>
         <uninitialized>true</uninitialized>
         <run_address>0xce0</run_address>
         <size>0x1a</size>
         <input_file_ref idref="fl-4"/>
      </object_component>
      <object_component id="oc-a0">
         <name>SciaRegsFile</name>
         <uninitialized>true</uninitialized>
         <run_address>0x7200</run_address>
         <size>0x10</size>
         <input_file_ref idref="fl-4"/>
      </object_component>
      <object_component id="oc-a1">
         <name>ScibRegsFile</name>
         <uninitialized>true</uninitialized>
         <run_address>0x7210</run_address>
         <size>0x10</size>
         <input_file_ref idref="fl-4"/>
      </object_component>
      <object_component id="oc-a2">
         <name>ScicRegsFile</name>
         <uninitialized>true</uninitialized>
         <run_address>0x7220</run_address>
         <size>0x10</size>
         <input_file_ref idref="fl-4"/>
      </object_component>
      <object_component id="oc-a3">
         <name>ScidRegsFile</name>
         <uninitialized>true</uninitialized>
         <run_address>0x7230</run_address>
         <size>0x10</size>
         <input_file_ref idref="fl-4"/>
      </object_component>
      <object_component id="oc-dd">
         <name>Sdfm1RegsFile</name>
         <uninitialized>true</uninitialized>
         <run_address>0x5e00</run_address>
         <size>0x80</size>
         <input_file_ref idref="fl-4"/>
      </object_component>
      <object_component id="oc-de">
         <name>Sdfm2RegsFile</name>
         <uninitialized>true</uninitialized>
         <run_address>0x5e80</run_address>
         <size>0x80</size>
         <input_file_ref idref="fl-4"/>
      </object_component>
      <object_component id="oc-a4">
         <name>SpiaRegsFile</name>
         <uninitialized>true</uninitialized>
         <run_address>0x6100</run_address>
         <size>0x10</size>
         <input_file_ref idref="fl-4"/>
      </object_component>
      <object_component id="oc-a5">
         <name>SpibRegsFile</name>
         <uninitialized>true</uninitialized>
         <run_address>0x6110</run_address>
         <size>0x10</size>
         <input_file_ref idref="fl-4"/>
      </object_component>
      <object_component id="oc-a6">
         <name>SpicRegsFile</name>
         <uninitialized>true</uninitialized>
         <run_address>0x6120</run_address>
         <size>0x10</size>
         <input_file_ref idref="fl-4"/>
      </object_component>
      <object_component id="oc-ed">
         <name>DevCfgRegsFile</name>
         <uninitialized>true</uninitialized>
         <run_address>0x5d000</run_address>
         <size>0x12e</size>
         <input_file_ref idref="fl-4"/>
      </object_component>
      <object_component id="oc-ce">
         <name>ClkCfgRegsFile</name>
         <uninitialized>true</uninitialized>
         <run_address>0x5d200</run_address>
         <size>0x32</size>
         <input_file_ref idref="fl-4"/>
      </object_component>
      <object_component id="oc-df">
         <name>CpuSysRegsFile</name>
         <uninitialized>true</uninitialized>
         <run_address>0x5d300</run_address>
         <size>0x82</size>
         <input_file_ref idref="fl-4"/>
      </object_component>
      <object_component id="oc-96">
         <name>SyncSocRegsFile</name>
         <uninitialized>true</uninitialized>
         <run_address>0x7940</run_address>
         <size>0x6</size>
         <input_file_ref idref="fl-4"/>
      </object_component>
      <object_component id="oc-cc">
         <name>WdRegsFile</name>
         <uninitialized>true</uninitialized>
         <run_address>0x7000</run_address>
         <size>0x2b</size>
         <input_file_ref idref="fl-4"/>
      </object_component>
      <object_component id="oc-9f">
         <name>XintRegsFile</name>
         <uninitialized>true</uninitialized>
         <run_address>0x7070</run_address>
         <size>0xb</size>
         <input_file_ref idref="fl-4"/>
      </object_component>
      <object_component id="oc-247">
         <name>.cinit:_ti_sysbios_family_c28_Hwi_Module_State_0_dispatchTable__A</name>
         <load_address>0x80583</load_address>
         <run_address>0x80583</run_address>
         <size>0x1c3</size>
         <input_file_ref idref="fl-d"/>
      </object_component>
      <object_component id="oc-114">
         <name>.cinit</name>
         <load_address>0x80746</load_address>
         <run_address>0x80746</run_address>
         <size>0x125</size>
         <input_file_ref idref="fl-d"/>
      </object_component>
      <object_component id="oc-128">
         <name>.cinit:_ti_sysbios_knl_Task_Object__table__V</name>
         <load_address>0x8086b</load_address>
         <run_address>0x8086b</run_address>
         <size>0x57</size>
         <input_file_ref idref="fl-d"/>
      </object_component>
      <object_component id="oc-245">
         <name>.cinit:_ti_sysbios_knl_Swi_Module_State_0_readyQ__A</name>
         <load_address>0x808c2</load_address>
         <run_address>0x808c2</run_address>
         <size>0x43</size>
         <input_file_ref idref="fl-d"/>
      </object_component>
      <object_component id="oc-24e">
         <name>.cinit:_ti_sysbios_knl_Task_Module_State_0_readyQ__A</name>
         <load_address>0x80905</load_address>
         <run_address>0x80905</run_address>
         <size>0x43</size>
         <input_file_ref idref="fl-d"/>
      </object_component>
      <object_component id="oc-242">
         <name>.cinit:_ti_sysbios_family_c28_Timer_Object__table__V</name>
         <load_address>0x80948</load_address>
         <run_address>0x80948</run_address>
         <size>0x33</size>
         <input_file_ref idref="fl-d"/>
      </object_component>
      <object_component id="oc-244">
         <name>.cinit:_ti_sysbios_knl_Swi_Object__table__V</name>
         <load_address>0x8097b</load_address>
         <run_address>0x8097b</run_address>
         <size>0x2b</size>
         <input_file_ref idref="fl-d"/>
      </object_component>
      <object_component id="oc-10c">
         <name>.cinit</name>
         <load_address>0x809a6</load_address>
         <run_address>0x809a6</run_address>
         <size>0x25</size>
         <input_file_ref idref="fl-9"/>
      </object_component>
      <object_component id="oc-264">
         <name>.cinit:_ti_sysbios_family_c28_Hwi_Object__table__V</name>
         <load_address>0x809cb</load_address>
         <run_address>0x809cb</run_address>
         <size>0x23</size>
         <input_file_ref idref="fl-d"/>
      </object_component>
      <object_component id="oc-314">
         <name>.cinit:_xdc_runtime_LoggerBuf_Object__table__V</name>
         <load_address>0x809ee</load_address>
         <run_address>0x809ee</run_address>
         <size>0x15</size>
         <input_file_ref idref="fl-d"/>
      </object_component>
      <object_component id="oc-249">
         <name>.cinit:_ti_sysbios_gates_GateMutex_Object__table__V</name>
         <load_address>0x80a03</load_address>
         <run_address>0x80a03</run_address>
         <size>0x11</size>
         <input_file_ref idref="fl-d"/>
      </object_component>
      <object_component id="oc-200">
         <name>.cinit</name>
         <load_address>0x80a14</load_address>
         <run_address>0x80a14</run_address>
         <size>0xe</size>
         <input_file_ref idref="fl-49"/>
      </object_component>
      <object_component id="oc-253">
         <name>.cinit:_ti_sysbios_knl_Semaphore_Object__table__V</name>
         <load_address>0x80a22</load_address>
         <run_address>0x80a22</run_address>
         <size>0xd</size>
         <input_file_ref idref="fl-d"/>
      </object_component>
      <object_component id="oc-23d">
         <name>.cinit:_xdc_runtime_System_Module_State_0_atexitHandlers__A</name>
         <load_address>0x80a2f</load_address>
         <run_address>0x80a2f</run_address>
         <size>0xb</size>
         <input_file_ref idref="fl-d"/>
      </object_component>
      <object_component id="oc-353">
         <name>.cinit:_xdc_runtime_HeapStd_Object__table__V</name>
         <load_address>0x80a3a</load_address>
         <run_address>0x80a3a</run_address>
         <size>0x9</size>
         <input_file_ref idref="fl-d"/>
      </object_component>
      <object_component id="oc-241">
         <name>.cinit:_ti_sysbios_hal_Timer_Object__table__V</name>
         <load_address>0x80a43</load_address>
         <run_address>0x80a43</run_address>
         <size>0x7</size>
         <input_file_ref idref="fl-d"/>
      </object_component>
      <object_component id="oc-295">
         <name>.cinit:__lock</name>
         <load_address>0x80a4a</load_address>
         <run_address>0x80a4a</run_address>
         <size>0x5</size>
         <input_file_ref idref="fl-4a"/>
      </object_component>
      <object_component id="oc-296">
         <name>.cinit:__unlock</name>
         <load_address>0x80a4f</load_address>
         <run_address>0x80a4f</run_address>
         <size>0x5</size>
         <input_file_ref idref="fl-4a"/>
      </object_component>
      <object_component id="oc-284">
         <name>.cinit:_arr_table</name>
         <load_address>0x80a54</load_address>
         <run_address>0x80a54</run_address>
         <size>0x5</size>
         <input_file_ref idref="fl-9"/>
      </object_component>
      <object_component id="oc-2e9">
         <name>.cinit:_ti_sysbios_gates_GateHwi_Object__table__V</name>
         <load_address>0x80a59</load_address>
         <run_address>0x80a59</run_address>
         <size>0x5</size>
         <input_file_ref idref="fl-d"/>
      </object_component>
      <object_component id="oc-250">
         <name>.cinit:_ti_sysbios_knl_Task_Module_State_0_idleTask__A</name>
         <load_address>0x80a5e</load_address>
         <run_address>0x80a5e</run_address>
         <size>0x5</size>
         <input_file_ref idref="fl-d"/>
      </object_component>
      <object_component id="oc-220">
         <name>.cinit</name>
         <load_address>0x80a63</load_address>
         <run_address>0x80a63</run_address>
         <size>0x4</size>
         <input_file_ref idref="fl-4f"/>
      </object_component>
      <object_component id="oc-3c5">
         <name>.binit</name>
         <load_address>0x80a88</load_address>
         <run_address>0x80a88</run_address>
         <size>0x12</size>
      </object_component>
      <object_component id="oc-2e7">
         <name>.text:_xdc_runtime_System_doPrint__I</name>
         <load_address>0x88000</load_address>
         <run_address>0x88000</run_address>
         <size>0x23b</size>
         <input_file_ref idref="fl-24"/>
      </object_component>
      <object_component id="oc-275">
         <name>.text:_ti_sysbios_knl_Semaphore_pend__E</name>
         <load_address>0x8823b</load_address>
         <run_address>0x8823b</run_address>
         <size>0x19c</size>
         <input_file_ref idref="fl-15"/>
      </object_component>
      <object_component id="oc-1dc">
         <name>.text</name>
         <load_address>0x883d7</load_address>
         <run_address>0x883d7</run_address>
         <size>0x107</size>
         <input_file_ref idref="fl-42"/>
      </object_component>
      <object_component id="oc-286">
         <name>.text</name>
         <load_address>0x884de</load_address>
         <run_address>0x884de</run_address>
         <size>0xf5</size>
         <input_file_ref idref="fl-38"/>
      </object_component>
      <object_component id="oc-39c">
         <name>.text:_xdc_runtime_HeapStd_alloc__E</name>
         <load_address>0x885d3</load_address>
         <run_address>0x885d3</run_address>
         <size>0xee</size>
         <input_file_ref idref="fl-20"/>
      </object_component>
      <object_component id="oc-2cd">
         <name>.text:_ti_sysbios_family_c28_Hwi_clearInterrupt__E</name>
         <load_address>0x886c1</load_address>
         <run_address>0x886c1</run_address>
         <size>0xdc</size>
         <input_file_ref idref="fl-15"/>
      </object_component>
      <object_component id="oc-345">
         <name>.text:_xdc_runtime_System_printfExtend__I</name>
         <load_address>0x8879d</load_address>
         <run_address>0x8879d</run_address>
         <size>0xc2</size>
         <input_file_ref idref="fl-d"/>
      </object_component>
      <object_component id="oc-315">
         <name>.text:_xdc_runtime_LoggerBuf_write8__E</name>
         <load_address>0x8885f</load_address>
         <run_address>0x8885f</run_address>
         <size>0xc0</size>
         <input_file_ref idref="fl-21"/>
      </object_component>
      <object_component id="oc-327">
         <name>.text:_ti_sysbios_knl_Semaphore_Instance_init__E</name>
         <load_address>0x8891f</load_address>
         <run_address>0x8891f</run_address>
         <size>0xbf</size>
         <input_file_ref idref="fl-15"/>
      </object_component>
      <object_component id="oc-2c4">
         <name>.text:_xdc_runtime_Core_createObject__I</name>
         <load_address>0x889de</load_address>
         <run_address>0x889de</run_address>
         <size>0xa0</size>
         <input_file_ref idref="fl-1b"/>
      </object_component>
      <object_component id="oc-38b">
         <name>.text:_ti_sysbios_family_c28_Hwi_dispatch</name>
         <load_address>0x88a7e</load_address>
         <run_address>0x88a7e</run_address>
         <size>0x9d</size>
         <input_file_ref idref="fl-17"/>
      </object_component>
      <object_component id="oc-1c3">
         <name>.text</name>
         <load_address>0x88b1b</load_address>
         <run_address>0x88b1b</run_address>
         <size>0x9c</size>
         <input_file_ref idref="fl-3d"/>
      </object_component>
      <object_component id="oc-263">
         <name>.text:_timer_isr</name>
         <load_address>0x88bb7</load_address>
         <run_address>0x88bb7</run_address>
         <size>0x98</size>
         <input_file_ref idref="fl-9"/>
      </object_component>
      <object_component id="oc-3b5">
         <name>.text:_free</name>
         <load_address>0x88c4f</load_address>
         <run_address>0x88c4f</run_address>
         <size>0x1</size>
         <input_file_ref idref="fl-d"/>
      </object_component>
      <object_component id="oc-399">
         <name>.text</name>
         <load_address>0x88c50</load_address>
         <run_address>0x88c50</run_address>
         <size>0x95</size>
         <input_file_ref idref="fl-51"/>
      </object_component>
      <object_component id="oc-2b0">
         <name>.text:_ti_catalog_c2800_initF2837x_Boot_defaultLimpAbortFunction</name>
         <load_address>0x88ce5</load_address>
         <run_address>0x88ce5</run_address>
         <size>0x1</size>
         <input_file_ref idref="fl-2b"/>
      </object_component>
      <object_component id="oc-2ba">
         <name>.text</name>
         <load_address>0x88ce6</load_address>
         <run_address>0x88ce6</run_address>
         <size>0x92</size>
         <input_file_ref idref="fl-3c"/>
      </object_component>
      <object_component id="oc-2ce">
         <name>.text:_ti_sysbios_family_c28_Hwi_enableInterrupt__E</name>
         <load_address>0x88d78</load_address>
         <run_address>0x88d78</run_address>
         <size>0x8e</size>
         <input_file_ref idref="fl-15"/>
      </object_component>
      <object_component id="oc-326">
         <name>.text:_xdc_runtime_Core_constructObject__I</name>
         <load_address>0x88e06</load_address>
         <run_address>0x88e06</run_address>
         <size>0x8d</size>
         <input_file_ref idref="fl-1c"/>
      </object_component>
      <object_component id="oc-1d7">
         <name>.text</name>
         <load_address>0x88e93</load_address>
         <run_address>0x88e93</run_address>
         <size>0x88</size>
         <input_file_ref idref="fl-41"/>
      </object_component>
      <object_component id="oc-3b8">
         <name>.text:_xdc_runtime_HeapStd_Instance_init__E</name>
         <load_address>0x88f1b</load_address>
         <run_address>0x88f1b</run_address>
         <size>0x83</size>
         <input_file_ref idref="fl-20"/>
      </object_component>
      <object_component id="oc-1cd">
         <name>.text</name>
         <load_address>0x88f9e</load_address>
         <run_address>0x88f9e</run_address>
         <size>0x83</size>
         <input_file_ref idref="fl-3f"/>
      </object_component>
      <object_component id="oc-2c2">
         <name>.text:_ti_sysbios_knl_Semaphore_post__E</name>
         <load_address>0x89021</load_address>
         <run_address>0x89021</run_address>
         <size>0x82</size>
         <input_file_ref idref="fl-15"/>
      </object_component>
      <object_component id="oc-3ab">
         <name>.text:_ti_sysbios_family_c28_Hwi_disableInterrupt__E</name>
         <load_address>0x890a3</load_address>
         <run_address>0x890a3</run_address>
         <size>0x81</size>
         <input_file_ref idref="fl-15"/>
      </object_component>
      <object_component id="oc-305">
         <name>.text:_ti_sysbios_family_c28_Hwi_disablePIEIER__E</name>
         <load_address>0x89124</load_address>
         <run_address>0x89124</run_address>
         <size>0x80</size>
         <input_file_ref idref="fl-15"/>
      </object_component>
      <object_component id="oc-304">
         <name>.text:_ti_sysbios_family_c28_Hwi_enablePIEIER__E</name>
         <load_address>0x891a4</load_address>
         <run_address>0x891a4</run_address>
         <size>0x7f</size>
         <input_file_ref idref="fl-15"/>
      </object_component>
      <object_component id="oc-35a">
         <name>.text:_xdc_runtime_LoggerBuf_write4__E</name>
         <load_address>0x89223</load_address>
         <run_address>0x89223</run_address>
         <size>0x7a</size>
         <input_file_ref idref="fl-21"/>
      </object_component>
      <object_component id="oc-2d1">
         <name>.text:_ti_sysbios_knl_Task_checkStacks__E</name>
         <load_address>0x8929d</load_address>
         <run_address>0x8929d</run_address>
         <size>0x75</size>
         <input_file_ref idref="fl-15"/>
      </object_component>
      <object_component id="oc-2b3">
         <name>.text:_xdc_runtime_Startup_startMods__I</name>
         <load_address>0x89312</load_address>
         <run_address>0x89312</run_address>
         <size>0x72</size>
         <input_file_ref idref="fl-23"/>
      </object_component>
      <object_component id="oc-28d">
         <name>.text:_ti_sysbios_gates_GateMutex_enter__E</name>
         <load_address>0x89384</load_address>
         <run_address>0x89384</run_address>
         <size>0x71</size>
         <input_file_ref idref="fl-15"/>
      </object_component>
      <object_component id="oc-39d">
         <name>.text:_xdc_runtime_HeapStd_free__E</name>
         <load_address>0x893f5</load_address>
         <run_address>0x893f5</run_address>
         <size>0x6b</size>
         <input_file_ref idref="fl-20"/>
      </object_component>
      <object_component id="oc-82">
         <name>.text</name>
         <load_address>0x89460</load_address>
         <run_address>0x89460</run_address>
         <size>0x69</size>
         <input_file_ref idref="fl-2a"/>
      </object_component>
      <object_component id="oc-38c">
         <name>.text:_ti_sysbios_family_c28_Timer_stopAndClear__I</name>
         <load_address>0x894c9</load_address>
         <run_address>0x894c9</run_address>
         <size>0x66</size>
         <input_file_ref idref="fl-15"/>
      </object_component>
      <object_component id="oc-285">
         <name>.text</name>
         <load_address>0x8952f</load_address>
         <run_address>0x8952f</run_address>
         <size>0x63</size>
         <input_file_ref idref="fl-3a"/>
      </object_component>
      <object_component id="oc-2af">
         <name>.text:_xdc_runtime_Error_policyDefault__E</name>
         <load_address>0x89592</load_address>
         <run_address>0x89592</run_address>
         <size>0x60</size>
         <input_file_ref idref="fl-1e"/>
      </object_component>
      <object_component id="oc-362">
         <name>.text:_xdc_runtime_Text_putSite__E</name>
         <load_address>0x895f2</load_address>
         <run_address>0x895f2</run_address>
         <size>0x60</size>
         <input_file_ref idref="fl-26"/>
      </object_component>
      <object_component id="oc-282">
         <name>.text</name>
         <load_address>0x89652</load_address>
         <run_address>0x89652</run_address>
         <size>0x59</size>
         <input_file_ref idref="fl-3b"/>
      </object_component>
      <object_component id="oc-267">
         <name>.text:_swi_call</name>
         <load_address>0x896ab</load_address>
         <run_address>0x896ab</run_address>
         <size>0x50</size>
         <input_file_ref idref="fl-9"/>
      </object_component>
      <object_component id="oc-3c2">
         <name>.text:_ti_sysbios_family_c28_Hwi_dispatchCore__I</name>
         <load_address>0x896fb</load_address>
         <run_address>0x896fb</run_address>
         <size>0x4c</size>
         <input_file_ref idref="fl-15"/>
      </object_component>
      <object_component id="oc-25a">
         <name>.text:.bootCodeSection:_ti_catalog_c2800_initF2837x_Boot_configurePllDivs</name>
         <load_address>0x89747</load_address>
         <run_address>0x89747</run_address>
         <size>0x49</size>
         <input_file_ref idref="fl-2b"/>
      </object_component>
      <object_component id="oc-33e">
         <name>.text:_ti_sysbios_family_c28_Hwi_Module_startup__E</name>
         <load_address>0x89790</load_address>
         <run_address>0x89790</run_address>
         <size>0x47</size>
         <input_file_ref idref="fl-15"/>
      </object_component>
      <object_component id="oc-373">
         <name>.text:_ti_sysbios_knl_Task_postInit__I</name>
         <load_address>0x897d7</load_address>
         <run_address>0x897d7</run_address>
         <size>0x47</size>
         <input_file_ref idref="fl-15"/>
      </object_component>
      <object_component id="oc-268">
         <name>.text:_ti_sysbios_knl_Clock_workFunc__E</name>
         <load_address>0x8981e</load_address>
         <run_address>0x8981e</run_address>
         <size>0x44</size>
         <input_file_ref idref="fl-15"/>
      </object_component>
      <object_component id="oc-12f">
         <name>.text:_ti_sysbios_family_c28_Hwi_unPluggedInterrupt__I</name>
         <load_address>0x89862</load_address>
         <run_address>0x89862</run_address>
         <size>0x42</size>
         <input_file_ref idref="fl-15"/>
      </object_component>
      <object_component id="oc-376">
         <name>.text:_xdc_runtime_Text_putLab__E</name>
         <load_address>0x898a4</load_address>
         <run_address>0x898a4</run_address>
         <size>0x41</size>
         <input_file_ref idref="fl-26"/>
      </object_component>
      <object_component id="oc-36b">
         <name>.text:_ti_sysbios_family_c28_Timer_postInit__I</name>
         <load_address>0x898e5</load_address>
         <run_address>0x898e5</run_address>
         <size>0x40</size>
         <input_file_ref idref="fl-15"/>
      </object_component>
      <object_component id="oc-34c">
         <name>.text:_xdc_runtime_Memory_alloc__E</name>
         <load_address>0x89925</load_address>
         <run_address>0x89925</run_address>
         <size>0x40</size>
         <input_file_ref idref="fl-22"/>
      </object_component>
      <object_component id="oc-3c4">
         <name>.text:_ti_sysbios_knl_Swi_restoreHwi__E</name>
         <load_address>0x89965</load_address>
         <run_address>0x89965</run_address>
         <size>0x3e</size>
         <input_file_ref idref="fl-15"/>
      </object_component>
      <object_component id="oc-323">
         <name>.text:_ti_sysbios_knl_Swi_run__I</name>
         <load_address>0x899a3</load_address>
         <run_address>0x899a3</run_address>
         <size>0x3e</size>
         <input_file_ref idref="fl-15"/>
      </object_component>
      <object_component id="oc-2c7">
         <name>.text:_xdc_runtime_Core_deleteObject__I</name>
         <load_address>0x899e1</load_address>
         <run_address>0x899e1</run_address>
         <size>0x3e</size>
         <input_file_ref idref="fl-1b"/>
      </object_component>
      <object_component id="oc-35c">
         <name>.text:_xdc_runtime_LoggerBuf_getFilterLevel__E</name>
         <load_address>0x89a1f</load_address>
         <run_address>0x89a1f</run_address>
         <size>0x3d</size>
         <input_file_ref idref="fl-21"/>
      </object_component>
      <object_component id="oc-35b">
         <name>.text:_xdc_runtime_LoggerBuf_setFilterLevel__E</name>
         <load_address>0x89a5c</load_address>
         <run_address>0x89a5c</run_address>
         <size>0x3c</size>
         <input_file_ref idref="fl-21"/>
      </object_component>
      <object_component id="oc-3ad">
         <name>.text:_ti_sysbios_family_c28_TaskSupport_start__E</name>
         <load_address>0x89a98</load_address>
         <run_address>0x89a98</run_address>
         <size>0x39</size>
         <input_file_ref idref="fl-15"/>
      </object_component>
      <object_component id="oc-379">
         <name>.text</name>
         <load_address>0x89ad1</load_address>
         <run_address>0x89ad1</run_address>
         <size>0x39</size>
         <input_file_ref idref="fl-50"/>
      </object_component>
      <object_component id="oc-388">
         <name>.text:_xdc_runtime_Text_putMod__E</name>
         <load_address>0x89b0a</load_address>
         <run_address>0x89b0a</run_address>
         <size>0x38</size>
         <input_file_ref idref="fl-26"/>
      </object_component>
      <object_component id="oc-29f">
         <name>.text:_ti_sysbios_knl_Task_startCore__E</name>
         <load_address>0x89b42</load_address>
         <run_address>0x89b42</run_address>
         <size>0x35</size>
         <input_file_ref idref="fl-15"/>
      </object_component>
      <object_component id="oc-31f">
         <name>.text:_xdc_runtime_System_formatNum__I</name>
         <load_address>0x89b77</load_address>
         <run_address>0x89b77</run_address>
         <size>0x35</size>
         <input_file_ref idref="fl-24"/>
      </object_component>
      <object_component id="oc-342">
         <name>.text:_ti_sysbios_knl_Task_Module_startup__E</name>
         <load_address>0x89bac</load_address>
         <run_address>0x89bac</run_address>
         <size>0x32</size>
         <input_file_ref idref="fl-15"/>
      </object_component>
      <object_component id="oc-338">
         <name>.text:_xdc_runtime_Error_print__E</name>
         <load_address>0x89bde</load_address>
         <run_address>0x89bde</run_address>
         <size>0x31</size>
         <input_file_ref idref="fl-1e"/>
      </object_component>
      <object_component id="oc-386">
         <name>.text:_xdc_runtime_LoggerBuf_Instance_init__E</name>
         <load_address>0x89c0f</load_address>
         <run_address>0x89c0f</run_address>
         <size>0x30</size>
         <input_file_ref idref="fl-21"/>
      </object_component>
      <object_component id="oc-2f7">
         <name>.text:_xdc_runtime_Core_assignParams__I</name>
         <load_address>0x89c3f</load_address>
         <run_address>0x89c3f</run_address>
         <size>0x2f</size>
         <input_file_ref idref="fl-1d"/>
      </object_component>
      <object_component id="oc-236">
         <name>.text:_xdc_runtime_Startup_exec__E</name>
         <load_address>0x89c6e</load_address>
         <run_address>0x89c6e</run_address>
         <size>0x2f</size>
         <input_file_ref idref="fl-23"/>
      </object_component>
      <object_component id="oc-319">
         <name>.text:_ti_sysbios_family_c28_Hwi_getStackInfo__E</name>
         <load_address>0x89c9d</load_address>
         <run_address>0x89c9d</run_address>
         <size>0x2e</size>
         <input_file_ref idref="fl-15"/>
      </object_component>
      <object_component id="oc-2ee">
         <name>.text:_ti_sysbios_knl_Swi_runLoop__I</name>
         <load_address>0x89ccb</load_address>
         <run_address>0x89ccb</run_address>
         <size>0x2e</size>
         <input_file_ref idref="fl-15"/>
      </object_component>
      <object_component id="oc-2b9">
         <name>.text:_ti_sysbios_knl_Swi_schedule__I</name>
         <load_address>0x89cf9</load_address>
         <run_address>0x89cf9</run_address>
         <size>0x2e</size>
         <input_file_ref idref="fl-15"/>
      </object_component>
      <object_component id="oc-2d8">
         <name>.text:_ti_sysbios_knl_Task_schedule__I</name>
         <load_address>0x89d27</load_address>
         <run_address>0x89d27</run_address>
         <size>0x2e</size>
         <input_file_ref idref="fl-15"/>
      </object_component>
      <object_component id="oc-2a8">
         <name>.text:_xdc_runtime_Assert_raise__I</name>
         <load_address>0x89d55</load_address>
         <run_address>0x89d55</run_address>
         <size>0x2d</size>
         <input_file_ref idref="fl-1a"/>
      </object_component>
      <object_component id="oc-2da">
         <name>.text:_xdc_runtime_Error_setX__E</name>
         <load_address>0x89d82</load_address>
         <run_address>0x89d82</run_address>
         <size>0x2d</size>
         <input_file_ref idref="fl-1e"/>
      </object_component>
      <object_component id="oc-29c">
         <name>.text:_ti_sysbios_family_c28_Timer_start__E</name>
         <load_address>0x89daf</load_address>
         <run_address>0x89daf</run_address>
         <size>0x2c</size>
         <input_file_ref idref="fl-15"/>
      </object_component>
      <object_component id="oc-35d">
         <name>.text:_xdc_runtime_LoggerBuf_Object__create__S</name>
         <load_address>0x89ddb</load_address>
         <run_address>0x89ddb</run_address>
         <size>0x2c</size>
         <input_file_ref idref="fl-d"/>
      </object_component>
      <object_component id="oc-3a0">
         <name>.text:_xdc_runtime_HeapStd_Object__create__S</name>
         <load_address>0x89e07</load_address>
         <run_address>0x89e07</run_address>
         <size>0x2b</size>
         <input_file_ref idref="fl-d"/>
      </object_component>
      <object_component id="oc-1c8">
         <name>.text</name>
         <load_address>0x89e32</load_address>
         <run_address>0x89e32</run_address>
         <size>0x2a</size>
         <input_file_ref idref="fl-3e"/>
      </object_component>
      <object_component id="oc-389">
         <name>.text:_xdc_runtime_Text_xprintf__I</name>
         <load_address>0x89e5c</load_address>
         <run_address>0x89e5c</run_address>
         <size>0x29</size>
         <input_file_ref idref="fl-26"/>
      </object_component>
      <object_component id="oc-2b8">
         <name>.text</name>
         <load_address>0x89e85</load_address>
         <run_address>0x89e85</run_address>
         <size>0x29</size>
         <input_file_ref idref="fl-49"/>
      </object_component>
      <object_component id="oc-289">
         <name>.text</name>
         <load_address>0x89eae</load_address>
         <run_address>0x89eae</run_address>
         <size>0x27</size>
         <input_file_ref idref="fl-39"/>
      </object_component>
      <object_component id="oc-2ed">
         <name>.text:_xdc_runtime_SysMin_flush__E</name>
         <load_address>0x89ed5</load_address>
         <run_address>0x89ed5</run_address>
         <size>0x26</size>
         <input_file_ref idref="fl-25"/>
      </object_component>
      <object_component id="oc-3bf">
         <name>.text:_ti_sysbios_family_c28_TaskSupport_buildTaskStack</name>
         <load_address>0x89efb</load_address>
         <run_address>0x89efb</run_address>
         <size>0x25</size>
         <input_file_ref idref="fl-19"/>
      </object_component>
      <object_component id="oc-281">
         <name>.text:_ti_sysbios_knl_Swi_post__E</name>
         <load_address>0x89f20</load_address>
         <run_address>0x89f20</run_address>
         <size>0x24</size>
         <input_file_ref idref="fl-15"/>
      </object_component>
      <object_component id="oc-235">
         <name>.text</name>
         <load_address>0x89f44</load_address>
         <run_address>0x89f44</run_address>
         <size>0x24</size>
         <input_file_ref idref="fl-45"/>
      </object_component>
      <object_component id="oc-261">
         <name>.text:_xdc_runtime_System_processAtExit__E</name>
         <load_address>0x89f68</load_address>
         <run_address>0x89f68</run_address>
         <size>0x23</size>
         <input_file_ref idref="fl-24"/>
      </object_component>
      <object_component id="oc-1e6">
         <name>.text</name>
         <load_address>0x89f8b</load_address>
         <run_address>0x89f8b</run_address>
         <size>0x23</size>
         <input_file_ref idref="fl-44"/>
      </object_component>
      <object_component id="oc-2cf">
         <name>.text:_ti_sysbios_knl_Task_allBlockedFunction__I</name>
         <load_address>0x89fae</load_address>
         <run_address>0x89fae</run_address>
         <size>0x21</size>
         <input_file_ref idref="fl-15"/>
      </object_component>
      <object_component id="oc-38e">
         <name>.text:_ti_sysbios_family_c28_Timer_setPrescale__E</name>
         <load_address>0x89fcf</load_address>
         <run_address>0x89fcf</run_address>
         <size>0x20</size>
         <input_file_ref idref="fl-15"/>
      </object_component>
      <object_component id="oc-26d">
         <name>.text:_xdc_runtime_System_atexit__E</name>
         <load_address>0x89fef</load_address>
         <run_address>0x89fef</run_address>
         <size>0x20</size>
         <input_file_ref idref="fl-24"/>
      </object_component>
      <object_component id="oc-390">
         <name>.text:_ti_sysbios_knl_Task_exit__E</name>
         <load_address>0x8a00f</load_address>
         <run_address>0x8a00f</run_address>
         <size>0x1f</size>
         <input_file_ref idref="fl-15"/>
      </object_component>
      <object_component id="oc-2dc">
         <name>.text:_xdc_runtime_Error_policyLog__I</name>
         <load_address>0x8a02e</load_address>
         <run_address>0x8a02e</run_address>
         <size>0x1f</size>
         <input_file_ref idref="fl-d"/>
      </object_component>
      <object_component id="oc-332">
         <name>.text:_xdc_runtime_LoggerBuf_filterOutEvent__I</name>
         <load_address>0x8a04d</load_address>
         <run_address>0x8a04d</run_address>
         <size>0x1f</size>
         <input_file_ref idref="fl-21"/>
      </object_component>
      <object_component id="oc-2ab">
         <name>.text:_ti_sysbios_knl_Task_blockI__E</name>
         <load_address>0x8a06c</load_address>
         <run_address>0x8a06c</run_address>
         <size>0x1e</size>
         <input_file_ref idref="fl-15"/>
      </object_component>
      <object_component id="oc-30e">
         <name>.text:_ti_sysbios_family_c28_TaskSupport_swap__E</name>
         <load_address>0x8a08a</load_address>
         <run_address>0x8a08a</run_address>
         <size>0x1d</size>
         <input_file_ref idref="fl-19"/>
      </object_component>
      <object_component id="oc-348">
         <name>.text:_ti_sysbios_gates_GateHwi_Object__create__S</name>
         <load_address>0x8a0a7</load_address>
         <run_address>0x8a0a7</run_address>
         <size>0x1d</size>
         <input_file_ref idref="fl-d"/>
      </object_component>
      <object_component id="oc-28f">
         <name>.text:_ti_sysbios_gates_GateMutex_Object__create__S</name>
         <load_address>0x8a0c4</load_address>
         <run_address>0x8a0c4</run_address>
         <size>0x1d</size>
         <input_file_ref idref="fl-d"/>
      </object_component>
      <object_component id="oc-2f9">
         <name>.text:_ti_sysbios_knl_Semaphore_construct</name>
         <load_address>0x8a0e1</load_address>
         <run_address>0x8a0e1</run_address>
         <size>0x1d</size>
         <input_file_ref idref="fl-d"/>
      </object_component>
      <object_component id="oc-364">
         <name>.text:_xdc_runtime_SysMin_putch__E</name>
         <load_address>0x8a0fe</load_address>
         <run_address>0x8a0fe</run_address>
         <size>0x1d</size>
         <input_file_ref idref="fl-25"/>
      </object_component>
      <object_component id="oc-25c">
         <name>.text</name>
         <load_address>0x8a11b</load_address>
         <run_address>0x8a11b</run_address>
         <size>0x1d</size>
         <input_file_ref idref="fl-46"/>
      </object_component>
      <object_component id="oc-311">
         <name>.text:_ti_sysbios_hal_Hwi_checkStack</name>
         <load_address>0x8a138</load_address>
         <run_address>0x8a138</run_address>
         <size>0x1c</size>
         <input_file_ref idref="fl-15"/>
      </object_component>
      <object_component id="oc-34b">
         <name>.text:_xdc_runtime_SysMin_output__I</name>
         <load_address>0x8a154</load_address>
         <run_address>0x8a154</run_address>
         <size>0x1c</size>
         <input_file_ref idref="fl-d"/>
      </object_component>
      <object_component id="oc-1e1">
         <name>.text</name>
         <load_address>0x8a170</load_address>
         <run_address>0x8a170</run_address>
         <size>0x1c</size>
         <input_file_ref idref="fl-43"/>
      </object_component>
      <object_component id="oc-3ba">
         <name>.text:_ti_sysbios_family_c28_Hwi_switchAndDispatch__I</name>
         <load_address>0x8a18c</load_address>
         <run_address>0x8a18c</run_address>
         <size>0x1b</size>
         <input_file_ref idref="fl-16"/>
      </object_component>
      <object_component id="oc-2b2">
         <name>.text:_ti_sysbios_hal_Hwi_initStack</name>
         <load_address>0x8a1a7</load_address>
         <run_address>0x8a1a7</run_address>
         <size>0x1b</size>
         <input_file_ref idref="fl-15"/>
      </object_component>
      <object_component id="oc-3ac">
         <name>.text:_ti_sysbios_knl_Task_processVitalTaskFlag__I</name>
         <load_address>0x8a1c2</load_address>
         <run_address>0x8a1c2</run_address>
         <size>0x1b</size>
         <input_file_ref idref="fl-15"/>
      </object_component>
      <object_component id="oc-310">
         <name>.text:_idle_generator</name>
         <load_address>0x8a1dd</load_address>
         <run_address>0x8a1dd</run_address>
         <size>0x1a</size>
         <input_file_ref idref="fl-9"/>
      </object_component>
      <object_component id="oc-38a">
         <name>.text:_xdc_runtime_System_avprintf__E</name>
         <load_address>0x8a1f7</load_address>
         <run_address>0x8a1f7</run_address>
         <size>0x1a</size>
         <input_file_ref idref="fl-24"/>
      </object_component>
      <object_component id="oc-350">
         <name>.text:_ti_sysbios_knl_Queue_construct</name>
         <load_address>0x8a211</load_address>
         <run_address>0x8a211</run_address>
         <size>0x19</size>
         <input_file_ref idref="fl-d"/>
      </object_component>
      <object_component id="oc-29e">
         <name>.text:_ti_sysbios_knl_Swi_restore__E</name>
         <load_address>0x8a22a</load_address>
         <run_address>0x8a22a</run_address>
         <size>0x19</size>
         <input_file_ref idref="fl-15"/>
      </object_component>
      <object_component id="oc-2b4">
         <name>.text:_xdc_runtime_System_vprintf__E</name>
         <load_address>0x8a243</load_address>
         <run_address>0x8a243</run_address>
         <size>0x19</size>
         <input_file_ref idref="fl-24"/>
      </object_component>
      <object_component id="oc-2ef">
         <name>.text:_ti_sysbios_family_xxx_Hwi_switchAndRunFunc</name>
         <load_address>0x8a25c</load_address>
         <run_address>0x8a25c</run_address>
         <size>0x18</size>
         <input_file_ref idref="fl-16"/>
      </object_component>
      <object_component id="oc-367">
         <name>.text:_xdc_runtime_LoggerBuf_reset__E</name>
         <load_address>0x8a274</load_address>
         <run_address>0x8a274</run_address>
         <size>0x18</size>
         <input_file_ref idref="fl-21"/>
      </object_component>
      <object_component id="oc-320">
         <name>.text:_xdc_runtime_System_putchar__I</name>
         <load_address>0x8a28c</load_address>
         <run_address>0x8a28c</run_address>
         <size>0x18</size>
         <input_file_ref idref="fl-24"/>
      </object_component>
      <object_component id="oc-26f">
         <name>.text:_ti_sysbios_family_c28_Timer_startup__E</name>
         <load_address>0x8a2a4</load_address>
         <run_address>0x8a2a4</run_address>
         <size>0x17</size>
         <input_file_ref idref="fl-15"/>
      </object_component>
      <object_component id="oc-266">
         <name>.text:_ti_sysbios_knl_Clock_doTick__I</name>
         <load_address>0x8a2bb</load_address>
         <run_address>0x8a2bb</run_address>
         <size>0x17</size>
         <input_file_ref idref="fl-d"/>
      </object_component>
      <object_component id="oc-2a1">
         <name>.text:_ti_sysbios_knl_Semaphore_pendTimeout__I</name>
         <load_address>0x8a2d2</load_address>
         <run_address>0x8a2d2</run_address>
         <size>0x17</size>
         <input_file_ref idref="fl-15"/>
      </object_component>
      <object_component id="oc-2ad">
         <name>.text:_ti_sysbios_knl_Task_restore__E</name>
         <load_address>0x8a2e9</load_address>
         <run_address>0x8a2e9</run_address>
         <size>0x17</size>
         <input_file_ref idref="fl-15"/>
      </object_component>
      <object_component id="oc-2d4">
         <name>.text:_ti_sysbios_knl_Task_unblockI__E</name>
         <load_address>0x8a300</load_address>
         <run_address>0x8a300</run_address>
         <size>0x17</size>
         <input_file_ref idref="fl-15"/>
      </object_component>
      <object_component id="oc-33b">
         <name>.text:_xdc_runtime_LoggerBuf_Module_startup__E</name>
         <load_address>0x8a317</load_address>
         <run_address>0x8a317</run_address>
         <size>0x17</size>
         <input_file_ref idref="fl-21"/>
      </object_component>
      <object_component id="oc-324">
         <name>.text:_xdc_runtime_Memory_valloc__E</name>
         <load_address>0x8a32e</load_address>
         <run_address>0x8a32e</run_address>
         <size>0x17</size>
         <input_file_ref idref="fl-22"/>
      </object_component>
      <object_component id="oc-339">
         <name>.text:_xdc_runtime_SysMin_abort__E</name>
         <load_address>0x8a345</load_address>
         <run_address>0x8a345</run_address>
         <size>0x17</size>
         <input_file_ref idref="fl-25"/>
      </object_component>
      <object_component id="oc-26c">
         <name>.text:_ti_sysbios_BIOS_atExitFunc__I</name>
         <load_address>0x8a35c</load_address>
         <run_address>0x8a35c</run_address>
         <size>0x16</size>
         <input_file_ref idref="fl-d"/>
      </object_component>
      <object_component id="oc-33f">
         <name>.text:_ti_sysbios_family_c28_Timer_Module_startup__E</name>
         <load_address>0x8a372</load_address>
         <run_address>0x8a372</run_address>
         <size>0x16</size>
         <input_file_ref idref="fl-15"/>
      </object_component>
      <object_component id="oc-3a8">
         <name>.text:_xdc_runtime_Text_printVisFxn__I</name>
         <load_address>0x8a388</load_address>
         <run_address>0x8a388</run_address>
         <size>0x16</size>
         <input_file_ref idref="fl-26"/>
      </object_component>
      <object_component id="oc-24a">
         <name>.text:_ti_sysbios_BIOS_startFunc__I</name>
         <load_address>0x8a39e</load_address>
         <run_address>0x8a39e</run_address>
         <size>0x15</size>
         <input_file_ref idref="fl-d"/>
      </object_component>
      <object_component id="oc-341">
         <name>.text:_ti_sysbios_knl_Swi_Module_startup__E</name>
[...]
      <symbol id="sm-a9f">
         <name>_xdc_runtime_Error_getSite__E</name>
         <value>0x8a839</value>
         <object_component_ref idref="oc-361"/>
      </symbol>
      <symbol id="sm-aa0">
         <name>_xdc_runtime_Error_print__E</name>
         <value>0x89bde</value>
         <object_component_ref idref="oc-338"/>
      </symbol>
      <symbol id="sm-aa1">
         <name>_xdc_runtime_Error_policyDefault__E</name>
         <value>0x89592</value>
         <object_component_ref idref="oc-2af"/>
      </symbol>
      <symbol id="sm-aa2">
         <name>_xdc_runtime_Error_init__E</name>
         <value>0x8a67b</value>
         <object_component_ref idref="oc-312"/>
      </symbol>
      <symbol id="sm-aa3">
         <name>_xdc_runtime_Error_raiseX__E</name>
         <value>0x8a402</value>
         <object_component_ref idref="oc-259"/>
      </symbol>
      <symbol id="sm-aa4">
         <name>_xdc_runtime_Error_check__E</name>
         <value>0x8a59d</value>
         <object_component_ref idref="oc-37a"/>
      </symbol>
      <symbol id="sm-aa5">
         <name>_xdc_runtime_Error_setX__E</name>
         <value>0x89d82</value>
         <object_component_ref idref="oc-2da"/>
      </symbol>
      <symbol id="sm-ab3">
         <name>_xdc_runtime_Gate_leaveSystem__E</name>
         <value>0x8a7b1</value>
         <object_component_ref idref="oc-298"/>
      </symbol>
      <symbol id="sm-ab4">
         <name>_xdc_runtime_Gate_enterSystem__E</name>
         <value>0x8a7ab</value>
         <object_component_ref idref="oc-27e"/>
      </symbol>
      <symbol id="sm-af5">
         <name>_xdc_runtime_HeapStd_isBlocking__E</name>
         <value>0x8a83b</value>
         <object_component_ref idref="oc-39e"/>
      </symbol>
      <symbol id="sm-af6">
         <name>_xdc_runtime_HeapStd_getStats__E</name>
         <value>0x8a777</value>
         <object_component_ref idref="oc-39f"/>
      </symbol>
      <symbol id="sm-af7">
         <name>_xdc_runtime_HeapStd_free__E</name>
         <value>0x893f5</value>
         <object_component_ref idref="oc-39d"/>
      </symbol>
      <symbol id="sm-af8">
         <name>_xdc_runtime_HeapStd_Instance_init__E</name>
         <value>0x88f1b</value>
         <object_component_ref idref="oc-3b8"/>
      </symbol>
      <symbol id="sm-af9">
         <name>_xdc_runtime_HeapStd_alloc__E</name>
         <value>0x885d3</value>
         <object_component_ref idref="oc-39c"/>
      </symbol>
      <symbol id="sm-b48">
         <name>_xdc_runtime_LoggerBuf_write0__E</name>
         <value>0x8a5aa</value>
         <object_component_ref idref="oc-357"/>
      </symbol>
      <symbol id="sm-b49">
         <name>_xdc_runtime_LoggerBuf_Instance_init__E</name>
         <value>0x89c0f</value>
         <object_component_ref idref="oc-386"/>
      </symbol>
      <symbol id="sm-b4a">
         <name>_xdc_runtime_LoggerBuf_Module_startup__E</name>
         <value>0x8a317</value>
         <object_component_ref idref="oc-33b"/>
      </symbol>
      <symbol id="sm-b4b">
         <name>_xdc_runtime_LoggerBuf_reset__E</name>
         <value>0x8a274</value>
         <object_component_ref idref="oc-367"/>
      </symbol>
      <symbol id="sm-b4c">
         <name>_xdc_runtime_LoggerBuf_Instance_finalize__E</name>
         <value>0x8a65b</value>
         <object_component_ref idref="oc-387"/>
      </symbol>
      <symbol id="sm-b4d">
         <name>_xdc_runtime_LoggerBuf_write4__E</name>
         <value>0x89223</value>
         <object_component_ref idref="oc-35a"/>
      </symbol>
      <symbol id="sm-b4e">
         <name>_xdc_runtime_LoggerBuf_getFilterLevel__E</name>
         <value>0x89a1f</value>
         <object_component_ref idref="oc-35c"/>
      </symbol>
      <symbol id="sm-b4f">
         <name>_xdc_runtime_LoggerBuf_disable__E</name>
         <value>0x8a7c7</value>
         <object_component_ref idref="oc-356"/>
      </symbol>
      <symbol id="sm-b50">
         <name>_xdc_runtime_LoggerBuf_setFilterLevel__E</name>
         <value>0x89a5c</value>
         <object_component_ref idref="oc-35b"/>
      </symbol>
      <symbol id="sm-b51">
         <name>_xdc_runtime_LoggerBuf_write8__E</name>
         <value>0x8885f</value>
         <object_component_ref idref="oc-315"/>
      </symbol>
      <symbol id="sm-b52">
         <name>_xdc_runtime_LoggerBuf_write2__E</name>
         <value>0x8a4dd</value>
         <object_component_ref idref="oc-359"/>
      </symbol>
      <symbol id="sm-b53">
         <name>_xdc_runtime_LoggerBuf_filterOutEvent__I</name>
         <value>0x8a04d</value>
         <object_component_ref idref="oc-332"/>
      </symbol>
      <symbol id="sm-b54">
         <name>_xdc_runtime_LoggerBuf_write1__E</name>
         <value>0x8a5b7</value>
         <object_component_ref idref="oc-358"/>
      </symbol>
      <symbol id="sm-b55">
         <name>_xdc_runtime_LoggerBuf_enable__E</name>
         <value>0x8a7b7</value>
         <object_component_ref idref="oc-355"/>
      </symbol>
      <symbol id="sm-b70">
         <name>_xdc_runtime_Memory_calloc__E</name>
         <value>0x8a751</value>
         <object_component_ref idref="oc-2f8"/>
      </symbol>
      <symbol id="sm-b71">
         <name>_xdc_runtime_Memory_free__E</name>
         <value>0x8a685</value>
         <object_component_ref idref="oc-2fb"/>
      </symbol>
      <symbol id="sm-b72">
         <name>_xdc_runtime_Memory_valloc__E</name>
         <value>0x8a32e</value>
         <object_component_ref idref="oc-324"/>
      </symbol>
      <symbol id="sm-b73">
         <name>_xdc_runtime_Memory_alloc__E</name>
         <value>0x89925</value>
         <object_component_ref idref="oc-34c"/>
      </symbol>
      <symbol id="sm-b74">
         <name>_xdc_runtime_Memory_getMaxDefaultTypeAlign__E</name>
         <value>0x8a7d8</value>
         <object_component_ref idref="oc-37b"/>
      </symbol>
      <symbol id="sm-b96">
         <name>_xdc_runtime_Startup_startMods__I</name>
         <value>0x89312</value>
         <object_component_ref idref="oc-2b3"/>
      </symbol>
      <symbol id="sm-b97">
         <name>_xdc_runtime_Startup_rtsDone__E</name>
         <value>0x8a7dc</value>
         <object_component_ref idref="oc-26a"/>
      </symbol>
      <symbol id="sm-b98">
         <name>_xdc_runtime_Startup_exec__E</name>
         <value>0x89c6e</value>
         <object_component_ref idref="oc-236"/>
      </symbol>
      <symbol id="sm-c1c">
         <name>_xdc_runtime_System_formatNum__I</name>
         <value>0x89b77</value>
         <object_component_ref idref="oc-31f"/>
      </symbol>
      <symbol id="sm-c1d">
         <name>_xdc_runtime_System_exit__E</name>
         <value>0x8a666</value>
         <object_component_ref idref="oc-239"/>
      </symbol>
      <symbol id="sm-c1e">
         <name>_xdc_runtime_System_exitStd__E</name>
         <value>0x8a82b</value>
         <object_component_ref idref="oc-280"/>
      </symbol>
      <symbol id="sm-c1f">
         <name>_xdc_runtime_System_printf_va__F</name>
         <value>0x8a243</value>
         <object_component_ref idref="oc-2b4"/>
      </symbol>
      <symbol id="sm-c20">
         <name>_xdc_runtime_System_atexit__E</name>
         <value>0x89fef</value>
         <object_component_ref idref="oc-26d"/>
      </symbol>
      <symbol id="sm-c21">
         <name>_xdc_runtime_System_abortStd__E</name>
         <value>0x8a828</value>
         <object_component_ref idref="oc-33a"/>
      </symbol>
      <symbol id="sm-c22">
         <name>_xdc_runtime_System_putchar__I</name>
         <value>0x8a28c</value>
         <object_component_ref idref="oc-320"/>
      </symbol>
      <symbol id="sm-c23">
         <name>_xdc_runtime_System_snprintf_va__F</name>
         <value>0x8a68f</value>
         <object_component_ref idref="oc-3a9"/>
      </symbol>
      <symbol id="sm-c24">
         <name>_xdc_runtime_System_Module_startup__E</name>
         <value>0x8a819</value>
         <object_component_ref idref="oc-33c"/>
      </symbol>
      <symbol id="sm-c25">
         <name>_xdc_runtime_System_avprintf__E</name>
         <value>0x8a1f7</value>
         <object_component_ref idref="oc-38a"/>
      </symbol>
      <symbol id="sm-c26">
         <name>_xdc_runtime_System_vprintf__E</name>
         <value>0x8a243</value>
         <object_component_ref idref="oc-2b4"/>
      </symbol>
      <symbol id="sm-c27">
         <name>_xdc_runtime_System_aprintf_va__F</name>
         <value>0x8a1f7</value>
         <object_component_ref idref="oc-38a"/>
      </symbol>
      <symbol id="sm-c28">
         <name>_xdc_runtime_System_doPrint__I</name>
         <value>0x88000</value>
         <object_component_ref idref="oc-2e7"/>
      </symbol>
      <symbol id="sm-c29">
         <name>_xdc_runtime_System_processAtExit__E</name>
         <value>0x89f68</value>
         <object_component_ref idref="oc-261"/>
      </symbol>
      <symbol id="sm-c2a">
         <name>_xdc_runtime_System_vsnprintf__E</name>
         <value>0x8a68f</value>
         <object_component_ref idref="oc-3a9"/>
      </symbol>
      <symbol id="sm-c2b">
         <name>_xdc_runtime_System_abort__E</name>
         <value>0x8a5c4</value>
         <object_component_ref idref="oc-2e0"/>
      </symbol>
      <symbol id="sm-c49">
         <name>_xdc_runtime_SysMin_abort__E</name>
         <value>0x8a345</value>
         <object_component_ref idref="oc-339"/>
      </symbol>
      <symbol id="sm-c4a">
         <name>_xdc_runtime_SysMin_ready__E</name>
         <value>0x8a759</value>
         <object_component_ref idref="oc-31c"/>
      </symbol>
      <symbol id="sm-c4b">
         <name>_xdc_runtime_SysMin_flush__E</name>
         <value>0x89ed5</value>
         <object_component_ref idref="oc-2ed"/>
      </symbol>
      <symbol id="sm-c4c">
         <name>_xdc_runtime_SysMin_Module_startup__E</name>
         <value>0x8a4a0</value>
         <object_component_ref idref="oc-33d"/>
      </symbol>
      <symbol id="sm-c4d">
         <name>_xdc_runtime_SysMin_putch__E</name>
         <value>0x8a0fe</value>
         <object_component_ref idref="oc-364"/>
      </symbol>
      <symbol id="sm-c4e">
         <name>_xdc_runtime_SysMin_exit__E</name>
         <value>0x8a60d</value>
         <object_component_ref idref="oc-2b7"/>
      </symbol>
      <symbol id="sm-c88">
         <name>_xdc_runtime_Text_putLab__E</name>
         <value>0x898a4</value>
         <object_component_ref idref="oc-376"/>
      </symbol>
      <symbol id="sm-c89">
         <name>_xdc_runtime_Text_printVisFxn__I</name>
         <value>0x8a388</value>
         <object_component_ref idref="oc-3a8"/>
      </symbol>
      <symbol id="sm-c8a">
         <name>_xdc_runtime_Text_putMod__E</name>
         <value>0x89b0a</value>
         <object_component_ref idref="oc-388"/>
      </symbol>
      <symbol id="sm-c8b">
         <name>_xdc_runtime_Text_xprintf__I</name>
         <value>0x89e5c</value>
         <object_component_ref idref="oc-389"/>
      </symbol>
      <symbol id="sm-c8c">
         <name>_xdc_runtime_Text_ropeText__E</name>
         <value>0x8a699</value>
         <object_component_ref idref="oc-2d6"/>
      </symbol>
      <symbol id="sm-c8d">
         <name>_xdc_runtime_Text_putSite__E</name>
         <value>0x895f2</value>
         <object_component_ref idref="oc-362"/>
      </symbol>
      <symbol id="sm-c99">
         <name>___xdc__init</name>
         <value>0x8a7e3</value>
         <object_component_ref idref="oc-23a"/>
      </symbol>
      <symbol id="sm-cb9">
         <name>_xdc_runtime_Registry_findById__E</name>
         <value>0x8a4ec</value>
         <object_component_ref idref="oc-3a6"/>
      </symbol>
      <symbol id="sm-cd4">
         <name>_c_int00</name>
         <value>0x89460</value>
         <object_component_ref idref="oc-82"/>
      </symbol>
      <symbol id="sm-cd5">
         <name>__stack</name>
         <value>0x8960</value>
         <object_component_ref idref="oc-19a"/>
      </symbol>
      <symbol id="sm-cec">
         <name>_ti_catalog_c2800_initF2837x_Boot_initFlash</name>
         <value>0xb000</value>
         <object_component_ref idref="oc-2e1"/>
      </symbol>
      <symbol id="sm-ced">
         <name>_ti_catalog_c2800_initF2837x_Boot_defaultLimpAbortFunction</name>
         <value>0x88ce5</value>
         <object_component_ref idref="oc-2b0"/>
      </symbol>
      <symbol id="sm-cee">
         <name>_ti_catalog_c2800_initF2837x_Boot_configurePllDivs</name>
         <value>0x89747</value>
         <object_component_ref idref="oc-25a"/>
      </symbol>
      <symbol id="sm-cef">
         <name>_ti_catalog_c2800_initF2837x_Boot_initSharedRAMs</name>
         <value>0x8a721</value>
         <object_component_ref idref="oc-25b"/>
      </symbol>
      <symbol id="sm-cfb">
         <name>_ti_catalog_c2800_initF2837x_Boot_entry</name>
         <value>0x80000</value>
         <object_component_ref idref="oc-83"/>
      </symbol>
      <symbol id="sm-d17">
         <name>_asin</name>
         <value>0x884de</value>
         <object_component_ref idref="oc-286"/>
      </symbol>
      <symbol id="sm-d18">
         <name>_asinf</name>
         <value>0x884de</value>
         <object_component_ref idref="oc-286"/>
      </symbol>
      <symbol id="sm-d29">
         <name>_sqrtf</name>
         <value>0x89eae</value>
         <object_component_ref idref="oc-289"/>
      </symbol>
      <symbol id="sm-d2b">
         <name>_sqrt</name>
         <value>0x89eae</value>
         <object_component_ref idref="oc-289"/>
      </symbol>
      <symbol id="sm-d39">
         <name>_cos</name>
         <value>0x8952f</value>
         <object_component_ref idref="oc-285"/>
      </symbol>
      <symbol id="sm-d3a">
         <name>_cosf</name>
         <value>0x8952f</value>
         <object_component_ref idref="oc-285"/>
      </symbol>
      <symbol id="sm-d48">
         <name>_sin</name>
         <value>0x89652</value>
         <object_component_ref idref="oc-282"/>
      </symbol>
      <symbol id="sm-d49">
         <name>_sinf</name>
         <value>0x89652</value>
         <object_component_ref idref="oc-282"/>
      </symbol>
      <symbol id="sm-d62">
         <name>_sqrtl</name>
         <value>0x88ce6</value>
         <object_component_ref idref="oc-2ba"/>
      </symbol>
      <symbol id="sm-d7e">
         <name>FD$$ADD</name>
         <value>0x88b1b</value>
         <object_component_ref idref="oc-1c3"/>
      </symbol>
      <symbol id="sm-d8e">
         <name>FD$$CMP</name>
         <value>0x89e32</value>
         <object_component_ref idref="oc-1c8"/>
      </symbol>
      <symbol id="sm-da0">
         <name>FD$$MPY</name>
         <value>0x88f9e</value>
         <object_component_ref idref="oc-1cd"/>
      </symbol>
      <symbol id="sm-dac">
         <name>FD$$SUB</name>
         <value>0x8a541</value>
         <object_component_ref idref="oc-1d2"/>
      </symbol>
      <symbol id="sm-dbd">
         <name>FS$$DIV</name>
         <value>0x88e93</value>
         <object_component_ref idref="oc-1d7"/>
      </symbol>
      <symbol id="sm-de9">
         <name>ULL$$MOD</name>
         <value>0x8847c</value>
         <object_component_ref idref="oc-1dc"/>
      </symbol>
      <symbol id="sm-dea">
         <name>ULL$$DIV</name>
         <value>0x8844d</value>
         <object_component_ref idref="oc-1dc"/>
      </symbol>
      <symbol id="sm-deb">
         <name>LL$$MOD</name>
         <value>0x88413</value>
         <object_component_ref idref="oc-1dc"/>
      </symbol>
      <symbol id="sm-dec">
         <name>LL$$DIV</name>
         <value>0x883d7</value>
         <object_component_ref idref="oc-1dc"/>
      </symbol>
      <symbol id="sm-dfc">
         <name>FS$$TOFD</name>
         <value>0x8a170</value>
         <object_component_ref idref="oc-1e1"/>
      </symbol>
      <symbol id="sm-e0c">
         <name>FD$$TOFS</name>
         <value>0x89f8b</value>
         <object_component_ref idref="oc-1e6"/>
      </symbol>
      <symbol id="sm-e1b">
         <name>_copy_in</name>
         <value>0x89f44</value>
         <object_component_ref idref="oc-235"/>
      </symbol>
      <symbol id="sm-e2d">
         <name>_memcpy</name>
         <value>0x8a11b</value>
         <object_component_ref idref="oc-25c"/>
      </symbol>
      <symbol id="sm-e3a">
         <name>__system_pre_init</name>
         <value>0x8a83d</value>
         <object_component_ref idref="oc-233"/>
      </symbol>
      <symbol id="sm-e48">
         <name>__system_post_cinit</name>
         <value>0x8a844</value>
         <object_component_ref idref="oc-237"/>
      </symbol>
      <symbol id="sm-e5d">
         <name>C$$EXIT</name>
         <value>0x89e85</value>
         <object_component_ref idref="oc-2b8"/>
      </symbol>
      <symbol id="sm-e5e">
         <name>_exit</name>
         <value>0x89e87</value>
         <object_component_ref idref="oc-2b8"/>
      </symbol>
      <symbol id="sm-e60">
         <name>___TI_cleanup_ptr</name>
         <value>0x7b2</value>
         <object_component_ref idref="oc-201"/>
      </symbol>
      <symbol id="sm-e61">
         <name>___TI_enable_exit_profile_output</name>
         <value>0x7b0</value>
         <object_component_ref idref="oc-201"/>
      </symbol>
      <symbol id="sm-e62">
         <name>_abort</name>
         <value>0x89e85</value>
         <object_component_ref idref="oc-2b8"/>
      </symbol>
      <symbol id="sm-e64">
         <name>___TI_dtors_ptr</name>
         <value>0x7b4</value>
         <object_component_ref idref="oc-201"/>
      </symbol>
      <symbol id="sm-e78">
         <name>__unlock</name>
         <value>0x7b8</value>
         <object_component_ref idref="oc-2c8"/>
      </symbol>
      <symbol id="sm-e79">
         <name>__lock</name>
         <value>0x7b6</value>
         <object_component_ref idref="oc-2c9"/>
      </symbol>
      <symbol id="sm-e7a">
         <name>__register_lock</name>
         <value>0x8a71c</value>
         <object_component_ref idref="oc-294"/>
      </symbol>
      <symbol id="sm-e7c">
         <name>__nop</name>
         <value>0x8a720</value>
         <object_component_ref idref="oc-294"/>
      </symbol>
      <symbol id="sm-e7e">
         <name>__register_unlock</name>
         <value>0x8a718</value>
         <object_component_ref idref="oc-294"/>
      </symbol>
      <symbol id="sm-e8e">
         <name>__args_main</name>
         <value>0x8a44b</value>
         <object_component_ref idref="oc-238"/>
      </symbol>
      <symbol id="sm-e9d">
         <name>_memset</name>
         <value>0x8a78c</value>
         <object_component_ref idref="oc-34d"/>
      </symbol>
      <symbol id="sm-eb4">
         <name>_strlen</name>
         <value>0x8a761</value>
         <object_component_ref idref="oc-31e"/>
      </symbol>
      <symbol id="sm-ebf">
         <name>_errno</name>
         <value>0x7be</value>
         <object_component_ref idref="oc-221"/>
      </symbol>
      <symbol id="sm-ecc">
         <name>_HOSTwrite</name>
         <value>0x89ad1</value>
         <object_component_ref idref="oc-379"/>
      </symbol>
      <symbol id="sm-ee6">
         <name>___TI_readmsg</name>
         <value>0x88ca8</value>
         <object_component_ref idref="oc-399"/>
      </symbol>
      <symbol id="sm-ee8">
         <name>C$$IO$$</name>
         <value>0x88ca3</value>
         <object_component_ref idref="oc-399"/>
      </symbol>
      <symbol id="sm-ee9">
         <name>__CIOBUF_</name>
         <value>0x8840</value>
         <object_component_ref idref="oc-229"/>
      </symbol>
      <symbol id="sm-eea">
         <name>___TI_writemsg</name>
         <value>0x88c50</value>
         <object_component_ref idref="oc-399"/>
      </symbol>
      <symbol id="sm-ef7">
         <name>_parmbuf</name>
         <value>0x798</value>
         <object_component_ref idref="oc-398"/>
      </symbol>
   </symbol_table>
   <title>Link successful</title>
</link_info>
